Archive member included because of file (symbol)

contiki-sky.a(servreg-hack.o)
                              unicast-receiver.co (servreg_hack_init)
contiki-sky.a(contiki-sky-pla)
                              obj_sky/contiki-sky-main.o (init_platform)
contiki-sky.a(ds2411.o)       obj_sky/contiki-sky-main.o (ds2411_init)
contiki-sky.a(xmem.o)         obj_sky/contiki-sky-main.o (xmem_init)
contiki-sky.a(node-id.o)      obj_sky/contiki-sky-main.o (node_id_restore)
contiki-sky.a(sensors.o)      contiki-sky.a(contiki-sky-pla) (sensors_process)
contiki-sky.a(cc2420.o)       obj_sky/contiki-sky-main.o (cc2420_set_pan_addr)
contiki-sky.a(cc2420-arch.o)  contiki-sky.a(cc2420.o) (cc2420_arch_init)
contiki-sky.a(uart1.o)        obj_sky/contiki-sky-main.o (uart1_active)
contiki-sky.a(uart1-putchar.o)
                              unicast-receiver.co (putchar)
contiki-sky.a(msp430.o)       contiki-sky.a(uart1.o) (msp430_add_lpm_req)
contiki-sky.a(clock.o)        obj_sky/contiki-sky-main.o (clock_init)
contiki-sky.a(leds.o)         obj_sky/contiki-sky-main.o (leds_init)
contiki-sky.a(leds-arch.o)    contiki-sky.a(leds.o) (leds_arch_init)
contiki-sky.a(watchdog.o)     obj_sky/contiki-sky-main.o (watchdog_start)
contiki-sky.a(rtimer-arch.o)  obj_sky/contiki-sky-main.o (rtimer_arch_now)
contiki-sky.a(autostart.o)    obj_sky/contiki-sky-main.o (autostart_start)
contiki-sky.a(energest.o)     obj_sky/contiki-sky-main.o (energest_init)
contiki-sky.a(ctimer.o)       obj_sky/contiki-sky-main.o (ctimer_init)
contiki-sky.a(etimer.o)       contiki-sky.a(clock.o) (etimer_request_poll)
contiki-sky.a(process.o)      contiki-sky.a(servreg-hack.o) (process_current)
contiki-sky.a(rtimer.o)       obj_sky/contiki-sky-main.o (rtimer_init)
contiki-sky.a(timer.o)        obj_sky/contiki-sky-main.o (timer_set)
contiki-sky.a(list.o)         contiki-sky.a(servreg-hack.o) (list_init)
contiki-sky.a(memb.o)         contiki-sky.a(servreg-hack.o) (memb_init)
contiki-sky.a(random.o)       obj_sky/contiki-sky-main.o (random_init)
contiki-sky.a(uip-ds6.o)      unicast-receiver.co (uip_ds6_addr_lookup)
contiki-sky.a(uip-ds6-route.o)
                              contiki-sky.a(uip-ds6.o) (uip_ds6_route_init)
contiki-sky.a(uip6.o)         contiki-sky.a(servreg-hack.o) (uip_appdata)
contiki-sky.a(uip-ds6-nbr.o)  contiki-sky.a(uip-ds6.o) (uip_ds6_neighbors_init)
contiki-sky.a(uip-nd6.o)      contiki-sky.a(uip6.o) (uip_nd6_init)
contiki-sky.a(sicslowpan.o)   obj_sky/contiki-sky-main.o (sicslowpan_driver)
contiki-sky.a(uip-udp-packet.)
                              contiki-sky.a(servreg-hack.o) (uip_udp_packet_send)
contiki-sky.a(tcpip.o)        contiki-sky.a(sicslowpan.o) (tcpip_set_outputfunc)
contiki-sky.a(simple-udp.o)   unicast-receiver.co (simple_udp_register)
contiki-sky.a(uip-debug.o)    unicast-receiver.co (uip_debug_ipaddr_print)
contiki-sky.a(rpl-ext-header.)
                              contiki-sky.a(uip6.o) (rpl_verify_hbh_header)
contiki-sky.a(rpl.o)          contiki-sky.a(uip-ds6-nbr.o) (rpl_link_neighbor_callback)
contiki-sky.a(rpl-dag.o)      contiki-sky.a(rpl-ext-header.) (rpl_parents)
contiki-sky.a(framer-802154.o)
                              contiki-sky.a(sicslowpan.o) (framer_802154)
contiki-sky.a(frame802154.o)  contiki-sky.a(framer-802154.o) (frame802154_get_pan_id)
contiki-sky.a(csma.o)         obj_sky/contiki-sky-main.o (csma_driver)
contiki-sky.a(nullrdc.o)      obj_sky/contiki-sky-main.o (nullrdc_driver)
contiki-sky.a(queuebuf.o)     obj_sky/contiki-sky-main.o (queuebuf_init)
contiki-sky.a(nbr-table.o)    contiki-sky.a(uip-ds6-route.o) (nbr_table_register)
contiki-sky.a(packetbuf.o)    contiki-sky.a(framer-802154.o) (packetbuf_hdrreduce)
contiki-sky.a(linkaddr.o)     obj_sky/contiki-sky-main.o (linkaddr_copy)
contiki-sky.a(link-stats.o)   contiki-sky.a(rpl-dag.o) (link_stats_from_lladdr)
contiki-sky.a(nullsec.o)      obj_sky/contiki-sky-main.o (nullsec_driver)
contiki-sky.a(wur.o)          contiki-sky.a(sensors.o) (sensors_flags)
contiki-sky.a(spi.o)          contiki-sky.a(xmem.o) (spi_init)
contiki-sky.a(stimer.o)       contiki-sky.a(uip-ds6.o) (stimer_set)
contiki-sky.a(uip-icmp6.o)    contiki-sky.a(uip6.o) (uip_icmp6_input)
contiki-sky.a(rpl-icmp6.o)    contiki-sky.a(rpl-dag.o) (rpl_icmp6_update_nbr_table)
contiki-sky.a(rpl-timers.o)   contiki-sky.a(rpl.o) (rpl_reset_periodic_timer)
contiki-sky.a(rpl-nbr-policy.)
                              contiki-sky.a(nbr-table.o) (rpl_nbr_policy_find_removable)
contiki-sky.a(rpl-mrhof.o)    contiki-sky.a(rpl-dag.o) (rpl_mrhof)
contiki-sky.a(mac.o)          contiki-sky.a(csma.o) (mac_call_sent_callback)
/usr/lib/gcc/msp430/4.6.3/mmpy-16/libgcc.a(_mulsi3.o)
                              contiki-sky.a(rpl.o) (__mulsi3)
/usr/lib/gcc/msp430/4.6.3/mmpy-16/libgcc.a(_udivmod16.o)
                              contiki-sky.a(rpl-dag.o) (__udivhi3)
/usr/lib/gcc/msp430/4.6.3/mmpy-16/libgcc.a(_divmod16.o)
                              contiki-sky.a(sicslowpan.o) (__divhi3)
[...]
Memory Configuration

Name             Origin             Length             Attributes
sfr              0x0000000000000000 0x0000000000000010
peripheral_8bit  0x0000000000000010 0x00000000000000f0
peripheral_16bit 0x0000000000000100 0x0000000000000100
ram_mirror       0x0000000000000200 0x0000000000000800 xw
infomem          0x0000000000001000 0x0000000000000100
infob            0x0000000000001000 0x0000000000000080
infoa            0x0000000000001080 0x0000000000000080
ram              0x0000000000001100 0x0000000000002800 xw
rom              0x0000000000004000 0x000000000000bfe0 xr
vectors          0x000000000000ffe0 0x0000000000000020
bsl              0x0000000000000000 0x0000000000000000
infoc            0x0000000000000000 0x0000000000000000
infod            0x0000000000000000 0x0000000000000000
ram2             0x0000000000000000 0x0000000000000000 xw
usbram           0x0000000000000000 0x0000000000000000 xw
far_rom          0x0000000000000000 0x0000000000000000
*default*        0x0000000000000000 0xffffffffffffffff

Linker script and memory map

LOAD /usr/lib/gcc/msp430/4.6.3/mmpy-16/crt0ivtbl16.o
LOAD unicast-receiver.co
LOAD obj_sky/contiki-sky-main.o
LOAD contiki-sky.a
LOAD /usr/lib/gcc/msp430/4.6.3/mmpy-16/libgcc.a
LOAD /usr/lib/gcc/msp430/4.6.3/../../../../msp430/lib/mmpy-16/libc.a
LOAD /usr/lib/gcc/msp430/4.6.3/mmpy-16/libgcc.a
LOAD /usr/lib/gcc/msp430/4.6.3/mmpy-16/libcrt0.a
                0x0000000000000080                PROVIDE (__info_segment_size, 0x80)
                0x0000000000001000                PROVIDE (__infob, 0x1000)
                0x0000000000001080                PROVIDE (__infoa, 0x1080)
                0x0000000000000000                __IE1 = 0x0
                0x0000000000000002                __IFG1 = 0x2
                0x0000000000000004                __ME1 = 0x4
                0x0000000000000001                __IE2 = 0x1
                0x0000000000000003                __IFG2 = 0x3
                0x0000000000000005                __ME2 = 0x5
                0x0000000000000120                __WDTCTL = 0x120
                0x0000000000000130                __MPY = 0x130
                0x0000000000000132                __MPYS = 0x132
                0x0000000000000134                __MAC = 0x134
                0x0000000000000136                __MACS = 0x136
                0x0000000000000138                __OP2 = 0x138
                0x000000000000013a                __RESLO = 0x13a
                0x000000000000013c                __RESHI = 0x13c
                0x000000000000013e                __SUMEXT = 0x13e
                0x0000000000000020                __P1IN = 0x20
                0x0000000000000021                __P1OUT = 0x21
                0x0000000000000022                __P1DIR = 0x22
                0x0000000000000023                __P1IFG = 0x23
                0x0000000000000024                __P1IES = 0x24
                0x0000000000000025                __P1IE = 0x25
                0x0000000000000026                __P1SEL = 0x26
                0x0000000000000028                __P2IN = 0x28
                0x0000000000000029                __P2OUT = 0x29
                0x000000000000002a                __P2DIR = 0x2a
                0x000000000000002b                __P2IFG = 0x2b
                0x000000000000002c                __P2IES = 0x2c
                0x000000000000002d                __P2IE = 0x2d
                0x000000000000002e                __P2SEL = 0x2e
                0x0000000000000018                __P3IN = 0x18
                0x0000000000000019                __P3OUT = 0x19
                0x000000000000001a                __P3DIR = 0x1a
                0x000000000000001b                __P3SEL = 0x1b
                0x000000000000001c                __P4IN = 0x1c
                0x000000000000001d                __P4OUT = 0x1d
                0x000000000000001e                __P4DIR = 0x1e
                0x000000000000001f                __P4SEL = 0x1f
                0x0000000000000030                __P5IN = 0x30
                0x0000000000000031                __P5OUT = 0x31
                0x0000000000000032                __P5DIR = 0x32
                0x0000000000000033                __P5SEL = 0x33
                0x0000000000000034                __P6IN = 0x34
                0x0000000000000035                __P6OUT = 0x35
                0x0000000000000036                __P6DIR = 0x36
                0x0000000000000037                __P6SEL = 0x37
                0x0000000000000070                __U0CTL = 0x70
                0x0000000000000071                __U0TCTL = 0x71
                0x0000000000000072                __U0RCTL = 0x72
                0x0000000000000073                __U0MCTL = 0x73
                0x0000000000000074                __U0BR0 = 0x74
                0x0000000000000075                __U0BR1 = 0x75
                0x0000000000000076                __U0RXBUF = 0x76
                0x0000000000000077                __U0TXBUF = 0x77
                0x0000000000000078                __U1CTL = 0x78
                0x0000000000000079                __U1TCTL = 0x79
                0x000000000000007a                __U1RCTL = 0x7a
                0x000000000000007b                __U1MCTL = 0x7b
                0x000000000000007c                __U1BR0 = 0x7c
                0x000000000000007d                __U1BR1 = 0x7d
                0x000000000000007e                __U1RXBUF = 0x7e
                0x000000000000007f                __U1TXBUF = 0x7f
                0x0000000000000050                __I2CIE = 0x50
                0x0000000000000051                __I2CIFG = 0x51
                0x0000000000000052                __I2CNDAT = 0x52
                0x0000000000000071                __I2CTCTL = 0x71
                0x0000000000000072                __I2CDCTL = 0x72
                0x0000000000000073                __I2CPSC = 0x73
                0x0000000000000074                __I2CSCLH = 0x74
                0x0000000000000075                __I2CSCLL = 0x75
                0x0000000000000076                __I2CDRB = 0x76
                0x0000000000000076                __I2CDRW = 0x76
                0x0000000000000118                __I2COA = 0x118
                0x000000000000011a                __I2CSA = 0x11a
                0x000000000000011c                __I2CIV = 0x11c
                0x000000000000012e                __TAIV = 0x12e
                0x0000000000000160                __TACTL = 0x160
                0x0000000000000162                __TACCTL0 = 0x162
                0x0000000000000164                __TACCTL1 = 0x164
                0x0000000000000166                __TACCTL2 = 0x166
                0x0000000000000170                __TAR = 0x170
                0x0000000000000172                __TACCR0 = 0x172
                0x0000000000000174                __TACCR1 = 0x174
                0x0000000000000176                __TACCR2 = 0x176
                0x000000000000011e                __TBIV = 0x11e
                0x0000000000000180                __TBCTL = 0x180
                0x0000000000000182                __TBCCTL0 = 0x182
                0x0000000000000184                __TBCCTL1 = 0x184
                0x0000000000000186                __TBCCTL2 = 0x186
                0x0000000000000188                __TBCCTL3 = 0x188
                0x000000000000018a                __TBCCTL4 = 0x18a
                0x000000000000018c                __TBCCTL5 = 0x18c
                0x000000000000018e                __TBCCTL6 = 0x18e
                0x0000000000000190                __TBR = 0x190
                0x0000000000000192                __TBCCR0 = 0x192
                0x0000000000000194                __TBCCR1 = 0x194
                0x0000000000000196                __TBCCR2 = 0x196
                0x0000000000000198                __TBCCR3 = 0x198
                0x000000000000019a                __TBCCR4 = 0x19a
                0x000000000000019c                __TBCCR5 = 0x19c
                0x000000000000019e                __TBCCR6 = 0x19e
                0x0000000000000056                __DCOCTL = 0x56
                0x0000000000000057                __BCSCTL1 = 0x57
                0x0000000000000058                __BCSCTL2 = 0x58
                0x0000000000000055                __SVSCTL = 0x55
                0x0000000000000128                __FCTL1 = 0x128
                0x000000000000012a                __FCTL2 = 0x12a
                0x000000000000012c                __FCTL3 = 0x12c
                0x0000000000000059                __CACTL1 = 0x59
                0x000000000000005a                __CACTL2 = 0x5a
                0x000000000000005b                __CAPD = 0x5b
                0x00000000000001a0                __ADC12CTL0 = 0x1a0
                0x00000000000001a2                __ADC12CTL1 = 0x1a2
                0x00000000000001a4                __ADC12IFG = 0x1a4
                0x00000000000001a6                __ADC12IE = 0x1a6
                0x00000000000001a8                __ADC12IV = 0x1a8
                0x0000000000000140                __ADC12MEM0 = 0x140
                0x0000000000000142                __ADC12MEM1 = 0x142
                0x0000000000000144                __ADC12MEM2 = 0x144
                0x0000000000000146                __ADC12MEM3 = 0x146
                0x0000000000000148                __ADC12MEM4 = 0x148
                0x000000000000014a                __ADC12MEM5 = 0x14a
                0x000000000000014c                __ADC12MEM6 = 0x14c
                0x000000000000014e                __ADC12MEM7 = 0x14e
                0x0000000000000150                __ADC12MEM8 = 0x150
                0x0000000000000152                __ADC12MEM9 = 0x152
                0x0000000000000154                __ADC12MEM10 = 0x154
                0x0000000000000156                __ADC12MEM11 = 0x156
                0x0000000000000158                __ADC12MEM12 = 0x158
                0x000000000000015a                __ADC12MEM13 = 0x15a
                0x000000000000015c                __ADC12MEM14 = 0x15c
                0x000000000000015e                __ADC12MEM15 = 0x15e
                0x0000000000000080                __ADC12MCTL0 = 0x80
                0x0000000000000081                __ADC12MCTL1 = 0x81
                0x0000000000000082                __ADC12MCTL2 = 0x82
                0x0000000000000083                __ADC12MCTL3 = 0x83
                0x0000000000000084                __ADC12MCTL4 = 0x84
                0x0000000000000085                __ADC12MCTL5 = 0x85
                0x0000000000000086                __ADC12MCTL6 = 0x86
                0x0000000000000087                __ADC12MCTL7 = 0x87
                0x0000000000000088                __ADC12MCTL8 = 0x88
                0x0000000000000089                __ADC12MCTL9 = 0x89
                0x000000000000008a                __ADC12MCTL10 = 0x8a
                0x000000000000008b                __ADC12MCTL11 = 0x8b
                0x000000000000008c                __ADC12MCTL12 = 0x8c
                0x000000000000008d                __ADC12MCTL13 = 0x8d
                0x000000000000008e                __ADC12MCTL14 = 0x8e
                0x000000000000008f                __ADC12MCTL15 = 0x8f
                0x00000000000001c0                __DAC12_0CTL = 0x1c0
                0x00000000000001c2                __DAC12_1CTL = 0x1c2
                0x00000000000001c8                __DAC12_0DAT = 0x1c8
                0x00000000000001ca                __DAC12_1DAT = 0x1ca
                0x0000000000000122                __DMACTL0 = 0x122
                0x0000000000000124                __DMACTL1 = 0x124
                0x00000000000001e0                __DMA0CTL = 0x1e0
                0x00000000000001e8                __DMA1CTL = 0x1e8
                0x00000000000001f0                __DMA2CTL = 0x1f0
                0x00000000000001e2                __DMA0SA = 0x1e2
                0x00000000000001e4                __DMA0DA = 0x1e4
                0x00000000000001e6                __DMA0SZ = 0x1e6
                0x00000000000001ea                __DMA1SA = 0x1ea
                0x00000000000001ec                __DMA1DA = 0x1ec
                0x00000000000001ee                __DMA1SZ = 0x1ee
                0x00000000000001f2                __DMA2SA = 0x1f2
                0x00000000000001f4                __DMA2DA = 0x1f4
                0x00000000000001f6                __DMA2SZ = 0x1f6

.hash
 *(.hash)

.dynsym
 *(.dynsym)

.dynstr
 *(.dynstr)

.gnu.version
 *(.gnu.version)

.gnu.version_d
 *(.gnu.version_d)

.gnu.version_r
 *(.gnu.version_r)

.rel.init
 *(.rel.init)

.rela.init
 *(.rela.init)

.rel.fini
 *(.rel.fini)

.rela.fini
 *(.rela.fini)

.rel.text
 *(.rel.text .rel.text.* .rel.gnu.linkonce.t.*)

.rela.text
 *(.rela.text .rela.text.* .rela.gnu.linkonce.t.*)

.rel.rodata
 *(.rel.rodata .rel.rodata.* .rel.gnu.linkonce.r.*)

.rela.rodata
 *(.rela.rodata .rela.rodata.* .rela.gnu.linkonce.r.*)

.rel.data
 *(.rel.data .rel.data.* .rel.gnu.linkonce.d.*)

.rela.data
 *(.rela.data .rela.data.* .rela.gnu.linkonce.d.*)

.rel.bss
 *(.rel.bss .rel.bss.* .rel.gnu.linkonce.b.*)

.rela.bss
 *(.rela.bss .rela.bss.* .rela.gnu.linkonce.b.*)

.rel.ctors
 *(.rel.ctors)

.rela.ctors
 *(.rela.ctors)

.rel.dtors
 *(.rel.dtors)

.rela.dtors
 *(.rela.dtors)

.rel.got
 *(.rel.got)

.rela.got
 *(.rela.got)

.rel.plt
 *(.rel.plt)

.rela.plt
 *(.rela.plt)

.text           0x0000000000004000     0xb1de
                0x0000000000004000                . = ALIGN (0x2)
 *(.init .init.*)
 *(.init0)
 .init0         0x0000000000004000        0x0 /usr/lib/gcc/msp430/4.6.3/mmpy-16/libcrt0.a(_reset_vector__.o)
                0x0000000000004000                _reset_vector__
 *(.init1)
 .init1         0x0000000000004000        0xc /usr/lib/gcc/msp430/4.6.3/mmpy-16/libcrt0.a(__watchdog_support.o)
                0x0000000000004000                __watchdog_support
 *(.init2)
 .init2         0x000000000000400c        0x4 /usr/lib/gcc/msp430/4.6.3/mmpy-16/libcrt0.a(__init_stack.o)
                0x000000000000400c                __init_stack
 *(.init3)
 .init3         0x0000000000004010        0x0 /usr/lib/gcc/msp430/4.6.3/mmpy-16/libcrt0.a(__low_level_init.o)
                0x0000000000004010                __low_level_init
 *(.init4)
 .init4         0x0000000000004010       0x18 /usr/lib/gcc/msp430/4.6.3/mmpy-16/libcrt0.a(_copy_data.o)
                0x0000000000004010                __do_copy_data
 .init4         0x0000000000004028       0x16 /usr/lib/gcc/msp430/4.6.3/mmpy-16/libcrt0.a(_clear_bss.o)
                0x0000000000004028                __do_clear_bss
 *(.init5)
 *(.init6)
 *(.init7)
 *(.init8)
 *(.init9)
 .init9         0x000000000000403e      0x340 obj_sky/contiki-sky-main.o
                0x000000000000403e                main
 *(.fini9)
 .fini9         0x000000000000437e        0x0 /usr/lib/gcc/msp430/4.6.3/mmpy-16/libcrt0.a(__stop_progExec__.o)
                0x000000000000437e                __stop_progExec__
 *(.fini8)
 *(.fini7)
 *(.fini6)
 *(.fini5)
 *(.fini4)
 *(.fini3)
 *(.fini2)
 *(.fini1)
 *(.fini0)
 .fini0         0x000000000000437e        0x6 /usr/lib/gcc/msp430/4.6.3/mmpy-16/libcrt0.a(_endless_loop__.o)
                0x000000000000437e                _endless_loop__
 *(.fini .fini.*)
                0x0000000000004384                . = ALIGN (0x2)
                0x0000000000004384                __ctors_start = .
 *(.ctors)
                0x0000000000004384                __ctors_end = .
                0x0000000000004384                __dtors_start = .
 *(.dtors)
                0x0000000000004384                __dtors_end = .
                0x0000000000004384                . = ALIGN (0x2)
 *(.text .text.* .gnu.linkonce.t.*)
 .text          0x0000000000004384        0x4 /usr/lib/gcc/msp430/4.6.3/mmpy-16/crt0ivtbl16.o
                0x0000000000004384                __isr_14
                0x0000000000004384                __isr_11
                0x0000000000004384                __isr_2
                0x0000000000004384                __isr_7
                0x0000000000004384                __isr_0
                0x0000000000004384                __isr_8
                0x0000000000004384                __isr_3
                0x0000000000004384                __isr_12
                0x0000000000004384                __isr_13
                0x0000000000004384                __isr_9
 .text.receiver
                0x0000000000004388       0x38 unicast-receiver.co
 .text.process_thread_unicast_receiver_process
                0x00000000000043c0      0x136 unicast-receiver.co
 .text.purge_registrations
                0x00000000000044f6       0x7e contiki-sky.a(servreg-hack.o)
 .text.servreg_hack_init
                0x0000000000004574       0x2e contiki-sky.a(servreg-hack.o)
                0x0000000000004574                servreg_hack_init
 .text.servreg_hack_register
                0x00000000000045a2       0x9a contiki-sky.a(servreg-hack.o)
                0x00000000000045a2                servreg_hack_register
 .text.servreg_hack_list_head
                0x000000000000463c        0xe contiki-sky.a(servreg-hack.o)
                0x000000000000463c                servreg_hack_list_head
 .text.process_thread_servreg_hack_process
                0x000000000000464a      0x230 contiki-sky.a(servreg-hack.o)
 .text.init_platform
                0x000000000000487a        0xc contiki-sky.a(contiki-sky-pla)
                0x000000000000487a                init_platform
 .text.owreadb  0x0000000000004886       0x52 contiki-sky.a(ds2411.o)
 .text.ds2411_init
                0x00000000000048d8      0x122 contiki-sky.a(ds2411.o)
                0x00000000000048d8                ds2411_init
 .text.wait_ready
                0x00000000000049fa       0x50 contiki-sky.a(xmem.o)
 .text.xmem_init
                0x0000000000004a4a       0x3e contiki-sky.a(xmem.o)
                0x0000000000004a4a                xmem_init
 .text.xmem_pread
                0x0000000000004a88       0xea contiki-sky.a(xmem.o)
                0x0000000000004a88                xmem_pread
 .text.node_id_restore
                0x0000000000004b72       0x38 contiki-sky.a(node-id.o)
                0x0000000000004b72                node_id_restore
 .text.process_thread_sensors_process
                0x0000000000004baa       0xbe contiki-sky.a(sensors.o)
 .text.sensors_changed
                0x0000000000004c68       0x2a contiki-sky.a(sensors.o)
                0x0000000000004c68                sensors_changed
 .text.get_object
                0x0000000000004c92        0x4 contiki-sky.a(cc2420.o)
 .text.set_object
                0x0000000000004c96        0x4 contiki-sky.a(cc2420.o)
 .text.strobe   0x0000000000004c9a       0x20 contiki-sky.a(cc2420.o)
 .text.getreg   0x0000000000004cba       0x54 contiki-sky.a(cc2420.o)
 .text.setreg   0x0000000000004d0e       0x52 contiki-sky.a(cc2420.o)
 .text.write_ram
                0x0000000000004d60       0x80 contiki-sky.a(cc2420.o)
 .text.write_fifo_buf
                0x0000000000004de0       0x40 contiki-sky.a(cc2420.o)
 .text.get_status
                0x0000000000004e20       0x24 contiki-sky.a(cc2420.o)
 .text.set_txpower
                0x0000000000004e44       0x26 contiki-sky.a(cc2420.o)
 .text.cc2420_receiving_packet
                0x0000000000004e6a        0xe contiki-sky.a(cc2420.o)
 .text.pending_packet
                0x0000000000004e78        0x8 contiki-sky.a(cc2420.o)
 .text.on       0x0000000000004e80       0x26 contiki-sky.a(cc2420.o)
 .text.wait_for_transmission
                0x0000000000004ea6       0x22 contiki-sky.a(cc2420.o)
 .text.wait_for_status
                0x0000000000004ec8       0x2a contiki-sky.a(cc2420.o)
 .text.getrxdata
                0x0000000000004ef2       0x56 contiki-sky.a(cc2420.o)
 .text.flushrx  0x0000000000004f48       0x1a contiki-sky.a(cc2420.o)
 .text.off      0x0000000000004f62       0x62 contiki-sky.a(cc2420.o)
 .text.RELEASE_LOCK
                0x0000000000004fc4       0x28 contiki-sky.a(cc2420.o)
 .text.set_key  0x0000000000004fec       0x18 contiki-sky.a(cc2420.o)
 .text.set_frame_filtering
                0x0000000000005004       0x30 contiki-sky.a(cc2420.o)
 .text.set_auto_ack
                0x0000000000005034       0x30 contiki-sky.a(cc2420.o)
 .text.set_poll_mode
                0x0000000000005064       0x36 contiki-sky.a(cc2420.o)
 .text.cc2420_prepare
                0x000000000000509a       0x3c contiki-sky.a(cc2420.o)
 .text.cc2420_on
                0x00000000000050d6       0x22 contiki-sky.a(cc2420.o)
                0x00000000000050d6                cc2420_on
 .text.cc2420_off
                0x00000000000050f8       0x30 contiki-sky.a(cc2420.o)
                0x00000000000050f8                cc2420_off
 .text.cc2420_cca
                0x0000000000005128       0x5e contiki-sky.a(cc2420.o)
 .text.cc2420_read
                0x0000000000005186       0xc0 contiki-sky.a(cc2420.o)
 .text.process_thread_cc2420_process
                0x0000000000005246       0x58 contiki-sky.a(cc2420.o)
 .text.encrypt  0x000000000000529e       0x8e contiki-sky.a(cc2420.o)
 .text.cc2420_set_channel
                0x000000000000532c       0x3c contiki-sky.a(cc2420.o)
                0x000000000000532c                cc2420_set_channel
 .text.cc2420_set_pan_addr
                0x0000000000005368       0x4c contiki-sky.a(cc2420.o)
                0x0000000000005368                cc2420_set_pan_addr
 .text.cc2420_interrupt
                0x00000000000053b4       0x18 contiki-sky.a(cc2420.o)
                0x00000000000053b4                cc2420_interrupt
 .text.cc2420_set_txpower
                0x00000000000053cc        0xe contiki-sky.a(cc2420.o)
                0x00000000000053cc                cc2420_set_txpower
 .text.cc2420_get_txpower
                0x00000000000053da       0x1e contiki-sky.a(cc2420.o)
                0x00000000000053da                cc2420_get_txpower
 .text.cc2420_transmit
                0x00000000000053f8      0x114 contiki-sky.a(cc2420.o)
 .text.cc2420_send
                0x000000000000550c       0x12 contiki-sky.a(cc2420.o)
 .text.cc2420_rssi
                0x000000000000551e       0x4c contiki-sky.a(cc2420.o)
                0x000000000000551e                cc2420_rssi
 .text.get_value
                0x000000000000556a      0x108 contiki-sky.a(cc2420.o)
 .text.cc2420_set_cca_threshold
                0x0000000000005672       0x16 contiki-sky.a(cc2420.o)
                0x0000000000005672                cc2420_set_cca_threshold
 .text.set_value
                0x0000000000005688       0xba contiki-sky.a(cc2420.o)
 .text.cc2420_init
                0x0000000000005742       0xf0 contiki-sky.a(cc2420.o)
                0x0000000000005742                cc2420_init
 .text.cc2420_port1_interrupt
                0x0000000000005832       0x62 contiki-sky.a(cc2420-arch.o)
                0x0000000000005832                __isr_4
                0x0000000000005832                cc2420_port1_interrupt
 .text.cc2420_arch_init
                0x0000000000005894       0x1a contiki-sky.a(cc2420-arch.o)
                0x0000000000005894                cc2420_arch_init
 .text.uart1_active
                0x00000000000058ae       0x1a contiki-sky.a(uart1.o)
                0x00000000000058ae                uart1_active
 .text.uart1_writeb
                0x00000000000058c8       0x1a contiki-sky.a(uart1.o)
                0x00000000000058c8                uart1_writeb
 .text.uart1_init
                0x00000000000058e2       0xf6 contiki-sky.a(uart1.o)
                0x00000000000058e2                uart1_init
 .text.putchar  0x00000000000059d8       0x10 contiki-sky.a(uart1-putchar.o)
                0x00000000000059d8                putchar
 .text.msp430_init_dco
                0x00000000000059e8       0x84 contiki-sky.a(msp430.o)
                0x00000000000059e8                msp430_init_dco
 .text.msp430_add_lpm_req
                0x0000000000005a6c        0xc contiki-sky.a(msp430.o)
                0x0000000000005a6c                msp430_add_lpm_req
 .text.msp430_cpu_init
                0x0000000000005a78       0x2a contiki-sky.a(msp430.o)
                0x0000000000005a78                msp430_cpu_init
 .text.splhigh_
                0x0000000000005aa2        0x8 contiki-sky.a(msp430.o)
                0x0000000000005aa2                splhigh_
 .text.msp430_sync_dco
                0x0000000000005aaa       0x68 contiki-sky.a(msp430.o)
                0x0000000000005aaa                msp430_sync_dco
 .text.timera1  0x0000000000005b12      0x11e contiki-sky.a(clock.o)
                0x0000000000005b12                __isr_5
                0x0000000000005b12                timera1
 .text.clock_time
                0x0000000000005c30       0x1a contiki-sky.a(clock.o)
                0x0000000000005c30                clock_time
 .text.clock_init
                0x0000000000005c4a       0x28 contiki-sky.a(clock.o)
                0x0000000000005c4a                clock_init
 .text.clock_delay
                0x0000000000005c72        0xc contiki-sky.a(clock.o)
                0x0000000000005c72                clock_delay
 .text.clock_seconds
                0x0000000000005c7e       0x1a contiki-sky.a(clock.o)
                0x0000000000005c7e                clock_seconds
 .text.show_leds
                0x0000000000005c98       0xf6 contiki-sky.a(leds.o)
 .text.leds_init
                0x0000000000005d8e        0xa contiki-sky.a(leds.o)
                0x0000000000005d8e                leds_init
 .text.leds_on  0x0000000000005d98        0xa contiki-sky.a(leds.o)
                0x0000000000005d98                leds_on
 .text.leds_off
                0x0000000000005da2        0xe contiki-sky.a(leds.o)
                0x0000000000005da2                leds_off
 .text.leds_arch_init
                0x0000000000005db0        0xe contiki-sky.a(leds-arch.o)
                0x0000000000005db0                leds_arch_init
 .text.leds_arch_set
                0x0000000000005dbe       0x3a contiki-sky.a(leds-arch.o)
                0x0000000000005dbe                leds_arch_set
 .text.watchdog_interrupt
                0x0000000000005df8        0x6 contiki-sky.a(watchdog.o)
                0x0000000000005df8                __isr_10
                0x0000000000005df8                watchdog_interrupt
 .text.watchdog_start
                0x0000000000005dfe       0x14 contiki-sky.a(watchdog.o)
                0x0000000000005dfe                watchdog_start
 .text.watchdog_periodic
                0x0000000000005e12       0x12 contiki-sky.a(watchdog.o)
                0x0000000000005e12                watchdog_periodic
 .text.watchdog_stop
                0x0000000000005e24       0x16 contiki-sky.a(watchdog.o)
                0x0000000000005e24                watchdog_stop
 .text.watchdog_init
                0x0000000000005e3a       0x14 contiki-sky.a(watchdog.o)
                0x0000000000005e3a                watchdog_init
 .text.rtimer_arch_init
                0x0000000000005e4e        0xe contiki-sky.a(rtimer-arch.o)
                0x0000000000005e4e                rtimer_arch_init
 .text.rtimer_arch_now
                0x0000000000005e5c        0xe contiki-sky.a(rtimer-arch.o)
                0x0000000000005e5c                rtimer_arch_now
 .text.timera0  0x0000000000005e6a       0x70 contiki-sky.a(rtimer-arch.o)
                0x0000000000005e6a                __isr_6
                0x0000000000005e6a                timera0
 .text.rtimer_arch_schedule
                0x0000000000005eda        0x6 contiki-sky.a(rtimer-arch.o)
                0x0000000000005eda                rtimer_arch_schedule
 .text.autostart_start
                0x0000000000005ee0       0x16 contiki-sky.a(autostart.o)
                0x0000000000005ee0                autostart_start
 .text.energest_init
                0x0000000000005ef6       0x28 contiki-sky.a(energest.o)
                0x0000000000005ef6                energest_init
 .text.energest_type_time
                0x0000000000005f1e       0x46 contiki-sky.a(energest.o)
                0x0000000000005f1e                energest_type_time
 .text.energest_type_set
                0x0000000000005f64        0xe contiki-sky.a(energest.o)
                0x0000000000005f64                energest_type_set
 .text.energest_flush
                0x0000000000005f72       0x48 contiki-sky.a(energest.o)
                0x0000000000005f72                energest_flush
 .text.process_thread_ctimer_process
                0x0000000000005fba       0xa4 contiki-sky.a(ctimer.o)
 .text.ctimer_init
                0x000000000000605e       0x18 contiki-sky.a(ctimer.o)
                0x000000000000605e                ctimer_init
 .text.ctimer_set_with_process
                0x0000000000006076       0x4e contiki-sky.a(ctimer.o)
                0x0000000000006076                ctimer_set_with_process
 .text.ctimer_set
                0x00000000000060c4       0x10 contiki-sky.a(ctimer.o)
                0x00000000000060c4                ctimer_set
 .text.ctimer_reset
                0x00000000000060d4       0x30 contiki-sky.a(ctimer.o)
                0x00000000000060d4                ctimer_reset
 .text.ctimer_restart
                0x0000000000006104       0x30 contiki-sky.a(ctimer.o)
                0x0000000000006104                ctimer_restart
 .text.ctimer_stop
                0x0000000000006134       0x28 contiki-sky.a(ctimer.o)
                0x0000000000006134                ctimer_stop
 .text.update_time
                0x000000000000615c       0x78 contiki-sky.a(etimer.o)
 .text.etimer_request_poll
                0x00000000000061d4        0xa contiki-sky.a(etimer.o)
                0x00000000000061d4                etimer_request_poll
 .text.process_thread_etimer_process
                0x00000000000061de       0xc8 contiki-sky.a(etimer.o)
 .text.add_timer
                0x00000000000062a6       0x40 contiki-sky.a(etimer.o)
 .text.etimer_set
                0x00000000000062e6       0x12 contiki-sky.a(etimer.o)
                0x00000000000062e6                etimer_set
 .text.etimer_reset
                0x00000000000062f8       0x12 contiki-sky.a(etimer.o)
                0x00000000000062f8                etimer_reset
 .text.etimer_restart
                0x000000000000630a       0x12 contiki-sky.a(etimer.o)
                0x000000000000630a                etimer_restart
 .text.etimer_expired
                0x000000000000631c        0xe contiki-sky.a(etimer.o)
                0x000000000000631c                etimer_expired
 .text.etimer_expiration_time
                0x000000000000632a       0x14 contiki-sky.a(etimer.o)
                0x000000000000632a                etimer_expiration_time
 .text.etimer_pending
                0x000000000000633e        0xc contiki-sky.a(etimer.o)
                0x000000000000633e                etimer_pending
 .text.etimer_next_expiration_time
                0x000000000000634a       0x16 contiki-sky.a(etimer.o)
                0x000000000000634a                etimer_next_expiration_time
 .text.etimer_stop
                0x0000000000006360       0x3c contiki-sky.a(etimer.o)
                0x0000000000006360                etimer_stop
 .text.call_process
                0x000000000000639c       0x4a contiki-sky.a(process.o)
 .text.exit_process
                0x00000000000063e6       0x96 contiki-sky.a(process.o)
 .text.do_poll  0x000000000000647c       0x30 contiki-sky.a(process.o)
 .text.process_alloc_event
                0x00000000000064ac        0xe contiki-sky.a(process.o)
                0x00000000000064ac                process_alloc_event
 .text.process_init
                0x00000000000064ba       0x1c contiki-sky.a(process.o)
                0x00000000000064ba                process_init
 .text.process_run
                0x00000000000064d6       0x92 contiki-sky.a(process.o)
                0x00000000000064d6                process_run
 .text.process_nevents
                0x0000000000006568        0xe contiki-sky.a(process.o)
                0x0000000000006568                process_nevents
 .text.process_post
                0x0000000000006576       0x4e contiki-sky.a(process.o)
                0x0000000000006576                process_post
 .text.process_post_synch
                0x00000000000065c4       0x12 contiki-sky.a(process.o)
                0x00000000000065c4                process_post_synch
 .text.process_start
                0x00000000000065d6       0x32 contiki-sky.a(process.o)
                0x00000000000065d6                process_start
 .text.process_poll
                0x0000000000006608       0x18 contiki-sky.a(process.o)
                0x0000000000006608                process_poll
 .text.rtimer_init
                0x0000000000006620        0x6 contiki-sky.a(rtimer.o)
                0x0000000000006620                rtimer_init
 .text.rtimer_run_next
                0x0000000000006626       0x26 contiki-sky.a(rtimer.o)
                0x0000000000006626                rtimer_run_next
 .text.timer_set
                0x000000000000664c       0x1c contiki-sky.a(timer.o)
                0x000000000000664c                timer_set
 .text.timer_reset
                0x0000000000006668        0xe contiki-sky.a(timer.o)
                0x0000000000006668                timer_reset
 .text.timer_restart
                0x0000000000006676       0x14 contiki-sky.a(timer.o)
                0x0000000000006676                timer_restart
 .text.timer_expired
                0x000000000000668a       0x2a contiki-sky.a(timer.o)
                0x000000000000668a                timer_expired
 .text.list_init
                0x00000000000066b4        0x6 contiki-sky.a(list.o)
                0x00000000000066b4                list_init
 .text.list_head
                0x00000000000066ba        0x4 contiki-sky.a(list.o)
                0x00000000000066ba                list_head
 .text.list_tail
                0x00000000000066be       0x12 contiki-sky.a(list.o)
                0x00000000000066be                list_tail
 .text.list_remove
                0x00000000000066d0       0x34 contiki-sky.a(list.o)
                0x00000000000066d0                list_remove
 .text.list_push
                0x0000000000006704       0x1a contiki-sky.a(list.o)
                0x0000000000006704                list_push
 .text.list_add
                0x000000000000671e       0x2a contiki-sky.a(list.o)
                0x000000000000671e                list_add
 .text.list_length
                0x0000000000006748       0x10 contiki-sky.a(list.o)
                0x0000000000006748                list_length
 .text.list_item_next
                0x0000000000006758        0xc contiki-sky.a(list.o)
                0x0000000000006758                list_item_next
 .text.memb_init
                0x0000000000006764       0x36 contiki-sky.a(memb.o)
                0x0000000000006764                memb_init
 .text.memb_alloc
                0x000000000000679a       0x3e contiki-sky.a(memb.o)
                0x000000000000679a                memb_alloc
 .text.memb_free
                0x00000000000067d8       0x3a contiki-sky.a(memb.o)
                0x00000000000067d8                memb_free
 .text.memb_inmemb
                0x0000000000006812       0x2e contiki-sky.a(memb.o)
                0x0000000000006812                memb_inmemb
 .text.memb_numfree
                0x0000000000006840       0x26 contiki-sky.a(memb.o)
                0x0000000000006840                memb_numfree
 .text.random_init
                0x0000000000006866        0x6 contiki-sky.a(random.o)
                0x0000000000006866                random_init
 .text.random_rand
                0x000000000000686c        0x6 contiki-sky.a(random.o)
                0x000000000000686c                random_rand
 .text.uip_ds6_list_loop
                0x0000000000006872       0x86 contiki-sky.a(uip-ds6.o)
                0x0000000000006872                uip_ds6_list_loop
 .text.uip_ds6_prefix_add
                0x00000000000068f8       0x80 contiki-sky.a(uip-ds6.o)
                0x00000000000068f8                uip_ds6_prefix_add
 .text.uip_ds6_is_addr_onlink
                0x0000000000006978       0x54 contiki-sky.a(uip-ds6.o)
                0x0000000000006978                uip_ds6_is_addr_onlink
 .text.uip_ds6_addr_lookup
                0x00000000000069cc       0x2a contiki-sky.a(uip-ds6.o)
                0x00000000000069cc                uip_ds6_addr_lookup
 .text.uip_ds6_get_link_local
                0x00000000000069f6       0x3e contiki-sky.a(uip-ds6.o)
                0x00000000000069f6                uip_ds6_get_link_local
 .text.uip_ds6_maddr_add
                0x0000000000006a34       0x4c contiki-sky.a(uip-ds6.o)
                0x0000000000006a34                uip_ds6_maddr_add
 .text.uip_ds6_addr_add
                0x0000000000006a80       0xc4 contiki-sky.a(uip-ds6.o)
                0x0000000000006a80                uip_ds6_addr_add
 .text.uip_ds6_maddr_lookup
                0x0000000000006b44       0x2a contiki-sky.a(uip-ds6.o)
                0x0000000000006b44                uip_ds6_maddr_lookup
 .text.uip_ds6_addr_rm
                0x0000000000006b6e       0x54 contiki-sky.a(uip-ds6.o)
                0x0000000000006b6e                uip_ds6_addr_rm
 .text.uip_ds6_periodic
                0x0000000000006bc2       0x46 contiki-sky.a(uip-ds6.o)
                0x0000000000006bc2                uip_ds6_periodic
 .text.uip_ds6_set_addr_iid
                0x0000000000006c08       0x14 contiki-sky.a(uip-ds6.o)
                0x0000000000006c08                uip_ds6_set_addr_iid
 .text.get_match_length
                0x0000000000006c1c       0x3e contiki-sky.a(uip-ds6.o)
                0x0000000000006c1c                get_match_length
 .text.uip_ds6_select_src
                0x0000000000006c5a       0xaa contiki-sky.a(uip-ds6.o)
                0x0000000000006c5a                uip_ds6_select_src
 .text.uip_ds6_compute_reachable_time
                0x0000000000006d04       0x3e contiki-sky.a(uip-ds6.o)
                0x0000000000006d04                uip_ds6_compute_reachable_time
 .text.uip_ds6_init
                0x0000000000006d42      0x154 contiki-sky.a(uip-ds6.o)
                0x0000000000006d42                uip_ds6_init
 .text.call_route_callback
                0x0000000000006e96       0x4c contiki-sky.a(uip-ds6-route.o)
 .text.uip_ds6_route_init
                0x0000000000006ee2       0x36 contiki-sky.a(uip-ds6-route.o)
                0x0000000000006ee2                uip_ds6_route_init
 .text.uip_ds6_route_nexthop
                0x0000000000006f18       0x1a contiki-sky.a(uip-ds6-route.o)
                0x0000000000006f18                uip_ds6_route_nexthop
 .text.uip_ds6_route_head
                0x0000000000006f32        0xa contiki-sky.a(uip-ds6-route.o)
                0x0000000000006f32                uip_ds6_route_head
 .text.uip_ds6_route_next
                0x0000000000006f3c        0xe contiki-sky.a(uip-ds6-route.o)
                0x0000000000006f3c                uip_ds6_route_next
 .text.uip_ds6_route_is_nexthop
                0x0000000000006f4a       0x1e contiki-sky.a(uip-ds6-route.o)
                0x0000000000006f4a                uip_ds6_route_is_nexthop
 .text.uip_ds6_route_lookup
                0x0000000000006f68       0x8c contiki-sky.a(uip-ds6-route.o)
                0x0000000000006f68                uip_ds6_route_lookup
 .text.uip_ds6_route_rm
                0x0000000000006ff4       0xa4 contiki-sky.a(uip-ds6-route.o)
                0x0000000000006ff4                uip_ds6_route_rm
 .text.rm_routelist
                0x0000000000007098       0x34 contiki-sky.a(uip-ds6-route.o)
 .text.rm_routelist_callback
                0x00000000000070cc        0x6 contiki-sky.a(uip-ds6-route.o)
 .text.uip_ds6_route_add
                0x00000000000070d2      0x110 contiki-sky.a(uip-ds6-route.o)
                0x00000000000070d2                uip_ds6_route_add
 .text.uip_ds6_defrt_rm
                0x00000000000071e2       0x48 contiki-sky.a(uip-ds6-route.o)
                0x00000000000071e2                uip_ds6_defrt_rm
 .text.uip_ds6_defrt_lookup
                0x000000000000722a       0x36 contiki-sky.a(uip-ds6-route.o)
                0x000000000000722a                uip_ds6_defrt_lookup
 .text.uip_ds6_defrt_add
                0x0000000000007260       0x74 contiki-sky.a(uip-ds6-route.o)
                0x0000000000007260                uip_ds6_defrt_add
 .text.uip_ds6_defrt_choose
                0x00000000000072d4       0x3a contiki-sky.a(uip-ds6-route.o)
                0x00000000000072d4                uip_ds6_defrt_choose
 .text.uip_ds6_defrt_periodic
                0x000000000000730e       0x38 contiki-sky.a(uip-ds6-route.o)
                0x000000000000730e                uip_ds6_defrt_periodic
 .text.chksum   0x0000000000007346       0x32 contiki-sky.a(uip6.o)
 .text.upper_layer_chksum
                0x0000000000007378       0x56 contiki-sky.a(uip6.o)
 .text.ext_hdr_options_process
                0x00000000000073ce       0xda contiki-sky.a(uip6.o)
 .text.uip_add32
                0x00000000000074a8       0x68 contiki-sky.a(uip6.o)
                0x00000000000074a8                uip_add32
 .text.unlikely.uip_add_rcv_nxt
                0x0000000000007510       0x2e contiki-sky.a(uip6.o)
 .text.uip_icmp6chksum
                0x000000000000753e        0xa contiki-sky.a(uip6.o)
                0x000000000000753e                uip_icmp6chksum
 .text.uip_tcpchksum
                0x0000000000007548        0xa contiki-sky.a(uip6.o)
                0x0000000000007548                uip_tcpchksum
 .text.uip_udpchksum
                0x0000000000007552        0xa contiki-sky.a(uip6.o)
                0x0000000000007552                uip_udpchksum
 .text.uip_init
                0x000000000000755c       0x56 contiki-sky.a(uip6.o)
                0x000000000000755c                uip_init
 .text.remove_ext_hdr
                0x00000000000075b2       0x56 contiki-sky.a(uip6.o)
                0x00000000000075b2                remove_ext_hdr
 .text.uip_udp_new
                0x0000000000007608       0xac contiki-sky.a(uip6.o)
                0x0000000000007608                uip_udp_new
 .text.uip_unlisten
                0x00000000000076b4       0x1e contiki-sky.a(uip6.o)
                0x00000000000076b4                uip_unlisten
 .text.uip_process
                0x00000000000076d2      0xe20 contiki-sky.a(uip6.o)
                0x00000000000076d2                uip_process
 .text.uip_htonl
                0x00000000000084f2       0x2e contiki-sky.a(uip6.o)
                0x00000000000084f2                uip_htonl
 .text.uip_ds6_nbr_rm
                0x0000000000008520       0x1e contiki-sky.a(uip-ds6-nbr.o)
                0x0000000000008520                uip_ds6_nbr_rm
 .text.uip_ds6_neighbors_init
                0x000000000000853e       0x12 contiki-sky.a(uip-ds6-nbr.o)
                0x000000000000853e                uip_ds6_neighbors_init
 .text.uip_ds6_nbr_add
                0x0000000000008550       0x3e contiki-sky.a(uip-ds6-nbr.o)
                0x0000000000008550                uip_ds6_nbr_add
 .text.uip_ds6_nbr_get_ll
                0x000000000000858e        0xc contiki-sky.a(uip-ds6-nbr.o)
                0x000000000000858e                uip_ds6_nbr_get_ll
 .text.uip_ds6_nbr_lookup
                0x000000000000859a       0x42 contiki-sky.a(uip-ds6-nbr.o)
                0x000000000000859a                uip_ds6_nbr_lookup
 .text.uip_ds6_nbr_ll_lookup
                0x00000000000085dc        0xc contiki-sky.a(uip-ds6-nbr.o)
                0x00000000000085dc                uip_ds6_nbr_ll_lookup
 .text.uip_ds6_nbr_ipaddr_from_lladdr
                0x00000000000085e8        0x6 contiki-sky.a(uip-ds6-nbr.o)
                0x00000000000085e8                uip_ds6_nbr_ipaddr_from_lladdr
 .text.uip_ds6_nbr_lladdr_from_ipaddr
                0x00000000000085ee       0x12 contiki-sky.a(uip-ds6-nbr.o)
                0x00000000000085ee                uip_ds6_nbr_lladdr_from_ipaddr
 .text.uip_ds6_link_neighbor_callback
                0x0000000000008600       0x36 contiki-sky.a(uip-ds6-nbr.o)
                0x0000000000008600                uip_ds6_link_neighbor_callback
 .text.uip_nd6_init
                0x0000000000008636        0x2 contiki-sky.a(uip-nd6.o)
                0x0000000000008636                uip_nd6_init
 .text.clear_fragments
                0x0000000000008638       0x42 contiki-sky.a(sicslowpan.o)
 .text.set_packet_attrs
                0x000000000000867a       0x44 contiki-sky.a(sicslowpan.o)
 .text.addr_context_lookup_by_number
                0x00000000000086be       0x36 contiki-sky.a(sicslowpan.o)
 .text.compress_addr_64
                0x00000000000086f4       0xae contiki-sky.a(sicslowpan.o)
 .text.store_fragment
                0x00000000000087a2       0xc8 contiki-sky.a(sicslowpan.o)
 .text.add_fragment
                0x000000000000886a      0x1ee contiki-sky.a(sicslowpan.o)
 .text.uncompress_addr
                0x0000000000008a58       0xb4 contiki-sky.a(sicslowpan.o)
 .text.input    0x0000000000008b0c      0x6f0 contiki-sky.a(sicslowpan.o)
 .text.sicslowpan_init
                0x00000000000091fc       0x24 contiki-sky.a(sicslowpan.o)
                0x00000000000091fc                sicslowpan_init
 .text.addr_context_lookup_by_prefix
                0x0000000000009220       0x4c contiki-sky.a(sicslowpan.o)
 .text.send_packet
                0x000000000000926c       0x1a contiki-sky.a(sicslowpan.o)
 .text.output   0x0000000000009286      0x6d0 contiki-sky.a(sicslowpan.o)
 .text.packet_sent
                0x0000000000009956       0x22 contiki-sky.a(sicslowpan.o)
 .text.uip_udp_packet_send
                0x0000000000009978       0x2a contiki-sky.a(uip-udp-packet.)
                0x0000000000009978                uip_udp_packet_send
 .text.start_periodic_tcp_timer
                0x00000000000099a2       0x16 contiki-sky.a(tcpip.o)
 .text.tcpip_output
                0x00000000000099b8       0x10 contiki-sky.a(tcpip.o)
                0x00000000000099b8                tcpip_output
 .text.tcpip_set_outputfunc
                0x00000000000099c8        0x6 contiki-sky.a(tcpip.o)
                0x00000000000099c8                tcpip_set_outputfunc
 .text.udp_new  0x00000000000099ce       0x1a contiki-sky.a(tcpip.o)
                0x00000000000099ce                udp_new
 .text.udp_broadcast_new
                0x00000000000099e8       0x46 contiki-sky.a(tcpip.o)
                0x00000000000099e8                udp_broadcast_new
 .text.tcpip_input
                0x0000000000009a2e       0x16 contiki-sky.a(tcpip.o)
                0x0000000000009a2e                tcpip_input
 .text.tcpip_ipv6_output
                0x0000000000009a44       0xcc contiki-sky.a(tcpip.o)
                0x0000000000009a44                tcpip_ipv6_output
 .text.process_thread_tcpip_process
                0x0000000000009b10      0x1b6 contiki-sky.a(tcpip.o)
 .text.tcpip_uipcall
                0x0000000000009cc6       0x64 contiki-sky.a(tcpip.o)
                0x0000000000009cc6                tcpip_uipcall
 .text.process_thread_simple_udp_process
                0x0000000000009d2a       0xac contiki-sky.a(simple-udp.o)
 .text.simple_udp_register
                0x0000000000009dd6       0x9e contiki-sky.a(simple-udp.o)
                0x0000000000009dd6                simple_udp_register
 .text.uip_debug_ipaddr_print
                0x0000000000009e74       0xc6 contiki-sky.a(uip-debug.o)
                0x0000000000009e74                uip_debug_ipaddr_print
 .text.insert_hbh_header
                0x0000000000009f3a       0x78 contiki-sky.a(rpl-ext-header.)
 .text.rpl_verify_hbh_header
                0x0000000000009fb2      0x10a contiki-sky.a(rpl-ext-header.)
                0x0000000000009fb2                rpl_verify_hbh_header
 .text.rpl_finalize_header
                0x000000000000a0bc       0x92 contiki-sky.a(rpl-ext-header.)
                0x000000000000a0bc                rpl_finalize_header
 .text.rpl_remove_header
                0x000000000000a14e       0xc2 contiki-sky.a(rpl-ext-header.)
                0x000000000000a14e                rpl_remove_header
 .text.rpl_insert_header
                0x000000000000a210       0x28 contiki-sky.a(rpl-ext-header.)
                0x000000000000a210                rpl_insert_header
 .text.rpl_update_header
                0x000000000000a238       0xec contiki-sky.a(rpl-ext-header.)
                0x000000000000a238                rpl_update_header
 .text.rpl_get_mode
                0x000000000000a324        0x6 contiki-sky.a(rpl.o)
                0x000000000000a324                rpl_get_mode
 .text.rpl_purge_routes
                0x000000000000a32a       0x96 contiki-sky.a(rpl.o)
                0x000000000000a32a                rpl_purge_routes
 .text.rpl_remove_routes
                0x000000000000a3c0       0x22 contiki-sky.a(rpl.o)
                0x000000000000a3c0                rpl_remove_routes
 .text.rpl_remove_routes_by_nexthop
                0x000000000000a3e2       0x46 contiki-sky.a(rpl.o)
                0x000000000000a3e2                rpl_remove_routes_by_nexthop
 .text.rpl_add_route
                0x000000000000a428       0x46 contiki-sky.a(rpl.o)
                0x000000000000a428                rpl_add_route
 .text.rpl_link_neighbor_callback
                0x000000000000a46e       0x4c contiki-sky.a(rpl.o)
                0x000000000000a46e                rpl_link_neighbor_callback
 .text.rpl_ipv6_neighbor_callback
                0x000000000000a4ba       0x1e contiki-sky.a(rpl.o)
                0x000000000000a4ba                rpl_ipv6_neighbor_callback
 .text.rpl_purge_dags
                0x000000000000a4d8       0x6e contiki-sky.a(rpl.o)
                0x000000000000a4d8                rpl_purge_dags
 .text.rpl_init
                0x000000000000a546       0x44 contiki-sky.a(rpl.o)
                0x000000000000a546                rpl_init
 .text.lollipop_greater_than
                0x000000000000a58a       0x44 contiki-sky.a(rpl-dag.o)
 .text.acceptable_rank
                0x000000000000a5ce       0x50 contiki-sky.a(rpl-dag.o)
 .text.find_parent_any_dag_any_instance
                0x000000000000a61e       0x14 contiki-sky.a(rpl-dag.o)
 .text.rpl_set_preferred_parent
                0x000000000000a632       0x30 contiki-sky.a(rpl-dag.o)
 .text.set_ip_from_prefix
                0x000000000000a662       0x38 contiki-sky.a(rpl-dag.o)
 .text.check_prefix
                0x000000000000a69a       0x80 contiki-sky.a(rpl-dag.o)
 .text.rpl_dag_init
                0x000000000000a71a        0xe contiki-sky.a(rpl-dag.o)
                0x000000000000a71a                rpl_dag_init
 .text.rpl_get_parent
                0x000000000000a728        0xc contiki-sky.a(rpl-dag.o)
                0x000000000000a728                rpl_get_parent
 .text.rpl_rank_via_parent
                0x000000000000a734       0x2e contiki-sky.a(rpl-dag.o)
                0x000000000000a734                rpl_rank_via_parent
 .text.rpl_get_parent_lladdr
                0x000000000000a762        0xc contiki-sky.a(rpl-dag.o)
                0x000000000000a762                rpl_get_parent_lladdr
 .text.rpl_get_parent_ipaddr
                0x000000000000a76e        0xa contiki-sky.a(rpl-dag.o)
                0x000000000000a76e                rpl_get_parent_ipaddr
 .text.rpl_get_parent_link_stats
                0x000000000000a778        0xa contiki-sky.a(rpl-dag.o)
                0x000000000000a778                rpl_get_parent_link_stats
 .text.rpl_parent_is_fresh
                0x000000000000a782        0xa contiki-sky.a(rpl-dag.o)
                0x000000000000a782                rpl_parent_is_fresh
 .text.best_parent
                0x000000000000a78c       0x74 contiki-sky.a(rpl-dag.o)
 .text.rpl_parent_is_reachable
                0x000000000000a800       0x46 contiki-sky.a(rpl-dag.o)
                0x000000000000a800                rpl_parent_is_reachable
 .text.rpl_set_prefix
                0x000000000000a846       0x8e contiki-sky.a(rpl-dag.o)
                0x000000000000a846                rpl_set_prefix
 .text.rpl_set_default_route
                0x000000000000a8d4       0x4a contiki-sky.a(rpl-dag.o)
                0x000000000000a8d4                rpl_set_default_route
 .text.rpl_alloc_instance
                0x000000000000a91e       0x34 contiki-sky.a(rpl-dag.o)
                0x000000000000a91e                rpl_alloc_instance
 .text.rpl_add_parent
                0x000000000000a952       0x3e contiki-sky.a(rpl-dag.o)
                0x000000000000a952                rpl_add_parent
 .text.rpl_find_parent
                0x000000000000a990       0x18 contiki-sky.a(rpl-dag.o)
                0x000000000000a990                rpl_find_parent
 .text.rpl_find_parent_any_dag
                0x000000000000a9a8       0x20 contiki-sky.a(rpl-dag.o)
                0x000000000000a9a8                rpl_find_parent_any_dag
 .text.rpl_select_parent
                0x000000000000a9c8       0x66 contiki-sky.a(rpl-dag.o)
                0x000000000000a9c8                rpl_select_parent
 .text.rpl_select_dag
                0x000000000000aa2e      0x17e contiki-sky.a(rpl-dag.o)
                0x000000000000aa2e                rpl_select_dag
 .text.rpl_nullify_parent
                0x000000000000abac       0x60 contiki-sky.a(rpl-dag.o)
                0x000000000000abac                rpl_nullify_parent
 .text.rpl_remove_parent
                0x000000000000ac0c       0x16 contiki-sky.a(rpl-dag.o)
                0x000000000000ac0c                rpl_remove_parent
 .text.nbr_callback
                0x000000000000ac22        0x6 contiki-sky.a(rpl-dag.o)
 .text.remove_parents.constprop.3
                0x000000000000ac28       0x30 contiki-sky.a(rpl-dag.o)
 .text.rpl_free_dag
                0x000000000000ac58       0x44 contiki-sky.a(rpl-dag.o)
                0x000000000000ac58                rpl_free_dag
 .text.rpl_move_parent
                0x000000000000ac9c       0x68 contiki-sky.a(rpl-dag.o)
                0x000000000000ac9c                rpl_move_parent
 .text.rpl_get_any_dag
                0x000000000000ad04       0x18 contiki-sky.a(rpl-dag.o)
                0x000000000000ad04                rpl_get_any_dag
 .text.rpl_get_instance
                0x000000000000ad1c       0x1a contiki-sky.a(rpl-dag.o)
                0x000000000000ad1c                rpl_get_instance
 .text.rpl_alloc_dag
                0x000000000000ad36       0x60 contiki-sky.a(rpl-dag.o)
                0x000000000000ad36                rpl_alloc_dag
 .text.rpl_repair_root
                0x000000000000ad96       0x50 contiki-sky.a(rpl-dag.o)
                0x000000000000ad96                rpl_repair_root
 .text.rpl_find_of
                0x000000000000ade6       0x10 contiki-sky.a(rpl-dag.o)
                0x000000000000ade6                rpl_find_of
 .text.rpl_set_root
                0x000000000000adf6      0x14e contiki-sky.a(rpl-dag.o)
                0x000000000000adf6                rpl_set_root
 .text.rpl_join_instance
                0x000000000000af44      0x152 contiki-sky.a(rpl-dag.o)
                0x000000000000af44                rpl_join_instance
 .text.rpl_local_repair
                0x000000000000b096       0x94 contiki-sky.a(rpl-dag.o)
                0x000000000000b096                rpl_local_repair
 .text.rpl_process_parent_event
                0x000000000000b12a       0x8e contiki-sky.a(rpl-dag.o)
                0x000000000000b12a                rpl_process_parent_event
 .text.rpl_recalculate_ranks
                0x000000000000b1b8       0x46 contiki-sky.a(rpl-dag.o)
                0x000000000000b1b8                rpl_recalculate_ranks
 .text.rpl_add_dag
                0x000000000000b1fe      0x114 contiki-sky.a(rpl-dag.o)
                0x000000000000b1fe                rpl_add_dag
 .text.rpl_process_dio
                0x000000000000b312      0x330 contiki-sky.a(rpl-dag.o)
                0x000000000000b312                rpl_process_dio
 .text.parse    0x000000000000b642       0xa6 contiki-sky.a(framer-802154.o)
 .text.create_frame.isra.0
                0x000000000000b6e8      0x118 contiki-sky.a(framer-802154.o)
 .text.create   0x000000000000b800        0x8 contiki-sky.a(framer-802154.o)
 .text.hdr_length
                0x000000000000b808        0x8 contiki-sky.a(framer-802154.o)
 .text.frame802154_get_pan_id
                0x000000000000b810        0x6 contiki-sky.a(frame802154.o)
                0x000000000000b810                frame802154_get_pan_id
 .text.frame802154_has_panid
                0x000000000000b816       0x64 contiki-sky.a(frame802154.o)
                0x000000000000b816                frame802154_has_panid
 .text.field_len
                0x000000000000b87a       0xb2 contiki-sky.a(frame802154.o)
 .text.frame802154_is_broadcast_addr
                0x000000000000b92c       0x24 contiki-sky.a(frame802154.o)
                0x000000000000b92c                frame802154_is_broadcast_addr
 .text.frame802154_hdrlen
                0x000000000000b950       0x32 contiki-sky.a(frame802154.o)
                0x000000000000b950                frame802154_hdrlen
 .text.frame802154_create
                0x000000000000b982      0x16a contiki-sky.a(frame802154.o)
                0x000000000000b982                frame802154_create
 .text.frame802154_parse
                0x000000000000baec      0x226 contiki-sky.a(frame802154.o)
                0x000000000000baec                frame802154_parse
 .text.input_packet
                0x000000000000bd12        0x6 contiki-sky.a(csma.o)
 .text.on       0x000000000000bd18        0x6 contiki-sky.a(csma.o)
 .text.off      0x000000000000bd1e        0x6 contiki-sky.a(csma.o)
 .text.channel_check_interval
                0x000000000000bd24       0x10 contiki-sky.a(csma.o)
 .text.transmit_packet_list
                0x000000000000bd34       0x24 contiki-sky.a(csma.o)
 .text.schedule_transmission
                0x000000000000bd58       0x96 contiki-sky.a(csma.o)
 .text.send_packet
                0x000000000000bdee      0x164 contiki-sky.a(csma.o)
 .text.init     0x000000000000bf52       0x1a contiki-sky.a(csma.o)
 .text.tx_done  0x000000000000bf6c       0x94 contiki-sky.a(csma.o)
 .text.packet_sent
                0x000000000000c000       0xd2 contiki-sky.a(csma.o)
 .text.on       0x000000000000c0d2        0x6 contiki-sky.a(nullrdc.o)
 .text.channel_check_interval
                0x000000000000c0d8        0x4 contiki-sky.a(nullrdc.o)
 .text.init     0x000000000000c0dc        0x6 contiki-sky.a(nullrdc.o)
 .text.send_one_packet
                0x000000000000c0e2       0x6a contiki-sky.a(nullrdc.o)
 .text.send_list
                0x000000000000c14c       0x30 contiki-sky.a(nullrdc.o)
 .text.send_packet
                0x000000000000c17c        0x6 contiki-sky.a(nullrdc.o)
 .text.off      0x000000000000c182       0x10 contiki-sky.a(nullrdc.o)
 .text.packet_input
                0x000000000000c192       0x26 contiki-sky.a(nullrdc.o)
 .text.queuebuf_init
                0x000000000000c1b8       0x12 contiki-sky.a(queuebuf.o)
                0x000000000000c1b8                queuebuf_init
 .text.queuebuf_numfree
                0x000000000000c1ca        0xa contiki-sky.a(queuebuf.o)
                0x000000000000c1ca                queuebuf_numfree
 .text.queuebuf_new_from_packetbuf
                0x000000000000c1d4       0x52 contiki-sky.a(queuebuf.o)
                0x000000000000c1d4                queuebuf_new_from_packetbuf
 .text.queuebuf_update_attr_from_packetbuf
                0x000000000000c226       0x12 contiki-sky.a(queuebuf.o)
                0x000000000000c226                queuebuf_update_attr_from_packetbuf
 .text.queuebuf_free
                0x000000000000c238       0x2a contiki-sky.a(queuebuf.o)
                0x000000000000c238                queuebuf_free
 .text.queuebuf_to_packetbuf
                0x000000000000c262       0x32 contiki-sky.a(queuebuf.o)
                0x000000000000c262                queuebuf_to_packetbuf
 .text.queuebuf_attr
                0x000000000000c294        0xe contiki-sky.a(queuebuf.o)
                0x000000000000c294                queuebuf_attr
 .text.index_from_key
                0x000000000000c2a2       0x48 contiki-sky.a(nbr-table.o)
 .text.item_from_key
                0x000000000000c2ea       0x34 contiki-sky.a(nbr-table.o)
 .text.nbr_set_bit
                0x000000000000c31e       0x8e contiki-sky.a(nbr-table.o)
 .text.index_from_lladdr
                0x000000000000c3ac       0x42 contiki-sky.a(nbr-table.o)
 .text.nbr_get_bit.constprop.0
                0x000000000000c3ee       0x62 contiki-sky.a(nbr-table.o)
 .text.remove_key
                0x000000000000c450       0x60 contiki-sky.a(nbr-table.o)
 .text.nbr_table_register
                0x000000000000c4b0       0x28 contiki-sky.a(nbr-table.o)
                0x000000000000c4b0                nbr_table_register
 .text.nbr_table_next
                0x000000000000c4d8       0x90 contiki-sky.a(nbr-table.o)
                0x000000000000c4d8                nbr_table_next
 .text.nbr_table_head
                0x000000000000c568       0x36 contiki-sky.a(nbr-table.o)
                0x000000000000c568                nbr_table_head
 .text.nbr_table_add_lladdr
                0x000000000000c59e      0x136 contiki-sky.a(nbr-table.o)
                0x000000000000c59e                nbr_table_add_lladdr
 .text.nbr_table_get_from_lladdr
                0x000000000000c6d4       0x48 contiki-sky.a(nbr-table.o)
                0x000000000000c6d4                nbr_table_get_from_lladdr
 .text.nbr_table_remove
                0x000000000000c71c       0x32 contiki-sky.a(nbr-table.o)
                0x000000000000c71c                nbr_table_remove
 .text.nbr_table_lock
                0x000000000000c74e       0x10 contiki-sky.a(nbr-table.o)
                0x000000000000c74e                nbr_table_lock
 .text.nbr_table_unlock
                0x000000000000c75e       0x10 contiki-sky.a(nbr-table.o)
                0x000000000000c75e                nbr_table_unlock
 .text.nbr_table_get_lladdr
                0x000000000000c76e       0x5a contiki-sky.a(nbr-table.o)
                0x000000000000c76e                nbr_table_get_lladdr
 .text.packetbuf_hdrreduce
                0x000000000000c7c8       0x1a contiki-sky.a(packetbuf.o)
                0x000000000000c7c8                packetbuf_hdrreduce
 .text.packetbuf_set_datalen
                0x000000000000c7e2        0x6 contiki-sky.a(packetbuf.o)
                0x000000000000c7e2                packetbuf_set_datalen
 .text.packetbuf_hdrptr
                0x000000000000c7e8        0x6 contiki-sky.a(packetbuf.o)
                0x000000000000c7e8                packetbuf_hdrptr
 .text.packetbuf_datalen
                0x000000000000c7ee        0x6 contiki-sky.a(packetbuf.o)
                0x000000000000c7ee                packetbuf_datalen
 .text.packetbuf_hdrlen
                0x000000000000c7f4        0xa contiki-sky.a(packetbuf.o)
                0x000000000000c7f4                packetbuf_hdrlen
 .text.packetbuf_dataptr
                0x000000000000c7fe        0xc contiki-sky.a(packetbuf.o)
                0x000000000000c7fe                packetbuf_dataptr
 .text.packetbuf_copyto
                0x000000000000c80a       0x46 contiki-sky.a(packetbuf.o)
                0x000000000000c80a                packetbuf_copyto
 .text.packetbuf_totlen
                0x000000000000c850        0xc contiki-sky.a(packetbuf.o)
                0x000000000000c850                packetbuf_totlen
 .text.packetbuf_hdralloc
                0x000000000000c85c       0x3a contiki-sky.a(packetbuf.o)
                0x000000000000c85c                packetbuf_hdralloc
 .text.packetbuf_attr_clear
                0x000000000000c896       0x28 contiki-sky.a(packetbuf.o)
                0x000000000000c896                packetbuf_attr_clear
 .text.packetbuf_clear
                0x000000000000c8be       0x12 contiki-sky.a(packetbuf.o)
                0x000000000000c8be                packetbuf_clear
 .text.packetbuf_copyfrom
                0x000000000000c8d0       0x2e contiki-sky.a(packetbuf.o)
                0x000000000000c8d0                packetbuf_copyfrom
 .text.packetbuf_attr_copyto
                0x000000000000c8fe       0x22 contiki-sky.a(packetbuf.o)
                0x000000000000c8fe                packetbuf_attr_copyto
 .text.packetbuf_attr_copyfrom
                0x000000000000c920       0x24 contiki-sky.a(packetbuf.o)
                0x000000000000c920                packetbuf_attr_copyfrom
 .text.packetbuf_holds_broadcast
                0x000000000000c944        0xe contiki-sky.a(packetbuf.o)
                0x000000000000c944                packetbuf_holds_broadcast
 .text.linkaddr_copy
                0x000000000000c952        0x8 contiki-sky.a(linkaddr.o)
                0x000000000000c952                linkaddr_copy
 .text.linkaddr_cmp
                0x000000000000c95a       0x12 contiki-sky.a(linkaddr.o)
                0x000000000000c95a                linkaddr_cmp
 .text.linkaddr_set_node_addr
                0x000000000000c96c        0xc contiki-sky.a(linkaddr.o)
                0x000000000000c96c                linkaddr_set_node_addr
 .text.periodic
                0x000000000000c978       0x28 contiki-sky.a(link-stats.o)
 .text.link_stats_from_lladdr
                0x000000000000c9a0        0xc contiki-sky.a(link-stats.o)
                0x000000000000c9a0                link_stats_from_lladdr
 .text.link_stats_is_fresh
                0x000000000000c9ac       0x30 contiki-sky.a(link-stats.o)
                0x000000000000c9ac                link_stats_is_fresh
 .text.link_stats_packet_sent
                0x000000000000c9dc       0xda contiki-sky.a(link-stats.o)
                0x000000000000c9dc                link_stats_packet_sent
 .text.link_stats_input_callback
                0x000000000000cab6       0xbc contiki-sky.a(link-stats.o)
                0x000000000000cab6                link_stats_input_callback
 .text.link_stats_init
                0x000000000000cb72       0x22 contiki-sky.a(link-stats.o)
                0x000000000000cb72                link_stats_init
 .text.init     0x000000000000cb94        0x2 contiki-sky.a(nullsec.o)
 .text.send     0x000000000000cb96        0xa contiki-sky.a(nullsec.o)
 .text.input    0x000000000000cba0        0x6 contiki-sky.a(nullsec.o)
 .text.value    0x000000000000cba6        0x8 contiki-sky.a(wur.o)
 .text.status   0x000000000000cbae       0x14 contiki-sky.a(wur.o)
 .text.configure
                0x000000000000cbc2       0x42 contiki-sky.a(wur.o)
 .text.irq_p2   0x000000000000cc04       0x7a contiki-sky.a(wur.o)
                0x000000000000cc04                irq_p2
                0x000000000000cc04                __isr_1
 .text.spi_init
                0x000000000000cc7e       0x32 contiki-sky.a(spi.o)
                0x000000000000cc7e                spi_init
 .text.stimer_set
                0x000000000000ccb0       0x1c contiki-sky.a(stimer.o)
                0x000000000000ccb0                stimer_set
 .text.stimer_expired
                0x000000000000cccc       0x30 contiki-sky.a(stimer.o)
                0x000000000000cccc                stimer_expired
 .text.echo_reply_input
                0x000000000000ccfc       0xb2 contiki-sky.a(uip-icmp6.o)
 .text.echo_request_input
                0x000000000000cdae       0xce contiki-sky.a(uip-icmp6.o)
 .text.uip_icmp6_input
                0x000000000000ce7c       0x44 contiki-sky.a(uip-icmp6.o)
                0x000000000000ce7c                uip_icmp6_input
 .text.uip_icmp6_register_input_handler
                0x000000000000cec0        0xc contiki-sky.a(uip-icmp6.o)
                0x000000000000cec0                uip_icmp6_register_input_handler
 .text.uip_icmp6_error_output
                0x000000000000cecc      0x180 contiki-sky.a(uip-icmp6.o)
                0x000000000000cecc                uip_icmp6_error_output
 .text.uip_icmp6_send
                0x000000000000d04c       0x9a contiki-sky.a(uip-icmp6.o)
                0x000000000000d04c                uip_icmp6_send
 .text.uip_icmp6_init
                0x000000000000d0e6       0x12 contiki-sky.a(uip-icmp6.o)
                0x000000000000d0e6                uip_icmp6_init
 .text.prepare_for_dao_fwd
                0x000000000000d0f8       0x28 contiki-sky.a(rpl-icmp6.o)
 .text.get32    0x000000000000d120       0x46 contiki-sky.a(rpl-icmp6.o)
 .text.set32    0x000000000000d166       0x2a contiki-sky.a(rpl-icmp6.o)
 .text.get16    0x000000000000d190        0xe contiki-sky.a(rpl-icmp6.o)
 .text.set16    0x000000000000d19e       0x10 contiki-sky.a(rpl-icmp6.o)
 .text.dao_ack_input
                0x000000000000d1ae        0xa contiki-sky.a(rpl-icmp6.o)
 .text.dio_input
                0x000000000000d1b8      0x2aa contiki-sky.a(rpl-icmp6.o)
 .text.rpl_icmp6_update_nbr_table
                0x000000000000d462       0x30 contiki-sky.a(rpl-icmp6.o)
                0x000000000000d462                rpl_icmp6_update_nbr_table
 .text.dao_input
                0x000000000000d492      0x282 contiki-sky.a(rpl-icmp6.o)
 .text.dis_output
                0x000000000000d714       0x50 contiki-sky.a(rpl-icmp6.o)
                0x000000000000d714                dis_output
 .text.dio_output
                0x000000000000d764      0x276 contiki-sky.a(rpl-icmp6.o)
                0x000000000000d764                dio_output
 .text.dis_input
                0x000000000000d9da       0x3e contiki-sky.a(rpl-icmp6.o)
 .text.dao_output_target
                0x000000000000da18      0x114 contiki-sky.a(rpl-icmp6.o)
                0x000000000000da18                dao_output_target
 .text.dao_output
                0x000000000000db2c       0xb2 contiki-sky.a(rpl-icmp6.o)
                0x000000000000db2c                dao_output
 .text.rpl_icmp6_register_handlers
                0x000000000000dbde       0x22 contiki-sky.a(rpl-icmp6.o)
                0x000000000000dbde                rpl_icmp6_register_handlers
 .text.handle_unicast_dio_timer
                0x000000000000dc00       0x1c contiki-sky.a(rpl-timers.o)
 .text.new_dio_interval
                0x000000000000dc1c       0x92 contiki-sky.a(rpl-timers.o)
 .text.handle_periodic_timer
                0x000000000000dcae       0x50 contiki-sky.a(rpl-timers.o)
 .text.set_dao_lifetime_timer
                0x000000000000dcfe       0x78 contiki-sky.a(rpl-timers.o)
 .text.schedule_dao
                0x000000000000dd76       0x82 contiki-sky.a(rpl-timers.o)
 .text.handle_dio_timer
                0x000000000000ddf8       0x88 contiki-sky.a(rpl-timers.o)
 .text.handle_dao_timer
                0x000000000000de80       0x64 contiki-sky.a(rpl-timers.o)
 .text.rpl_reset_periodic_timer
                0x000000000000dee4       0x60 contiki-sky.a(rpl-timers.o)
                0x000000000000dee4                rpl_reset_periodic_timer
 .text.rpl_reset_dio_timer
                0x000000000000df44       0x18 contiki-sky.a(rpl-timers.o)
                0x000000000000df44                rpl_reset_dio_timer
 .text.rpl_schedule_dao
                0x000000000000df5c        0xc contiki-sky.a(rpl-timers.o)
                0x000000000000df5c                rpl_schedule_dao
 .text.rpl_schedule_unicast_dio_immediately
                0x000000000000df68       0x16 contiki-sky.a(rpl-timers.o)
                0x000000000000df68                rpl_schedule_unicast_dio_immediately
 .text.get_probing_delay
                0x000000000000df7e       0x40 contiki-sky.a(rpl-timers.o)
                0x000000000000df7e                get_probing_delay
 .text.get_probing_target
                0x000000000000dfbe       0xf6 contiki-sky.a(rpl-timers.o)
                0x000000000000dfbe                get_probing_target
 .text.rpl_schedule_probing
                0x000000000000e0b4       0x26 contiki-sky.a(rpl-timers.o)
                0x000000000000e0b4                rpl_schedule_probing
 .text.handle_probing_timer
                0x000000000000e0da       0x3c contiki-sky.a(rpl-timers.o)
 .text.update_nbr
                0x000000000000e116       0xea contiki-sky.a(rpl-nbr-policy.)
 .text.handle_periodic_timer
                0x000000000000e200        0xe contiki-sky.a(rpl-nbr-policy.)
 .text.find_removable_dis
                0x000000000000e20e       0x16 contiki-sky.a(rpl-nbr-policy.)
                0x000000000000e20e                find_removable_dis
 .text.find_removable_dio
                0x000000000000e224       0x3e contiki-sky.a(rpl-nbr-policy.)
                0x000000000000e224                find_removable_dio
 .text.find_removable_dao
                0x000000000000e262       0x34 contiki-sky.a(rpl-nbr-policy.)
                0x000000000000e262                find_removable_dao
 .text.rpl_nbr_policy_find_removable
                0x000000000000e296       0x30 contiki-sky.a(rpl-nbr-policy.)
                0x000000000000e296                rpl_nbr_policy_find_removable
 .text.reset    0x000000000000e2c6        0x2 contiki-sky.a(rpl-mrhof.o)
 .text.update_metric_container
                0x000000000000e2c8        0x6 contiki-sky.a(rpl-mrhof.o)
 .text.parent_link_metric
                0x000000000000e2ce       0x10 contiki-sky.a(rpl-mrhof.o)
 .text.parent_has_usable_link
                0x000000000000e2de       0x14 contiki-sky.a(rpl-mrhof.o)
 .text.best_dag
                0x000000000000e2f2       0x34 contiki-sky.a(rpl-mrhof.o)
 .text.parent_path_cost
                0x000000000000e326       0x44 contiki-sky.a(rpl-mrhof.o)
 .text.parent_is_acceptable
                0x000000000000e36a       0x2a contiki-sky.a(rpl-mrhof.o)
 .text.best_parent
                0x000000000000e394       0x88 contiki-sky.a(rpl-mrhof.o)
 .text.rank_via_parent
                0x000000000000e41c       0x56 contiki-sky.a(rpl-mrhof.o)
 .text.mac_call_sent_callback
                0x000000000000e472       0x14 contiki-sky.a(mac.o)
                0x000000000000e472                mac_call_sent_callback
 .text.libgcc   0x000000000000e486       0x2c /usr/lib/gcc/msp430/4.6.3/mmpy-16/libgcc.a(_mulsi3.o)
                0x000000000000e486                __mulsi3
 .text.libgcc   0x000000000000e4b2       0x22 /usr/lib/gcc/msp430/4.6.3/mmpy-16/libgcc.a(_udivmod16.o)
                0x000000000000e4b2                __udivhi3
                0x000000000000e4b2                __ext_udivmod16
                0x000000000000e4cc                __umodhi3
 .text.libgcc   0x000000000000e4d4       0x3a /usr/lib/gcc/msp430/4.6.3/mmpy-16/libgcc.a(_divmod16.o)
                0x000000000000e4d4                __ext_divmod16
                0x000000000000e4d4                __divhi3
                0x000000000000e506                __modhi3
 .text.libgcc   0x000000000000e50e       0x40 /usr/lib/gcc/msp430/4.6.3/mmpy-16/libgcc.a(_udivmod32.o)
                0x000000000000e50e                __udivsi3
                0x000000000000e50e                __ext_udivmod32
                0x000000000000e544                __umodsi3
 .text.libgcc   0x000000000000e54e       0x4c /usr/lib/gcc/msp430/4.6.3/mmpy-16/libgcc.a(_divmod32.o)
                0x000000000000e54e                __ext_divmod32
                0x000000000000e54e                __divsi3
                0x000000000000e590                __modsi3
 .text          0x000000000000e59a       0x20 /usr/lib/gcc/msp430/4.6.3/../../../../msp430/lib/mmpy-16/libc.a(memcmp.o)
                0x000000000000e59a                memcmp
 .text          0x000000000000e5ba       0xfa /usr/lib/gcc/msp430/4.6.3/../../../../msp430/lib/mmpy-16/libc.a(memcpy.o)
                0x000000000000e5ba                memcpy
 .text          0x000000000000e6b4       0xfa /usr/lib/gcc/msp430/4.6.3/../../../../msp430/lib/mmpy-16/libc.a(memmove.o)
                0x000000000000e6b4                memmove
 .text          0x000000000000e7ae       0x6a /usr/lib/gcc/msp430/4.6.3/../../../../msp430/lib/mmpy-16/libc.a(memset.o)
                0x000000000000e7ae                memset
 .text          0x000000000000e818       0x1e /usr/lib/gcc/msp430/4.6.3/../../../../msp430/lib/mmpy-16/libc.a(printf.o)
                0x000000000000e818                printf
                0x000000000000e828                vprintf
 .text          0x000000000000e836      0x836 /usr/lib/gcc/msp430/4.6.3/../../../../msp430/lib/mmpy-16/libc.a(vuprintf.o)
                0x000000000000e9ce                vuprintf
 .text          0x000000000000f06c       0x2c /usr/lib/gcc/msp430/4.6.3/../../../../msp430/lib/mmpy-16/libc.a(puts.o)
                0x000000000000f06c                puts
 .text          0x000000000000f098       0x54 /usr/lib/gcc/msp430/4.6.3/../../../../msp430/lib/mmpy-16/libc.a(rand.o)
                0x000000000000f098                rand_r
                0x000000000000f0bc                rand
                0x000000000000f0e2                srand
 .text.libgcc   0x000000000000f0ec       0xf0 /usr/lib/gcc/msp430/4.6.3/mmpy-16/libgcc.a(_udivmod64.o)
                0x000000000000f0ec                __xabi_udivmod64
                0x000000000000f14a                __udivdi3
                0x000000000000f170                __umoddi3
                0x000000000000f19e                __udivmoddi4
 .text.crt0     0x000000000000f1dc        0x2 /usr/lib/gcc/msp430/4.6.3/mmpy-16/libcrt0.a(_unexpected_.o)
                0x000000000000f1dc                _unexpected_
                0x000000000000f1de                . = ALIGN (0x2)

.rodata         0x000000000000f1de      0x3c2
                0x000000000000f1de                . = ALIGN (0x2)
 *(.rodata .rodata.* .gnu.linkonce.r.*)
 .rodata        0x000000000000f1de       0x7a unicast-receiver.co
                0x000000000000f232                autostart_processes
 .rodata        0x000000000000f258      0x124 obj_sky/contiki-sky-main.o
 .rodata        0x000000000000f37c       0x99 contiki-sky.a(servreg-hack.o)
 .rodata        0x000000000000f415        0x8 contiki-sky.a(sensors.o)
 *fill*         0x000000000000f41d        0x1 00
 .rodata        0x000000000000f41e       0x70 contiki-sky.a(cc2420.o)
                0x000000000000f450                cc2420_aes_128_driver
                0x000000000000f454                cc2420_driver
 .rodata        0x000000000000f48e        0xf contiki-sky.a(ctimer.o)
 .rodata        0x000000000000f49d        0xc contiki-sky.a(etimer.o)
 *fill*         0x000000000000f4a9        0x1 00
 .rodata        0x000000000000f4aa       0x20 contiki-sky.a(uip6.o)
 .rodata        0x000000000000f4ca       0x24 contiki-sky.a(sicslowpan.o)
                0x000000000000f4d6                sicslowpan_driver
                0x000000000000f4dc                llprefix
                0x000000000000f4de                unc_mxconf
                0x000000000000f4e2                unc_ctxconf
                0x000000000000f4e6                unc_llconf
 .rodata        0x000000000000f4ee        0xd contiki-sky.a(tcpip.o)
 .rodata        0x000000000000f4fb       0x13 contiki-sky.a(simple-udp.o)
 .rodata        0x000000000000f50e       0x28 contiki-sky.a(uip-debug.o)
 .rodata        0x000000000000f536        0x6 contiki-sky.a(framer-802154.o)
                0x000000000000f536                framer_802154
 .rodata        0x000000000000f53c        0x2 contiki-sky.a(frame802154.o)
 .rodata        0x000000000000f53e       0x14 contiki-sky.a(csma.o)
                0x000000000000f544                csma_driver
 .rodata        0x000000000000f552       0x18 contiki-sky.a(nullrdc.o)
                0x000000000000f55a                nullrdc_driver
 .rodata        0x000000000000f56a        0x8 contiki-sky.a(linkaddr.o)
                0x000000000000f56a                linkaddr_null
 .rodata        0x000000000000f572       0x10 contiki-sky.a(nullsec.o)
                0x000000000000f57a                nullsec_driver
 .rodata        0x000000000000f582       0x16 contiki-sky.a(wur.o)
                0x000000000000f590                wur_sensor
 .rodata        0x000000000000f598        0x7 /usr/lib/gcc/msp430/4.6.3/../../../../msp430/lib/mmpy-16/libc.a(vuprintf.o)
                0x000000000000f5a0                . = ALIGN (0x2)
 *fill*         0x000000000000f59f        0x1 00
                0x000000000000f5a0                _etext = .

.data           0x0000000000001100      0x10c load address 0x000000000000f5a0
                0x0000000000001100                . = ALIGN (0x2)
                0x0000000000001100                PROVIDE (__data_start, .)
 *(.data .data.* .gnu.linkonce.d.*)
 .data          0x0000000000001100        0xa unicast-receiver.co
                0x0000000000001100                unicast_receiver_process
 .data          0x000000000000110a       0x12 contiki-sky.a(servreg-hack.o)
                0x000000000000110a                servreg_hack_process
 .data          0x000000000000111c        0xa contiki-sky.a(sensors.o)
                0x000000000000111c                sensors_process
 .data          0x0000000000001126        0xc contiki-sky.a(cc2420.o)
                0x0000000000001126                cc2420_process
 .data          0x0000000000001132        0x2 contiki-sky.a(msp430.o)
 .data          0x0000000000001134        0xa contiki-sky.a(ctimer.o)
                0x0000000000001134                ctimer_process
 .data          0x000000000000113e        0xa contiki-sky.a(etimer.o)
                0x000000000000113e                etimer_process
 .data          0x0000000000001148       0x22 contiki-sky.a(uip-ds6-route.o)
                0x0000000000001148                nbr_routes
 .data          0x000000000000116a        0xa contiki-sky.a(uip-ds6-nbr.o)
                0x000000000000116a                ds6_neighbors
 .data          0x0000000000001174        0xa contiki-sky.a(tcpip.o)
                0x0000000000001174                tcpip_process
 .data          0x000000000000117e        0xa contiki-sky.a(simple-udp.o)
                0x000000000000117e                simple_udp_process
 .data          0x0000000000001188        0xa contiki-sky.a(rpl-dag.o)
                0x0000000000001188                rpl_parents
 .data          0x0000000000001192        0x2 contiki-sky.a(frame802154.o)
 .data          0x0000000000001194       0x18 contiki-sky.a(csma.o)
 .data          0x00000000000011ac       0x10 contiki-sky.a(queuebuf.o)
 .data          0x00000000000011bc        0x8 contiki-sky.a(nbr-table.o)
 .data          0x00000000000011c4        0x8 contiki-sky.a(link-stats.o)
 .data          0x00000000000011cc        0x4 contiki-sky.a(wur.o)
                0x00000000000011cc                sensors
 .data          0x00000000000011d0        0xc contiki-sky.a(uip-icmp6.o)
 .data          0x00000000000011dc       0x1a contiki-sky.a(rpl-icmp6.o)
 .data          0x00000000000011f6       0x12 contiki-sky.a(rpl-mrhof.o)
                0x00000000000011f6                rpl_mrhof
 .data          0x0000000000001208        0x4 /usr/lib/gcc/msp430/4.6.3/../../../../msp430/lib/mmpy-16/libc.a(rand.o)
                0x000000000000120c                . = ALIGN (0x2)
                0x000000000000120c                _edata = .
                0x000000000000f5a0                PROVIDE (__data_load_start, LOADADDR (.data))
                0x000000000000010c                PROVIDE (__data_size, SIZEOF (.data))

.bss            0x000000000000120c     0x1e92 load address 0x000000000000f6ac
                0x000000000000120c                PROVIDE (__bss_start, .)
 *(.bss .bss.*)
 .bss           0x000000000000120c       0x2c unicast-receiver.co
 .bss           0x0000000000001238        0xc obj_sky/contiki-sky-main.o
 .bss           0x0000000000001244      0x1f2 contiki-sky.a(servreg-hack.o)
 .bss           0x0000000000001436        0x2 contiki-sky.a(node-id.o)
                0x0000000000001436                node_id
 .bss           0x0000000000001438        0x6 contiki-sky.a(sensors.o)
 .bss           0x000000000000143e        0xa contiki-sky.a(cc2420.o)
 .bss           0x0000000000001448       0x9a contiki-sky.a(uart1.o)
 .bss           0x00000000000014e2        0xa contiki-sky.a(clock.o)
 .bss           0x00000000000014ec        0x1 contiki-sky.a(leds.o)
 *fill*         0x00000000000014ed        0x1 00
 .bss           0x00000000000014ee        0x2 contiki-sky.a(watchdog.o)
 .bss           0x00000000000014f0        0x4 contiki-sky.a(ctimer.o)
 .bss           0x00000000000014f4        0x6 contiki-sky.a(etimer.o)
 .bss           0x00000000000014fa       0x38 contiki-sky.a(process.o)
                0x00000000000014fa                process_current
                0x00000000000014fc                process_list
 .bss           0x0000000000001532        0x2 contiki-sky.a(rtimer.o)
 .bss           0x0000000000001534       0x18 contiki-sky.a(uip-ds6.o)
 .bss           0x000000000000154c      0x2e2 contiki-sky.a(uip-ds6-route.o)
 .bss           0x000000000000182e        0xc contiki-sky.a(uip6.o)
                0x000000000000182e                uip_ext_opt_offset
                0x0000000000001830                uip_ext_len
                0x0000000000001832                uip_ext_bitmap
 .bss           0x000000000000183a      0x120 contiki-sky.a(uip-ds6-nbr.o)
 .bss           0x000000000000195a      0x6e6 contiki-sky.a(sicslowpan.o)
 .bss           0x0000000000002040       0x30 contiki-sky.a(tcpip.o)
 .bss           0x0000000000002070       0xf2 contiki-sky.a(simple-udp.o)
 .bss           0x0000000000002162        0x2 contiki-sky.a(rpl.o)
 .bss           0x0000000000002164       0x60 contiki-sky.a(rpl-dag.o)
 .bss           0x00000000000021c4        0x2 contiki-sky.a(framer-802154.o)
 .bss           0x00000000000021c6       0xc0 contiki-sky.a(csma.o)
 .bss           0x0000000000002286      0x5a0 contiki-sky.a(queuebuf.o)
 .bss           0x0000000000002826       0xe4 contiki-sky.a(nbr-table.o)
 .bss           0x000000000000290a       0x86 contiki-sky.a(packetbuf.o)
 .bss           0x0000000000002990       0xa0 contiki-sky.a(link-stats.o)
 .bss           0x0000000000002a30       0x14 contiki-sky.a(uip-icmp6.o)
 .bss           0x0000000000002a44       0x18 contiki-sky.a(rpl-timers.o)
 .bss           0x0000000000002a5c       0x20 contiki-sky.a(rpl-nbr-policy.)
 *(COMMON)
 COMMON         0x0000000000002a7c        0x8 contiki-sky.a(ds2411.o)
                0x0000000000002a7c                ds2411_id
 COMMON         0x0000000000002a84        0x1 contiki-sky.a(sensors.o)
                0x0000000000002a84                sensors_event
 *fill*         0x0000000000002a85        0x1 00
 COMMON         0x0000000000002a86       0x10 contiki-sky.a(cc2420.o)
                0x0000000000002a86                cc2420_last_rssi
                0x0000000000002a88                cc2420_sfd_start_time
                0x0000000000002a8a                cc2420_time_of_departure
                0x0000000000002a8c                cc2420_time_of_arrival
                0x0000000000002a8e                cc2420_last_correlation
                0x0000000000002a90                cc2420_authority_level_of_sender
                0x0000000000002a92                cc2420_sfd_counter
                0x0000000000002a94                cc2420_sfd_end_time
 COMMON         0x0000000000002a96        0x2 contiki-sky.a(msp430.o)
                0x0000000000002a96                msp430_dco_required
 COMMON         0x0000000000002a98       0x56 contiki-sky.a(energest.o)
                0x0000000000002a98                energest_total_time
                0x0000000000002ac8                energest_total_count
                0x0000000000002aca                energest_current_mode
                0x0000000000002ad6                energest_current_time
 COMMON         0x0000000000002aee        0x1 contiki-sky.a(process.o)
                0x0000000000002aee                process_maxevents
 *fill*         0x0000000000002aef        0x1 00
 COMMON         0x0000000000002af0      0x15c contiki-sky.a(uip-ds6.o)
                0x0000000000002af0                uip_ds6_timer_ra
                0x0000000000002af8                uip_ds6_if
                0x0000000000002be4                uip_ds6_netif_addr_list_offset
                0x0000000000002be5                uip_ds6_addr_size
                0x0000000000002be6                uip_ds6_prefix_list
                0x0000000000002c40                uip_ds6_timer_periodic
 COMMON         0x0000000000002c4c      0x304 contiki-sky.a(uip6.o)
                0x0000000000002c4c                uip_len
                0x0000000000002c4e                uip_sappdata
                0x0000000000002c50                uip_acc32
                0x0000000000002c54                uip_lladdr
                0x0000000000002c5c                uip_aligned_buf
                0x0000000000002d4c                uip_flags
                0x0000000000002d4e                uip_next_hdr
                0x0000000000002d50                uip_udp_conn
                0x0000000000002d52                uip_appdata
                0x0000000000002d54                uip_conn
                0x0000000000002d56                uip_conns
                0x0000000000002e06                uip_listenports
                0x0000000000002e16                uip_slen
                0x0000000000002e18                uip_udp_conns
 COMMON         0x0000000000002f50        0x1 contiki-sky.a(tcpip.o)
                0x0000000000002f50                tcpip_event
 *fill*         0x0000000000002f51        0x1 00
 COMMON         0x0000000000002f52      0x100 contiki-sky.a(rpl-dag.o)
                0x0000000000002f52                default_instance
                0x0000000000002f54                instance_table
 COMMON         0x0000000000003052       0x2e contiki-sky.a(packetbuf.o)
                0x0000000000003052                packetbuf_addrs
                0x0000000000003062                packetbuf_attrs
 COMMON         0x0000000000003080        0x8 contiki-sky.a(linkaddr.o)
                0x0000000000003080                linkaddr_node_addr
 COMMON         0x0000000000003088       0x14 contiki-sky.a(link-stats.o)
                0x0000000000003088                periodic_timer
 COMMON         0x000000000000309c        0x2 contiki-sky.a(wur.o)
                0x000000000000309c                sensors_flags
                0x000000000000309e                . = ALIGN (0x2)
                0x000000000000309e                PROVIDE (__bss_end, .)
                0x0000000000001e92                PROVIDE (__bss_size, SIZEOF (.bss))

.noinit         0x000000000000309e        0x2 load address 0x000000000000f6ac
                0x000000000000309e                PROVIDE (__noinit_start, .)
 *(.noinit .noinit.*)
 .noinit.crt0   0x000000000000309e        0x2 /usr/lib/gcc/msp430/4.6.3/mmpy-16/libcrt0.a(__watchdog_support.o)
                0x000000000000309e                __wdt_clear_value
                0x00000000000030a0                . = ALIGN (0x2)
                0x00000000000030a0                PROVIDE (__noinit_end, .)
                0x00000000000030a0                . = ALIGN (0x2)
                0x00000000000030a0                _end = .

.infomem        0x0000000000001000        0x0
 *(.infomem)
                0x0000000000001000                . = ALIGN (0x2)
 *(.infomem.*)

.infomemnobits  0x0000000000001000        0x0
 *(.infomemnobits)
                0x0000000000001000                . = ALIGN (0x2)
 *(.infomemnobits.*)

.infoa
 *(.infoa .infoa.*)

.infob
 *(.infob .infob.*)

.infoc
 *(.infoc .infoc.*)

.infod
 *(.infod .infod.*)

.vectors        0x000000000000ffe0       0x20
                0x000000000000ffe0                PROVIDE (__vectors_start, .)
 *(.vectors*)
 .vectors       0x000000000000ffe0       0x20 /usr/lib/gcc/msp430/4.6.3/mmpy-16/crt0ivtbl16.o
                0x000000000000ffe0                __ivtbl_16
                0x0000000000010000                _vectors_end = .

.fartext        0x0000000000000000        0x0
                0x0000000000000000                . = ALIGN (0x2)
 *(.fartext)
                0x0000000000000000                . = ALIGN (0x2)
 *(.fartext.*)
                0x0000000000000000                _efartext = .

.profiler
 *(.profiler)

.stab           0x0000000000000000    0x2a8c4
 *(.stab)
 .stab          0x0000000000000000     0x12cc unicast-receiver.co
 .stab          0x00000000000012cc     0x16ec obj_sky/contiki-sky-main.o
                                       0x1b30 (size before relaxing)
 .stab          0x00000000000029b8     0x1230 contiki-sky.a(servreg-hack.o)
                                       0x1fd4 (size before relaxing)
 .stab          0x0000000000003be8      0x24c contiki-sky.a(contiki-sky-pla)
                                        0x5a0 (size before relaxing)
 .stab          0x0000000000003e34      0x624 contiki-sky.a(ds2411.o)
                                        0xb40 (size before relaxing)
 .stab          0x0000000000004458      0xa38 contiki-sky.a(xmem.o)
                                        0xf60 (size before relaxing)
 .stab          0x0000000000004e90      0x2b8 contiki-sky.a(node-id.o)
                                        0x4e0 (size before relaxing)
 .stab          0x0000000000005148      0x654 contiki-sky.a(sensors.o)
                                        0xb70 (size before relaxing)
 .stab          0x000000000000579c     0x28bc contiki-sky.a(cc2420.o)
                                       0x2fe8 (size before relaxing)
 .stab          0x0000000000008058      0x5ac contiki-sky.a(cc2420-arch.o)
                                       0x1734 (size before relaxing)
 .stab          0x0000000000008604      0x60c contiki-sky.a(uart1.o)
                                        0x960 (size before relaxing)
 .stab          0x0000000000008c10      0x234 contiki-sky.a(uart1-putchar.o)
                                        0x588 (size before relaxing)
 .stab          0x0000000000008e44      0x744 contiki-sky.a(msp430.o)
                                        0xa98 (size before relaxing)
 .stab          0x0000000000009588      0x948 contiki-sky.a(clock.o)
                                        0xc9c (size before relaxing)