Archive member included because of file (symbol)

contiki-sky.a(contiki-sky-pla)
                              obj_sky/contiki-sky-main.o (init_platform)
contiki-sky.a(ds2411.o)       obj_sky/contiki-sky-main.o (ds2411_init)
contiki-sky.a(xmem.o)         obj_sky/contiki-sky-main.o (xmem_init)
contiki-sky.a(node-id.o)      obj_sky/contiki-sky-main.o (node_id_restore)
contiki-sky.a(sensors.o)      udp-server.co (sensors_event)
contiki-sky.a(cc2420.o)       obj_sky/contiki-sky-main.o (cc2420_set_pan_addr)
contiki-sky.a(cc2420-arch.o)  contiki-sky.a(cc2420.o) (cc2420_arch_init)
contiki-sky.a(uart1.o)        obj_sky/contiki-sky-main.o (uart1_active)
contiki-sky.a(uart1-putchar.o)
                              udp-server.co (putchar)
contiki-sky.a(msp430.o)       contiki-sky.a(uart1.o) (msp430_add_lpm_req)
contiki-sky.a(clock.o)        obj_sky/contiki-sky-main.o (clock_init)
contiki-sky.a(leds.o)         obj_sky/contiki-sky-main.o (leds_init)
contiki-sky.a(leds-arch.o)    contiki-sky.a(leds.o) (leds_arch_init)
contiki-sky.a(watchdog.o)     obj_sky/contiki-sky-main.o (watchdog_start)
contiki-sky.a(rtimer-arch.o)  obj_sky/contiki-sky-main.o (rtimer_arch_now)
contiki-sky.a(autostart.o)    obj_sky/contiki-sky-main.o (autostart_start)
contiki-sky.a(energest.o)     obj_sky/contiki-sky-main.o (energest_init)
contiki-sky.a(ctimer.o)       obj_sky/contiki-sky-main.o (ctimer_init)
contiki-sky.a(etimer.o)       contiki-sky.a(clock.o) (etimer_request_poll)
contiki-sky.a(process.o)      udp-server.co (process_current)
contiki-sky.a(rtimer.o)       obj_sky/contiki-sky-main.o (rtimer_init)
contiki-sky.a(timer.o)        obj_sky/contiki-sky-main.o (timer_set)
contiki-sky.a(list.o)         contiki-sky.a(ctimer.o) (list_init)
contiki-sky.a(random.o)       obj_sky/contiki-sky-main.o (random_init)
contiki-sky.a(uip-ds6.o)      udp-server.co (uip_ds6_addr_lookup)
contiki-sky.a(uip-ds6-route.o)
                              contiki-sky.a(uip-ds6.o) (uip_ds6_route_init)
contiki-sky.a(uip6.o)         udp-server.co (uip_aligned_buf)
contiki-sky.a(uip-ds6-nbr.o)  contiki-sky.a(uip-ds6.o) (uip_ds6_neighbors_init)
contiki-sky.a(uip-nd6.o)      contiki-sky.a(uip6.o) (uip_nd6_init)
contiki-sky.a(sicslowpan.o)   obj_sky/contiki-sky-main.o (sicslowpan_driver)
contiki-sky.a(tcpip.o)        contiki-sky.a(sicslowpan.o) (tcpip_set_outputfunc)
contiki-sky.a(uip-debug.o)    udp-server.co (uip_debug_ipaddr_print)
contiki-sky.a(rpl-ext-header.)
                              contiki-sky.a(uip6.o) (rpl_verify_header)
contiki-sky.a(rpl.o)          contiki-sky.a(uip-ds6-nbr.o) (rpl_link_neighbor_callback)
contiki-sky.a(rpl-mrhof.o)    contiki-sky.a(rpl.o) (rpl_mrhof)
contiki-sky.a(rpl-dag.o)      contiki-sky.a(rpl-mrhof.o) (rpl_get_nbr)
contiki-sky.a(framer-802154.o)
                              contiki-sky.a(sicslowpan.o) (framer_802154)
contiki-sky.a(frame802154.o)  contiki-sky.a(framer-802154.o) (frame802154_hdrlen)
contiki-sky.a(csma.o)         udp-server.co (csma_driver)
contiki-sky.a(framer.o)       contiki-sky.a(framer-802154.o) (framer_canonical_create_and_secure)
contiki-sky.a(queuebuf.o)     obj_sky/contiki-sky-main.o (queuebuf_init)
contiki-sky.a(nbr-table.o)    contiki-sky.a(uip-ds6-route.o) (nbr_table_register)
contiki-sky.a(packetbuf.o)    contiki-sky.a(framer.o) (packetbuf_compact)
contiki-sky.a(linkaddr.o)     obj_sky/contiki-sky-main.o (linkaddr_copy)
contiki-sky.a(contikimac.o)   obj_sky/contiki-sky-main.o (contikimac_driver)
contiki-sky.a(nullsec.o)      obj_sky/contiki-sky-main.o (nullsec_driver)
contiki-sky.a(wur.o)          contiki-sky.a(sensors.o) (sensors_flags)
contiki-sky.a(spi.o)          contiki-sky.a(xmem.o) (spi_init)
contiki-sky.a(stimer.o)       contiki-sky.a(uip-ds6.o) (stimer_set)
contiki-sky.a(compower.o)     contiki-sky.a(contikimac.o) (compower_accumulate)
contiki-sky.a(memb.o)         contiki-sky.a(uip-ds6-route.o) (memb_init)
contiki-sky.a(uip-icmp6.o)    contiki-sky.a(uip6.o) (uip_icmp6_input)
contiki-sky.a(rpl-icmp6.o)    contiki-sky.a(rpl-ext-header.) (dao_output_target)
contiki-sky.a(rpl-timers.o)   contiki-sky.a(rpl.o) (rpl_reset_periodic_timer)
contiki-sky.a(mac-sequence.o)
                              contiki-sky.a(contikimac.o) (mac_sequence_is_duplicate)
contiki-sky.a(mac.o)          contiki-sky.a(csma.o) (mac_call_sent_callback)
/usr/lib/gcc/msp430/4.6.3/mmpy-16/libgcc.a(_mulsi3.o)
                              contiki-sky.a(rpl.o) (__mulsi3)
/usr/lib/gcc/msp430/4.6.3/mmpy-16/libgcc.a(_udivmod16.o)
                              contiki-sky.a(rpl-dag.o) (__udivhi3)
/usr/lib/gcc/msp430/4.6.3/mmpy-16/libgcc.a(_divmod16.o)
                              contiki-sky.a(sicslowpan.o) (__divhi3)
/usr/lib/gcc/msp430/4.6.3/mmpy-16/libgcc.a(_udivmod32.o)
                              obj_sky/contiki-sky-main.o (__udivsi3)
/usr/lib/gcc/msp430/4.6.3/../../../../msp430/lib/mmpy-16/libc.a(strncmp.o)
                              contiki-sky.a(sensors.o) (strncmp)
[...]
Memory Configuration

Name             Origin             Length             Attributes
sfr              0x0000000000000000 0x0000000000000010
peripheral_8bit  0x0000000000000010 0x00000000000000f0
peripheral_16bit 0x0000000000000100 0x0000000000000100
ram_mirror       0x0000000000000200 0x0000000000000800 xw
infomem          0x0000000000001000 0x0000000000000100
infob            0x0000000000001000 0x0000000000000080
infoa            0x0000000000001080 0x0000000000000080
ram              0x0000000000001100 0x0000000000002800 xw
rom              0x0000000000004000 0x000000000000bfe0 xr
vectors          0x000000000000ffe0 0x0000000000000020
bsl              0x0000000000000000 0x0000000000000000
infoc            0x0000000000000000 0x0000000000000000
infod            0x0000000000000000 0x0000000000000000
ram2             0x0000000000000000 0x0000000000000000 xw
usbram           0x0000000000000000 0x0000000000000000 xw
far_rom          0x0000000000000000 0x0000000000000000
*default*        0x0000000000000000 0xffffffffffffffff

Linker script and memory map

LOAD /usr/lib/gcc/msp430/4.6.3/mmpy-16/crt0ivtbl16.o
LOAD udp-server.co
LOAD obj_sky/contiki-sky-main.o
LOAD contiki-sky.a
LOAD /usr/lib/gcc/msp430/4.6.3/mmpy-16/libgcc.a
LOAD /usr/lib/gcc/msp430/4.6.3/../../../../msp430/lib/mmpy-16/libc.a
LOAD /usr/lib/gcc/msp430/4.6.3/mmpy-16/libgcc.a
LOAD /usr/lib/gcc/msp430/4.6.3/mmpy-16/libcrt0.a
                0x0000000000000080                PROVIDE (__info_segment_size, 0x80)
                0x0000000000001000                PROVIDE (__infob, 0x1000)
                0x0000000000001080                PROVIDE (__infoa, 0x1080)
                0x0000000000000000                __IE1 = 0x0
                0x0000000000000002                __IFG1 = 0x2
                0x0000000000000004                __ME1 = 0x4
                0x0000000000000001                __IE2 = 0x1
                0x0000000000000003                __IFG2 = 0x3
                0x0000000000000005                __ME2 = 0x5
                0x0000000000000120                __WDTCTL = 0x120
                0x0000000000000130                __MPY = 0x130
                0x0000000000000132                __MPYS = 0x132
                0x0000000000000134                __MAC = 0x134
                0x0000000000000136                __MACS = 0x136
                0x0000000000000138                __OP2 = 0x138
                0x000000000000013a                __RESLO = 0x13a
                0x000000000000013c                __RESHI = 0x13c
                0x000000000000013e                __SUMEXT = 0x13e
                0x0000000000000020                __P1IN = 0x20
                0x0000000000000021                __P1OUT = 0x21
                0x0000000000000022                __P1DIR = 0x22
                0x0000000000000023                __P1IFG = 0x23
                0x0000000000000024                __P1IES = 0x24
                0x0000000000000025                __P1IE = 0x25
                0x0000000000000026                __P1SEL = 0x26
                0x0000000000000028                __P2IN = 0x28
                0x0000000000000029                __P2OUT = 0x29
                0x000000000000002a                __P2DIR = 0x2a
                0x000000000000002b                __P2IFG = 0x2b
                0x000000000000002c                __P2IES = 0x2c
                0x000000000000002d                __P2IE = 0x2d
                0x000000000000002e                __P2SEL = 0x2e
                0x0000000000000018                __P3IN = 0x18
                0x0000000000000019                __P3OUT = 0x19
                0x000000000000001a                __P3DIR = 0x1a
                0x000000000000001b                __P3SEL = 0x1b
                0x000000000000001c                __P4IN = 0x1c
                0x000000000000001d                __P4OUT = 0x1d
                0x000000000000001e                __P4DIR = 0x1e
                0x000000000000001f                __P4SEL = 0x1f
                0x0000000000000030                __P5IN = 0x30
                0x0000000000000031                __P5OUT = 0x31
                0x0000000000000032                __P5DIR = 0x32
                0x0000000000000033                __P5SEL = 0x33
                0x0000000000000034                __P6IN = 0x34
                0x0000000000000035                __P6OUT = 0x35
                0x0000000000000036                __P6DIR = 0x36
                0x0000000000000037                __P6SEL = 0x37
                0x0000000000000070                __U0CTL = 0x70
                0x0000000000000071                __U0TCTL = 0x71
                0x0000000000000072                __U0RCTL = 0x72
                0x0000000000000073                __U0MCTL = 0x73
                0x0000000000000074                __U0BR0 = 0x74
                0x0000000000000075                __U0BR1 = 0x75
                0x0000000000000076                __U0RXBUF = 0x76
                0x0000000000000077                __U0TXBUF = 0x77
                0x0000000000000078                __U1CTL = 0x78
                0x0000000000000079                __U1TCTL = 0x79
                0x000000000000007a                __U1RCTL = 0x7a
                0x000000000000007b                __U1MCTL = 0x7b
                0x000000000000007c                __U1BR0 = 0x7c
                0x000000000000007d                __U1BR1 = 0x7d
                0x000000000000007e                __U1RXBUF = 0x7e
                0x000000000000007f                __U1TXBUF = 0x7f
                0x0000000000000050                __I2CIE = 0x50
                0x0000000000000051                __I2CIFG = 0x51
                0x0000000000000052                __I2CNDAT = 0x52
                0x0000000000000071                __I2CTCTL = 0x71
                0x0000000000000072                __I2CDCTL = 0x72
                0x0000000000000073                __I2CPSC = 0x73
                0x0000000000000074                __I2CSCLH = 0x74
                0x0000000000000075                __I2CSCLL = 0x75
                0x0000000000000076                __I2CDRB = 0x76
                0x0000000000000076                __I2CDRW = 0x76
                0x0000000000000118                __I2COA = 0x118
                0x000000000000011a                __I2CSA = 0x11a
                0x000000000000011c                __I2CIV = 0x11c
                0x000000000000012e                __TAIV = 0x12e
                0x0000000000000160                __TACTL = 0x160
                0x0000000000000162                __TACCTL0 = 0x162
                0x0000000000000164                __TACCTL1 = 0x164
                0x0000000000000166                __TACCTL2 = 0x166
                0x0000000000000170                __TAR = 0x170
                0x0000000000000172                __TACCR0 = 0x172
                0x0000000000000174                __TACCR1 = 0x174
                0x0000000000000176                __TACCR2 = 0x176
                0x000000000000011e                __TBIV = 0x11e
                0x0000000000000180                __TBCTL = 0x180
                0x0000000000000182                __TBCCTL0 = 0x182
                0x0000000000000184                __TBCCTL1 = 0x184
                0x0000000000000186                __TBCCTL2 = 0x186
                0x0000000000000188                __TBCCTL3 = 0x188
                0x000000000000018a                __TBCCTL4 = 0x18a
                0x000000000000018c                __TBCCTL5 = 0x18c
                0x000000000000018e                __TBCCTL6 = 0x18e
                0x0000000000000190                __TBR = 0x190
                0x0000000000000192                __TBCCR0 = 0x192
                0x0000000000000194                __TBCCR1 = 0x194
                0x0000000000000196                __TBCCR2 = 0x196
                0x0000000000000198                __TBCCR3 = 0x198
                0x000000000000019a                __TBCCR4 = 0x19a
                0x000000000000019c                __TBCCR5 = 0x19c
                0x000000000000019e                __TBCCR6 = 0x19e
                0x0000000000000056                __DCOCTL = 0x56
                0x0000000000000057                __BCSCTL1 = 0x57
                0x0000000000000058                __BCSCTL2 = 0x58
                0x0000000000000055                __SVSCTL = 0x55
                0x0000000000000128                __FCTL1 = 0x128
                0x000000000000012a                __FCTL2 = 0x12a
                0x000000000000012c                __FCTL3 = 0x12c
                0x0000000000000059                __CACTL1 = 0x59
                0x000000000000005a                __CACTL2 = 0x5a
                0x000000000000005b                __CAPD = 0x5b
                0x00000000000001a0                __ADC12CTL0 = 0x1a0
                0x00000000000001a2                __ADC12CTL1 = 0x1a2
                0x00000000000001a4                __ADC12IFG = 0x1a4
                0x00000000000001a6                __ADC12IE = 0x1a6
                0x00000000000001a8                __ADC12IV = 0x1a8
                0x0000000000000140                __ADC12MEM0 = 0x140
                0x0000000000000142                __ADC12MEM1 = 0x142
                0x0000000000000144                __ADC12MEM2 = 0x144
                0x0000000000000146                __ADC12MEM3 = 0x146
                0x0000000000000148                __ADC12MEM4 = 0x148
                0x000000000000014a                __ADC12MEM5 = 0x14a
                0x000000000000014c                __ADC12MEM6 = 0x14c
                0x000000000000014e                __ADC12MEM7 = 0x14e
                0x0000000000000150                __ADC12MEM8 = 0x150
                0x0000000000000152                __ADC12MEM9 = 0x152
                0x0000000000000154                __ADC12MEM10 = 0x154
                0x0000000000000156                __ADC12MEM11 = 0x156
                0x0000000000000158                __ADC12MEM12 = 0x158
                0x000000000000015a                __ADC12MEM13 = 0x15a
                0x000000000000015c                __ADC12MEM14 = 0x15c
                0x000000000000015e                __ADC12MEM15 = 0x15e
                0x0000000000000080                __ADC12MCTL0 = 0x80
                0x0000000000000081                __ADC12MCTL1 = 0x81
                0x0000000000000082                __ADC12MCTL2 = 0x82
                0x0000000000000083                __ADC12MCTL3 = 0x83
                0x0000000000000084                __ADC12MCTL4 = 0x84
                0x0000000000000085                __ADC12MCTL5 = 0x85
                0x0000000000000086                __ADC12MCTL6 = 0x86
                0x0000000000000087                __ADC12MCTL7 = 0x87
                0x0000000000000088                __ADC12MCTL8 = 0x88
                0x0000000000000089                __ADC12MCTL9 = 0x89
                0x000000000000008a                __ADC12MCTL10 = 0x8a
                0x000000000000008b                __ADC12MCTL11 = 0x8b
                0x000000000000008c                __ADC12MCTL12 = 0x8c
                0x000000000000008d                __ADC12MCTL13 = 0x8d
                0x000000000000008e                __ADC12MCTL14 = 0x8e
                0x000000000000008f                __ADC12MCTL15 = 0x8f
                0x00000000000001c0                __DAC12_0CTL = 0x1c0
                0x00000000000001c2                __DAC12_1CTL = 0x1c2
                0x00000000000001c8                __DAC12_0DAT = 0x1c8
                0x00000000000001ca                __DAC12_1DAT = 0x1ca
                0x0000000000000122                __DMACTL0 = 0x122
                0x0000000000000124                __DMACTL1 = 0x124
                0x00000000000001e0                __DMA0CTL = 0x1e0
                0x00000000000001e8                __DMA1CTL = 0x1e8
                0x00000000000001f0                __DMA2CTL = 0x1f0
                0x00000000000001e2                __DMA0SA = 0x1e2
                0x00000000000001e4                __DMA0DA = 0x1e4
                0x00000000000001e6                __DMA0SZ = 0x1e6
                0x00000000000001ea                __DMA1SA = 0x1ea
                0x00000000000001ec                __DMA1DA = 0x1ec
                0x00000000000001ee                __DMA1SZ = 0x1ee
                0x00000000000001f2                __DMA2SA = 0x1f2
                0x00000000000001f4                __DMA2DA = 0x1f4
                0x00000000000001f6                __DMA2SZ = 0x1f6

.hash
 *(.hash)

.dynsym
 *(.dynsym)

.dynstr
 *(.dynstr)

.gnu.version
 *(.gnu.version)

.gnu.version_d
 *(.gnu.version_d)

.gnu.version_r
 *(.gnu.version_r)

.rel.init
 *(.rel.init)

.rela.init
 *(.rela.init)

.rel.fini
 *(.rel.fini)

.rela.fini
 *(.rela.fini)

.rel.text
 *(.rel.text .rel.text.* .rel.gnu.linkonce.t.*)

.rela.text
 *(.rela.text .rela.text.* .rela.gnu.linkonce.t.*)

.rel.rodata
 *(.rel.rodata .rel.rodata.* .rel.gnu.linkonce.r.*)

.rela.rodata
 *(.rela.rodata .rela.rodata.* .rela.gnu.linkonce.r.*)

.rel.data
 *(.rel.data .rel.data.* .rel.gnu.linkonce.d.*)

.rela.data
 *(.rela.data .rela.data.* .rela.gnu.linkonce.d.*)

.rel.bss
 *(.rel.bss .rel.bss.* .rel.gnu.linkonce.b.*)

.rela.bss
 *(.rela.bss .rela.bss.* .rela.gnu.linkonce.b.*)

.rel.ctors
 *(.rel.ctors)

.rela.ctors
 *(.rela.ctors)

.rel.dtors
 *(.rel.dtors)

.rela.dtors
 *(.rela.dtors)

.rel.got
 *(.rel.got)

.rela.got
 *(.rela.got)

.rel.plt
 *(.rel.plt)

.rela.plt
 *(.rela.plt)

.text           0x0000000000004000     0xa864
                0x0000000000004000                . = ALIGN (0x2)
 *(.init .init.*)
 *(.init0)
 .init0         0x0000000000004000        0x0 /usr/lib/gcc/msp430/4.6.3/mmpy-16/libcrt0.a(_reset_vector__.o)
                0x0000000000004000                _reset_vector__
 *(.init1)
 .init1         0x0000000000004000        0xc /usr/lib/gcc/msp430/4.6.3/mmpy-16/libcrt0.a(__watchdog_support.o)
                0x0000000000004000                __watchdog_support
 *(.init2)
 .init2         0x000000000000400c        0x4 /usr/lib/gcc/msp430/4.6.3/mmpy-16/libcrt0.a(__init_stack.o)
                0x000000000000400c                __init_stack
 *(.init3)
 .init3         0x0000000000004010        0x0 /usr/lib/gcc/msp430/4.6.3/mmpy-16/libcrt0.a(__low_level_init.o)
                0x0000000000004010                __low_level_init
 *(.init4)
 .init4         0x0000000000004010       0x18 /usr/lib/gcc/msp430/4.6.3/mmpy-16/libcrt0.a(_copy_data.o)
                0x0000000000004010                __do_copy_data
 .init4         0x0000000000004028       0x16 /usr/lib/gcc/msp430/4.6.3/mmpy-16/libcrt0.a(_clear_bss.o)
                0x0000000000004028                __do_clear_bss
 *(.init5)
 *(.init6)
 *(.init7)
 *(.init8)
 *(.init9)
 .init9         0x000000000000403e      0x2d8 obj_sky/contiki-sky-main.o
                0x000000000000403e                main
 *(.fini9)
 .fini9         0x0000000000004316        0x0 /usr/lib/gcc/msp430/4.6.3/mmpy-16/libcrt0.a(__stop_progExec__.o)
                0x0000000000004316                __stop_progExec__
 *(.fini8)
 *(.fini7)
 *(.fini6)
 *(.fini5)
 *(.fini4)
 *(.fini3)
 *(.fini2)
 *(.fini1)
 *(.fini0)
 .fini0         0x0000000000004316        0x6 /usr/lib/gcc/msp430/4.6.3/mmpy-16/libcrt0.a(_endless_loop__.o)
                0x0000000000004316                _endless_loop__
 *(.fini .fini.*)
                0x000000000000431c                . = ALIGN (0x2)
                0x000000000000431c                __ctors_start = .
 *(.ctors)
                0x000000000000431c                __ctors_end = .
                0x000000000000431c                __dtors_start = .
 *(.dtors)
                0x000000000000431c                __dtors_end = .
                0x000000000000431c                . = ALIGN (0x2)
 *(.text .text.* .gnu.linkonce.t.*)
 .text          0x000000000000431c        0x4 /usr/lib/gcc/msp430/4.6.3/mmpy-16/crt0ivtbl16.o
                0x000000000000431c                __isr_14
                0x000000000000431c                __isr_11
                0x000000000000431c                __isr_2
                0x000000000000431c                __isr_7
                0x000000000000431c                __isr_0
                0x000000000000431c                __isr_8
                0x000000000000431c                __isr_3
                0x000000000000431c                __isr_12
                0x000000000000431c                __isr_13
                0x000000000000431c                __isr_9
 .text.process_thread_udp_server_process
                0x0000000000004320      0x21a udp-server.co
 .text.start_network_layer
                0x000000000000453a       0xa2 obj_sky/contiki-sky-main.o
 .text.init_platform
                0x00000000000045dc        0xc contiki-sky.a(contiki-sky-pla)
                0x00000000000045dc                init_platform
 .text.owreadb  0x00000000000045e8       0x52 contiki-sky.a(ds2411.o)
 .text.ds2411_init
                0x000000000000463a      0x122 contiki-sky.a(ds2411.o)
                0x000000000000463a                ds2411_init
 .text.wait_ready
                0x000000000000475c       0x50 contiki-sky.a(xmem.o)
 .text.xmem_init
                0x00000000000047ac       0x3e contiki-sky.a(xmem.o)
                0x00000000000047ac                xmem_init
 .text.xmem_pread
                0x00000000000047ea       0xea contiki-sky.a(xmem.o)
                0x00000000000047ea                xmem_pread
 .text.node_id_restore
                0x00000000000048d4       0x38 contiki-sky.a(node-id.o)
                0x00000000000048d4                node_id_restore
 .text.process_thread_sensors_process
                0x000000000000490c       0xbe contiki-sky.a(sensors.o)
 .text.sensors_changed
                0x00000000000049ca       0x2a contiki-sky.a(sensors.o)
                0x00000000000049ca                sensors_changed
 .text.get_object
                0x00000000000049f4        0x4 contiki-sky.a(cc2420.o)
 .text.set_object
                0x00000000000049f8        0x4 contiki-sky.a(cc2420.o)
 .text.strobe   0x00000000000049fc       0x20 contiki-sky.a(cc2420.o)
 .text.getreg   0x0000000000004a1c       0x54 contiki-sky.a(cc2420.o)
 .text.setreg   0x0000000000004a70       0x52 contiki-sky.a(cc2420.o)
 .text.write_ram
                0x0000000000004ac2       0x80 contiki-sky.a(cc2420.o)
 .text.write_fifo_buf
                0x0000000000004b42       0x40 contiki-sky.a(cc2420.o)
 .text.get_status
                0x0000000000004b82       0x24 contiki-sky.a(cc2420.o)
 .text.set_txpower
                0x0000000000004ba6       0x26 contiki-sky.a(cc2420.o)
 .text.cc2420_receiving_packet
                0x0000000000004bcc        0xe contiki-sky.a(cc2420.o)
 .text.pending_packet
                0x0000000000004bda        0x8 contiki-sky.a(cc2420.o)
 .text.on       0x0000000000004be2       0x1e contiki-sky.a(cc2420.o)
 .text.wait_for_transmission
                0x0000000000004c00       0x22 contiki-sky.a(cc2420.o)
 .text.wait_for_status
                0x0000000000004c22       0x2a contiki-sky.a(cc2420.o)
 .text.getrxdata
                0x0000000000004c4c       0x56 contiki-sky.a(cc2420.o)
 .text.flushrx  0x0000000000004ca2       0x1a contiki-sky.a(cc2420.o)
 .text.off      0x0000000000004cbc       0x5a contiki-sky.a(cc2420.o)
 .text.RELEASE_LOCK
                0x0000000000004d16       0x28 contiki-sky.a(cc2420.o)
 .text.set_key  0x0000000000004d3e       0x18 contiki-sky.a(cc2420.o)
 .text.cc2420_prepare
                0x0000000000004d56       0x3c contiki-sky.a(cc2420.o)
 .text.cc2420_on
                0x0000000000004d92       0x22 contiki-sky.a(cc2420.o)
                0x0000000000004d92                cc2420_on
 .text.cc2420_off
                0x0000000000004db4       0x30 contiki-sky.a(cc2420.o)
                0x0000000000004db4                cc2420_off
 .text.cc2420_cca
                0x0000000000004de4       0x5e contiki-sky.a(cc2420.o)
 .text.cc2420_read
                0x0000000000004e42       0xb0 contiki-sky.a(cc2420.o)
 .text.process_thread_cc2420_process
                0x0000000000004ef2       0x50 contiki-sky.a(cc2420.o)
 .text.encrypt  0x0000000000004f42       0x8e contiki-sky.a(cc2420.o)
 .text.cc2420_set_channel
                0x0000000000004fd0       0x3c contiki-sky.a(cc2420.o)
                0x0000000000004fd0                cc2420_set_channel
 .text.cc2420_set_pan_addr
                0x000000000000500c       0x4c contiki-sky.a(cc2420.o)
                0x000000000000500c                cc2420_set_pan_addr
 .text.cc2420_interrupt
                0x0000000000005058       0x18 contiki-sky.a(cc2420.o)
                0x0000000000005058                cc2420_interrupt
 .text.cc2420_set_txpower
                0x0000000000005070        0xe contiki-sky.a(cc2420.o)
                0x0000000000005070                cc2420_set_txpower
 .text.cc2420_get_txpower
                0x000000000000507e       0x1e contiki-sky.a(cc2420.o)
                0x000000000000507e                cc2420_get_txpower
 .text.cc2420_transmit
                0x000000000000509c      0x10e contiki-sky.a(cc2420.o)
 .text.cc2420_send
                0x00000000000051aa       0x12 contiki-sky.a(cc2420.o)
 .text.cc2420_rssi
                0x00000000000051bc       0x4c contiki-sky.a(cc2420.o)
                0x00000000000051bc                cc2420_rssi
 .text.get_value
                0x0000000000005208       0xac contiki-sky.a(cc2420.o)
 .text.cc2420_set_cca_threshold
                0x00000000000052b4       0x16 contiki-sky.a(cc2420.o)
                0x00000000000052b4                cc2420_set_cca_threshold
 .text.set_value
                0x00000000000052ca       0x8a contiki-sky.a(cc2420.o)
 .text.cc2420_init
                0x0000000000005354       0xde contiki-sky.a(cc2420.o)
                0x0000000000005354                cc2420_init
 .text.cc2420_port1_interrupt
                0x0000000000005432       0x62 contiki-sky.a(cc2420-arch.o)
                0x0000000000005432                __isr_4
                0x0000000000005432                cc2420_port1_interrupt
 .text.cc2420_arch_init
                0x0000000000005494       0x1a contiki-sky.a(cc2420-arch.o)
                0x0000000000005494                cc2420_arch_init
 .text.uart1_active
                0x00000000000054ae       0x1a contiki-sky.a(uart1.o)
                0x00000000000054ae                uart1_active
 .text.uart1_writeb
                0x00000000000054c8       0x1a contiki-sky.a(uart1.o)
                0x00000000000054c8                uart1_writeb
 .text.uart1_init
                0x00000000000054e2       0xf6 contiki-sky.a(uart1.o)
                0x00000000000054e2                uart1_init
 .text.putchar  0x00000000000055d8       0x10 contiki-sky.a(uart1-putchar.o)
                0x00000000000055d8                putchar
 .text.msp430_init_dco
                0x00000000000055e8       0x84 contiki-sky.a(msp430.o)
                0x00000000000055e8                msp430_init_dco
 .text.msp430_add_lpm_req
                0x000000000000566c        0xc contiki-sky.a(msp430.o)
                0x000000000000566c                msp430_add_lpm_req
 .text.msp430_cpu_init
                0x0000000000005678       0x2a contiki-sky.a(msp430.o)
                0x0000000000005678                msp430_cpu_init
 .text.splhigh_
                0x00000000000056a2        0x8 contiki-sky.a(msp430.o)
                0x00000000000056a2                splhigh_
 .text.msp430_sync_dco
                0x00000000000056aa       0x68 contiki-sky.a(msp430.o)
                0x00000000000056aa                msp430_sync_dco
 .text.timera1  0x0000000000005712      0x11e contiki-sky.a(clock.o)
                0x0000000000005712                __isr_5
                0x0000000000005712                timera1
 .text.clock_time
                0x0000000000005830       0x1a contiki-sky.a(clock.o)
                0x0000000000005830                clock_time
 .text.clock_init
                0x000000000000584a       0x28 contiki-sky.a(clock.o)
                0x000000000000584a                clock_init
 .text.clock_delay
                0x0000000000005872        0xc contiki-sky.a(clock.o)
                0x0000000000005872                clock_delay
 .text.clock_seconds
                0x000000000000587e       0x1a contiki-sky.a(clock.o)
                0x000000000000587e                clock_seconds
 .text.show_leds
                0x0000000000005898       0xf6 contiki-sky.a(leds.o)
 .text.leds_init
                0x000000000000598e        0xa contiki-sky.a(leds.o)
                0x000000000000598e                leds_init
 .text.leds_on  0x0000000000005998        0xa contiki-sky.a(leds.o)
                0x0000000000005998                leds_on
 .text.leds_off
                0x00000000000059a2        0xe contiki-sky.a(leds.o)
                0x00000000000059a2                leds_off
 .text.leds_arch_init
                0x00000000000059b0        0xe contiki-sky.a(leds-arch.o)
                0x00000000000059b0                leds_arch_init
 .text.leds_arch_set
                0x00000000000059be       0x3a contiki-sky.a(leds-arch.o)
                0x00000000000059be                leds_arch_set
 .text.watchdog_interrupt
                0x00000000000059f8        0x6 contiki-sky.a(watchdog.o)
                0x00000000000059f8                __isr_10
                0x00000000000059f8                watchdog_interrupt
 .text.watchdog_start
                0x00000000000059fe       0x14 contiki-sky.a(watchdog.o)
                0x00000000000059fe                watchdog_start
 .text.watchdog_periodic
                0x0000000000005a12       0x12 contiki-sky.a(watchdog.o)
                0x0000000000005a12                watchdog_periodic
 .text.watchdog_stop
                0x0000000000005a24       0x16 contiki-sky.a(watchdog.o)
                0x0000000000005a24                watchdog_stop
 .text.watchdog_init
                0x0000000000005a3a       0x14 contiki-sky.a(watchdog.o)
                0x0000000000005a3a                watchdog_init
 .text.rtimer_arch_init
                0x0000000000005a4e        0xe contiki-sky.a(rtimer-arch.o)
                0x0000000000005a4e                rtimer_arch_init
 .text.rtimer_arch_now
                0x0000000000005a5c        0xe contiki-sky.a(rtimer-arch.o)
                0x0000000000005a5c                rtimer_arch_now
 .text.timera0  0x0000000000005a6a       0x70 contiki-sky.a(rtimer-arch.o)
                0x0000000000005a6a                __isr_6
                0x0000000000005a6a                timera0
 .text.rtimer_arch_schedule
                0x0000000000005ada        0x6 contiki-sky.a(rtimer-arch.o)
                0x0000000000005ada                rtimer_arch_schedule
 .text.autostart_start
                0x0000000000005ae0       0x16 contiki-sky.a(autostart.o)
                0x0000000000005ae0                autostart_start
 .text.energest_init
                0x0000000000005af6       0x28 contiki-sky.a(energest.o)
                0x0000000000005af6                energest_init
 .text.energest_type_time
                0x0000000000005b1e       0x46 contiki-sky.a(energest.o)
                0x0000000000005b1e                energest_type_time
 .text.energest_type_set
                0x0000000000005b64        0xe contiki-sky.a(energest.o)
                0x0000000000005b64                energest_type_set
 .text.energest_flush
                0x0000000000005b72       0x48 contiki-sky.a(energest.o)
                0x0000000000005b72                energest_flush
 .text.process_thread_ctimer_process
                0x0000000000005bba       0xa4 contiki-sky.a(ctimer.o)
 .text.ctimer_init
                0x0000000000005c5e       0x18 contiki-sky.a(ctimer.o)
                0x0000000000005c5e                ctimer_init
 .text.ctimer_set
                0x0000000000005c76       0x50 contiki-sky.a(ctimer.o)
                0x0000000000005c76                ctimer_set
 .text.ctimer_reset
                0x0000000000005cc6       0x30 contiki-sky.a(ctimer.o)
                0x0000000000005cc6                ctimer_reset
 .text.ctimer_stop
                0x0000000000005cf6       0x28 contiki-sky.a(ctimer.o)
                0x0000000000005cf6                ctimer_stop
 .text.update_time
                0x0000000000005d1e       0x78 contiki-sky.a(etimer.o)
 .text.etimer_request_poll
                0x0000000000005d96        0xa contiki-sky.a(etimer.o)
                0x0000000000005d96                etimer_request_poll
 .text.process_thread_etimer_process
                0x0000000000005da0       0xc8 contiki-sky.a(etimer.o)
 .text.add_timer
                0x0000000000005e68       0x40 contiki-sky.a(etimer.o)
 .text.etimer_set
                0x0000000000005ea8       0x12 contiki-sky.a(etimer.o)
                0x0000000000005ea8                etimer_set
 .text.etimer_reset
                0x0000000000005eba       0x12 contiki-sky.a(etimer.o)
                0x0000000000005eba                etimer_reset
 .text.etimer_restart
                0x0000000000005ecc       0x12 contiki-sky.a(etimer.o)
                0x0000000000005ecc                etimer_restart
 .text.etimer_expired
                0x0000000000005ede        0xe contiki-sky.a(etimer.o)
                0x0000000000005ede                etimer_expired
 .text.etimer_expiration_time
                0x0000000000005eec       0x14 contiki-sky.a(etimer.o)
                0x0000000000005eec                etimer_expiration_time
 .text.etimer_pending
                0x0000000000005f00        0xc contiki-sky.a(etimer.o)
                0x0000000000005f00                etimer_pending
 .text.etimer_next_expiration_time
                0x0000000000005f0c       0x16 contiki-sky.a(etimer.o)
                0x0000000000005f0c                etimer_next_expiration_time
 .text.etimer_stop
                0x0000000000005f22       0x3c contiki-sky.a(etimer.o)
                0x0000000000005f22                etimer_stop
 .text.call_process
                0x0000000000005f5e       0x4a contiki-sky.a(process.o)
 .text.exit_process
                0x0000000000005fa8       0x96 contiki-sky.a(process.o)
 .text.do_poll  0x000000000000603e       0x30 contiki-sky.a(process.o)
 .text.process_alloc_event
                0x000000000000606e        0xe contiki-sky.a(process.o)
                0x000000000000606e                process_alloc_event
 .text.process_init
                0x000000000000607c       0x1c contiki-sky.a(process.o)
                0x000000000000607c                process_init
 .text.process_run
                0x0000000000006098       0xa2 contiki-sky.a(process.o)
                0x0000000000006098                process_run
 .text.process_nevents
                0x000000000000613a        0xe contiki-sky.a(process.o)
                0x000000000000613a                process_nevents
 .text.process_post
                0x0000000000006148       0x54 contiki-sky.a(process.o)
                0x0000000000006148                process_post
 .text.process_post_synch
                0x000000000000619c       0x12 contiki-sky.a(process.o)
                0x000000000000619c                process_post_synch
 .text.process_start
                0x00000000000061ae       0x32 contiki-sky.a(process.o)
                0x00000000000061ae                process_start
 .text.process_poll
                0x00000000000061e0       0x18 contiki-sky.a(process.o)
                0x00000000000061e0                process_poll
 .text.rtimer_init
                0x00000000000061f8        0x6 contiki-sky.a(rtimer.o)
                0x00000000000061f8                rtimer_init
 .text.rtimer_set
                0x00000000000061fe       0x24 contiki-sky.a(rtimer.o)
                0x00000000000061fe                rtimer_set
 .text.rtimer_run_next
                0x0000000000006222       0x26 contiki-sky.a(rtimer.o)
                0x0000000000006222                rtimer_run_next
 .text.timer_set
                0x0000000000006248       0x1c contiki-sky.a(timer.o)
                0x0000000000006248                timer_set
 .text.timer_reset
                0x0000000000006264        0xe contiki-sky.a(timer.o)
                0x0000000000006264                timer_reset
 .text.timer_restart
                0x0000000000006272       0x14 contiki-sky.a(timer.o)
                0x0000000000006272                timer_restart
 .text.timer_expired
                0x0000000000006286       0x2a contiki-sky.a(timer.o)
                0x0000000000006286                timer_expired
 .text.list_init
                0x00000000000062b0        0x6 contiki-sky.a(list.o)
                0x00000000000062b0                list_init
 .text.list_head
                0x00000000000062b6        0x4 contiki-sky.a(list.o)
                0x00000000000062b6                list_head
 .text.list_tail
                0x00000000000062ba       0x12 contiki-sky.a(list.o)
                0x00000000000062ba                list_tail
 .text.list_remove
                0x00000000000062cc       0x34 contiki-sky.a(list.o)
                0x00000000000062cc                list_remove
 .text.list_push
                0x0000000000006300       0x1a contiki-sky.a(list.o)
                0x0000000000006300                list_push
 .text.list_add
                0x000000000000631a       0x2a contiki-sky.a(list.o)
                0x000000000000631a                list_add
 .text.list_length
                0x0000000000006344       0x10 contiki-sky.a(list.o)
                0x0000000000006344                list_length
 .text.list_item_next
                0x0000000000006354        0xc contiki-sky.a(list.o)
                0x0000000000006354                list_item_next
 .text.random_init
                0x0000000000006360        0x6 contiki-sky.a(random.o)
                0x0000000000006360                random_init
 .text.random_rand
                0x0000000000006366        0x6 contiki-sky.a(random.o)
                0x0000000000006366                random_rand
 .text.uip_ds6_list_loop
                0x000000000000636c       0x86 contiki-sky.a(uip-ds6.o)
                0x000000000000636c                uip_ds6_list_loop
 .text.uip_ds6_prefix_add
                0x00000000000063f2       0x80 contiki-sky.a(uip-ds6.o)
                0x00000000000063f2                uip_ds6_prefix_add
 .text.uip_ds6_is_addr_onlink
                0x0000000000006472       0x54 contiki-sky.a(uip-ds6.o)
                0x0000000000006472                uip_ds6_is_addr_onlink
 .text.uip_ds6_addr_lookup
                0x00000000000064c6       0x2a contiki-sky.a(uip-ds6.o)
                0x00000000000064c6                uip_ds6_addr_lookup
 .text.uip_ds6_get_link_local
                0x00000000000064f0       0x3e contiki-sky.a(uip-ds6.o)
                0x00000000000064f0                uip_ds6_get_link_local
 .text.uip_ds6_maddr_add
                0x000000000000652e       0x4c contiki-sky.a(uip-ds6.o)
                0x000000000000652e                uip_ds6_maddr_add
 .text.uip_ds6_addr_add
                0x000000000000657a       0xc4 contiki-sky.a(uip-ds6.o)
                0x000000000000657a                uip_ds6_addr_add
 .text.uip_ds6_maddr_lookup
                0x000000000000663e       0x2a contiki-sky.a(uip-ds6.o)
                0x000000000000663e                uip_ds6_maddr_lookup
 .text.uip_ds6_addr_rm
                0x0000000000006668       0x54 contiki-sky.a(uip-ds6.o)
                0x0000000000006668                uip_ds6_addr_rm
 .text.uip_ds6_periodic
                0x00000000000066bc       0x4a contiki-sky.a(uip-ds6.o)
                0x00000000000066bc                uip_ds6_periodic
 .text.uip_ds6_set_addr_iid
                0x0000000000006706       0x14 contiki-sky.a(uip-ds6.o)
                0x0000000000006706                uip_ds6_set_addr_iid
 .text.get_match_length
                0x000000000000671a       0x3e contiki-sky.a(uip-ds6.o)
                0x000000000000671a                get_match_length
 .text.uip_ds6_select_src
                0x0000000000006758       0xaa contiki-sky.a(uip-ds6.o)
                0x0000000000006758                uip_ds6_select_src
 .text.uip_ds6_compute_reachable_time
                0x0000000000006802       0x3e contiki-sky.a(uip-ds6.o)
                0x0000000000006802                uip_ds6_compute_reachable_time
 .text.uip_ds6_init
                0x0000000000006840      0x154 contiki-sky.a(uip-ds6.o)
                0x0000000000006840                uip_ds6_init
 .text.call_route_callback
                0x0000000000006994       0x4c contiki-sky.a(uip-ds6-route.o)
 .text.uip_ds6_route_init
                0x00000000000069e0       0x36 contiki-sky.a(uip-ds6-route.o)
                0x00000000000069e0                uip_ds6_route_init
 .text.uip_ds6_route_nexthop
                0x0000000000006a16       0x1a contiki-sky.a(uip-ds6-route.o)
                0x0000000000006a16                uip_ds6_route_nexthop
 .text.uip_ds6_route_head
                0x0000000000006a30        0xa contiki-sky.a(uip-ds6-route.o)
                0x0000000000006a30                uip_ds6_route_head
 .text.uip_ds6_route_next
                0x0000000000006a3a        0xe contiki-sky.a(uip-ds6-route.o)
                0x0000000000006a3a                uip_ds6_route_next
 .text.uip_ds6_route_lookup
                0x0000000000006a48       0x8c contiki-sky.a(uip-ds6-route.o)
                0x0000000000006a48                uip_ds6_route_lookup
 .text.uip_ds6_route_rm
                0x0000000000006ad4       0xa4 contiki-sky.a(uip-ds6-route.o)
                0x0000000000006ad4                uip_ds6_route_rm
 .text.rm_routelist
                0x0000000000006b78       0x34 contiki-sky.a(uip-ds6-route.o)
 .text.rm_routelist_callback
                0x0000000000006bac        0x6 contiki-sky.a(uip-ds6-route.o)
 .text.uip_ds6_route_add
                0x0000000000006bb2      0x10c contiki-sky.a(uip-ds6-route.o)
                0x0000000000006bb2                uip_ds6_route_add
 .text.uip_ds6_defrt_rm
                0x0000000000006cbe       0x48 contiki-sky.a(uip-ds6-route.o)
                0x0000000000006cbe                uip_ds6_defrt_rm
 .text.uip_ds6_defrt_lookup
                0x0000000000006d06       0x36 contiki-sky.a(uip-ds6-route.o)
                0x0000000000006d06                uip_ds6_defrt_lookup
 .text.uip_ds6_defrt_add
                0x0000000000006d3c       0x74 contiki-sky.a(uip-ds6-route.o)
                0x0000000000006d3c                uip_ds6_defrt_add
 .text.uip_ds6_defrt_choose
                0x0000000000006db0       0x3a contiki-sky.a(uip-ds6-route.o)
                0x0000000000006db0                uip_ds6_defrt_choose
 .text.uip_ds6_defrt_periodic
                0x0000000000006dea       0x38 contiki-sky.a(uip-ds6-route.o)
                0x0000000000006dea                uip_ds6_defrt_periodic
 .text.chksum   0x0000000000006e22       0x32 contiki-sky.a(uip6.o)
 .text.upper_layer_chksum
                0x0000000000006e54       0x56 contiki-sky.a(uip6.o)
 .text.ext_hdr_options_process
                0x0000000000006eaa       0xda contiki-sky.a(uip6.o)
 .text.uip_add32
                0x0000000000006f84       0x68 contiki-sky.a(uip6.o)
                0x0000000000006f84                uip_add32
 .text.unlikely.uip_add_rcv_nxt
                0x0000000000006fec       0x2e contiki-sky.a(uip6.o)
 .text.uip_icmp6chksum
                0x000000000000701a        0xa contiki-sky.a(uip6.o)
                0x000000000000701a                uip_icmp6chksum
 .text.uip_tcpchksum
                0x0000000000007024        0xa contiki-sky.a(uip6.o)
                0x0000000000007024                uip_tcpchksum
 .text.uip_udpchksum
                0x000000000000702e        0xa contiki-sky.a(uip6.o)
                0x000000000000702e                uip_udpchksum
 .text.uip_init
                0x0000000000007038       0x7a contiki-sky.a(uip6.o)
                0x0000000000007038                uip_init
 .text.remove_ext_hdr
                0x00000000000070b2       0x5a contiki-sky.a(uip6.o)
                0x00000000000070b2                remove_ext_hdr
 .text.uip_udp_new
                0x000000000000710c       0xf4 contiki-sky.a(uip6.o)
                0x000000000000710c                uip_udp_new
 .text.uip_unlisten
                0x0000000000007200       0x2a contiki-sky.a(uip6.o)
                0x0000000000007200                uip_unlisten
 .text.uip_process
                0x000000000000722a      0xe9e contiki-sky.a(uip6.o)
                0x000000000000722a                uip_process
 .text.uip_htonl
                0x00000000000080c8       0x2e contiki-sky.a(uip6.o)
                0x00000000000080c8                uip_htonl
 .text.uip_ds6_nbr_rm
                0x00000000000080f6       0x1a contiki-sky.a(uip-ds6-nbr.o)
                0x00000000000080f6                uip_ds6_nbr_rm
 .text.uip_ds6_neighbors_init
                0x0000000000008110        0xe contiki-sky.a(uip-ds6-nbr.o)
                0x0000000000008110                uip_ds6_neighbors_init
 .text.uip_ds6_nbr_add
                0x000000000000811e       0x60 contiki-sky.a(uip-ds6-nbr.o)
                0x000000000000811e                uip_ds6_nbr_add
 .text.uip_ds6_nbr_get_ll
                0x000000000000817e        0xc contiki-sky.a(uip-ds6-nbr.o)
                0x000000000000817e                uip_ds6_nbr_get_ll
 .text.uip_ds6_nbr_lookup
                0x000000000000818a       0x42 contiki-sky.a(uip-ds6-nbr.o)
                0x000000000000818a                uip_ds6_nbr_lookup
 .text.uip_ds6_nbr_ll_lookup
                0x00000000000081cc        0xc contiki-sky.a(uip-ds6-nbr.o)
                0x00000000000081cc                uip_ds6_nbr_ll_lookup
 .text.uip_ds6_nbr_ipaddr_from_lladdr
                0x00000000000081d8        0x6 contiki-sky.a(uip-ds6-nbr.o)
                0x00000000000081d8                uip_ds6_nbr_ipaddr_from_lladdr
 .text.uip_ds6_nbr_lladdr_from_ipaddr
                0x00000000000081de       0x12 contiki-sky.a(uip-ds6-nbr.o)
                0x00000000000081de                uip_ds6_nbr_lladdr_from_ipaddr
 .text.uip_ds6_link_neighbor_callback
                0x00000000000081f0       0x2a contiki-sky.a(uip-ds6-nbr.o)
                0x00000000000081f0                uip_ds6_link_neighbor_callback
 .text.uip_ds6_neighbor_periodic
                0x000000000000821a       0x60 contiki-sky.a(uip-ds6-nbr.o)
                0x000000000000821a                uip_ds6_neighbor_periodic
 .text.uip_nd6_init
                0x000000000000827a        0x2 contiki-sky.a(uip-nd6.o)
                0x000000000000827a                uip_nd6_init
 .text.set_packet_attrs
                0x000000000000827c       0x44 contiki-sky.a(sicslowpan.o)
 .text.addr_context_lookup_by_number
                0x00000000000082c0       0x36 contiki-sky.a(sicslowpan.o)
 .text.compress_addr_64
                0x00000000000082f6       0xae contiki-sky.a(sicslowpan.o)
 .text.uncompress_addr
                0x00000000000083a4       0xb4 contiki-sky.a(sicslowpan.o)
 .text.input    0x0000000000008458      0x65c contiki-sky.a(sicslowpan.o)
 .text.sicslowpan_init
                0x0000000000008ab4       0x26 contiki-sky.a(sicslowpan.o)
                0x0000000000008ab4                sicslowpan_init
 .text.addr_context_lookup_by_prefix
                0x0000000000008ada       0x4c contiki-sky.a(sicslowpan.o)
 .text.send_packet
                0x0000000000008b26       0x1a contiki-sky.a(sicslowpan.o)
 .text.output   0x0000000000008b40      0x6da contiki-sky.a(sicslowpan.o)
 .text.packet_sent
                0x000000000000921a       0x22 contiki-sky.a(sicslowpan.o)
 .text.start_periodic_tcp_timer
                0x000000000000923c       0x16 contiki-sky.a(tcpip.o)
 .text.tcpip_output
                0x0000000000009252       0x10 contiki-sky.a(tcpip.o)
                0x0000000000009252                tcpip_output
 .text.tcpip_set_outputfunc
                0x0000000000009262        0x6 contiki-sky.a(tcpip.o)
                0x0000000000009262                tcpip_set_outputfunc
 .text.udp_new  0x0000000000009268       0x1a contiki-sky.a(tcpip.o)
                0x0000000000009268                udp_new
 .text.tcpip_input
                0x0000000000009282       0x16 contiki-sky.a(tcpip.o)
                0x0000000000009282                tcpip_input
 .text.tcpip_ipv6_output
                0x0000000000009298       0xce contiki-sky.a(tcpip.o)
                0x0000000000009298                tcpip_ipv6_output
 .text.process_thread_tcpip_process
                0x0000000000009366      0x1d0 contiki-sky.a(tcpip.o)
 .text.tcpip_uipcall
                0x0000000000009536       0x72 contiki-sky.a(tcpip.o)
                0x0000000000009536                tcpip_uipcall
 .text.uip_debug_ipaddr_print
                0x00000000000095a8       0x7c contiki-sky.a(uip-debug.o)
                0x00000000000095a8                uip_debug_ipaddr_print
 .text.rpl_verify_header
                0x0000000000009624       0xba contiki-sky.a(rpl-ext-header.)
                0x0000000000009624                rpl_verify_header
 .text.rpl_update_header_empty
                0x00000000000096de      0x126 contiki-sky.a(rpl-ext-header.)
                0x00000000000096de                rpl_update_header_empty
 .text.rpl_update_header_final
                0x0000000000009804       0x94 contiki-sky.a(rpl-ext-header.)
                0x0000000000009804                rpl_update_header_final
 .text.rpl_invert_header
                0x0000000000009898       0x7a contiki-sky.a(rpl-ext-header.)
                0x0000000000009898                rpl_invert_header
 .text.rpl_insert_header
                0x0000000000009912       0x12 contiki-sky.a(rpl-ext-header.)
                0x0000000000009912                rpl_insert_header
 .text.rpl_get_mode
                0x0000000000009924        0x6 contiki-sky.a(rpl.o)
                0x0000000000009924                rpl_get_mode
 .text.rpl_purge_routes
                0x000000000000992a       0x96 contiki-sky.a(rpl.o)
                0x000000000000992a                rpl_purge_routes
 .text.rpl_remove_routes
                0x00000000000099c0       0x22 contiki-sky.a(rpl.o)
                0x00000000000099c0                rpl_remove_routes
 .text.rpl_remove_routes_by_nexthop
                0x00000000000099e2       0x46 contiki-sky.a(rpl.o)
                0x00000000000099e2                rpl_remove_routes_by_nexthop
 .text.rpl_add_route
                0x0000000000009a28       0x44 contiki-sky.a(rpl.o)
                0x0000000000009a28                rpl_add_route
 .text.rpl_link_neighbor_callback
                0x0000000000009a6c       0x7c contiki-sky.a(rpl.o)
                0x0000000000009a6c                rpl_link_neighbor_callback
 .text.rpl_ipv6_neighbor_callback
                0x0000000000009ae8       0x1e contiki-sky.a(rpl.o)
                0x0000000000009ae8                rpl_ipv6_neighbor_callback
 .text.rpl_init
                0x0000000000009b06       0x4a contiki-sky.a(rpl.o)
                0x0000000000009b06                rpl_init
 .text.reset    0x0000000000009b50        0x2 contiki-sky.a(rpl-mrhof.o)
 .text.update_metric_container
                0x0000000000009b52        0x6 contiki-sky.a(rpl-mrhof.o)
 .text.calculate_rank
                0x0000000000009b58       0x3e contiki-sky.a(rpl-mrhof.o)
 .text.best_parent
                0x0000000000009b96       0x74 contiki-sky.a(rpl-mrhof.o)
 .text.neighbor_link_callback
                0x0000000000009c0a       0xa2 contiki-sky.a(rpl-mrhof.o)
 .text.best_dag
                0x0000000000009cac       0x34 contiki-sky.a(rpl-mrhof.o)
 .text.lollipop_greater_than
                0x0000000000009ce0       0x44 contiki-sky.a(rpl-dag.o)
 .text.acceptable_rank
                0x0000000000009d24       0x50 contiki-sky.a(rpl-dag.o)
 .text.find_parent_any_dag_any_instance
                0x0000000000009d74       0x14 contiki-sky.a(rpl-dag.o)
 .text.rpl_set_preferred_parent
                0x0000000000009d88       0x30 contiki-sky.a(rpl-dag.o)
 .text.set_ip_from_prefix
                0x0000000000009db8       0x38 contiki-sky.a(rpl-dag.o)
 .text.check_prefix
                0x0000000000009df0       0x80 contiki-sky.a(rpl-dag.o)
 .text.rpl_get_nbr
                0x0000000000009e70       0x1e contiki-sky.a(rpl-dag.o)
                0x0000000000009e70                rpl_get_nbr
 .text.rpl_dag_init
                0x0000000000009e8e        0xe contiki-sky.a(rpl-dag.o)
                0x0000000000009e8e                rpl_dag_init
 .text.rpl_get_parent
                0x0000000000009e9c        0xc contiki-sky.a(rpl-dag.o)
                0x0000000000009e9c                rpl_get_parent
 .text.rpl_get_parent_ipaddr
                0x0000000000009ea8       0x10 contiki-sky.a(rpl-dag.o)
                0x0000000000009ea8                rpl_get_parent_ipaddr
 .text.rpl_set_prefix
                0x0000000000009eb8       0x8e contiki-sky.a(rpl-dag.o)
                0x0000000000009eb8                rpl_set_prefix
 .text.rpl_set_default_route
                0x0000000000009f46       0x5a contiki-sky.a(rpl-dag.o)
                0x0000000000009f46                rpl_set_default_route
 .text.rpl_alloc_instance
                0x0000000000009fa0       0x34 contiki-sky.a(rpl-dag.o)
                0x0000000000009fa0                rpl_alloc_instance
 .text.rpl_add_parent
                0x0000000000009fd4       0x56 contiki-sky.a(rpl-dag.o)
                0x0000000000009fd4                rpl_add_parent
 .text.rpl_find_parent
                0x000000000000a02a       0x1a contiki-sky.a(rpl-dag.o)
                0x000000000000a02a                rpl_find_parent
 .text.rpl_find_parent_any_dag
                0x000000000000a044       0x22 contiki-sky.a(rpl-dag.o)
                0x000000000000a044                rpl_find_parent_any_dag
 .text.rpl_select_parent
                0x000000000000a066       0x7e contiki-sky.a(rpl-dag.o)
                0x000000000000a066                rpl_select_parent
 .text.rpl_select_dag
                0x000000000000a0e4      0x182 contiki-sky.a(rpl-dag.o)
                0x000000000000a0e4                rpl_select_dag
 .text.rpl_nullify_parent
                0x000000000000a266       0x54 contiki-sky.a(rpl-dag.o)
                0x000000000000a266                rpl_nullify_parent
 .text.rpl_remove_parent
                0x000000000000a2ba       0x16 contiki-sky.a(rpl-dag.o)
                0x000000000000a2ba                rpl_remove_parent
 .text.nbr_callback
                0x000000000000a2d0        0x6 contiki-sky.a(rpl-dag.o)
 .text.remove_parents.constprop.2
                0x000000000000a2d6       0x32 contiki-sky.a(rpl-dag.o)
 .text.rpl_free_dag
                0x000000000000a308       0x36 contiki-sky.a(rpl-dag.o)
                0x000000000000a308                rpl_free_dag
 .text.rpl_move_parent
                0x000000000000a33e       0x5a contiki-sky.a(rpl-dag.o)
                0x000000000000a33e                rpl_move_parent
 .text.rpl_get_any_dag
                0x000000000000a398       0x18 contiki-sky.a(rpl-dag.o)
                0x000000000000a398                rpl_get_any_dag
 .text.rpl_get_instance
                0x000000000000a3b0       0x1a contiki-sky.a(rpl-dag.o)
                0x000000000000a3b0                rpl_get_instance
 .text.rpl_alloc_dag
                0x000000000000a3ca       0x60 contiki-sky.a(rpl-dag.o)
                0x000000000000a3ca                rpl_alloc_dag
 .text.rpl_repair_root
                0x000000000000a42a       0x50 contiki-sky.a(rpl-dag.o)
                0x000000000000a42a                rpl_repair_root
 .text.rpl_set_root
                0x000000000000a47a      0x136 contiki-sky.a(rpl-dag.o)
                0x000000000000a47a                rpl_set_root
 .text.rpl_find_of
                0x000000000000a5b0       0x10 contiki-sky.a(rpl-dag.o)
                0x000000000000a5b0                rpl_find_of
 .text.rpl_join_instance
                0x000000000000a5c0      0x13c contiki-sky.a(rpl-dag.o)
                0x000000000000a5c0                rpl_join_instance
 .text.rpl_local_repair
                0x000000000000a6fc       0x7c contiki-sky.a(rpl-dag.o)
                0x000000000000a6fc                rpl_local_repair
 .text.rpl_process_parent_event
                0x000000000000a778       0x4e contiki-sky.a(rpl-dag.o)
                0x000000000000a778                rpl_process_parent_event
 .text.rpl_recalculate_ranks
                0x000000000000a7c6       0x48 contiki-sky.a(rpl-dag.o)
                0x000000000000a7c6                rpl_recalculate_ranks
 .text.rpl_add_dag
                0x000000000000a80e      0x112 contiki-sky.a(rpl-dag.o)
                0x000000000000a80e                rpl_add_dag
 .text.rpl_process_dio
                0x000000000000a920      0x2e2 contiki-sky.a(rpl-dag.o)
                0x000000000000a920                rpl_process_dio
 .text.rpl_lock_parent
                0x000000000000ac02        0xc contiki-sky.a(rpl-dag.o)
                0x000000000000ac02                rpl_lock_parent
 .text.parse    0x000000000000ac0e       0xa0 contiki-sky.a(framer-802154.o)
 .text.create_frame.isra.0
                0x000000000000acae      0x108 contiki-sky.a(framer-802154.o)
 .text.create   0x000000000000adb6        0x8 contiki-sky.a(framer-802154.o)
 .text.hdr_length
                0x000000000000adbe        0x8 contiki-sky.a(framer-802154.o)
 .text.field_len
                0x000000000000adc6       0x98 contiki-sky.a(frame802154.o)
 .text.frame802154_hdrlen
                0x000000000000ae5e       0x2e contiki-sky.a(frame802154.o)
                0x000000000000ae5e                frame802154_hdrlen
 .text.frame802154_create
                0x000000000000ae8c      0x146 contiki-sky.a(frame802154.o)
                0x000000000000ae8c                frame802154_create
 .text.frame802154_parse
                0x000000000000afd2      0x1da contiki-sky.a(frame802154.o)
                0x000000000000afd2                frame802154_parse
 .text.input_packet
                0x000000000000b1ac        0x6 contiki-sky.a(csma.o)
 .text.on       0x000000000000b1b2        0x6 contiki-sky.a(csma.o)
 .text.off      0x000000000000b1b8        0x6 contiki-sky.a(csma.o)
 .text.channel_check_interval
                0x000000000000b1be       0x10 contiki-sky.a(csma.o)
 .text.transmit_packet_list
                0x000000000000b1ce       0x24 contiki-sky.a(csma.o)
 .text.send_packet
                0x000000000000b1f2      0x17a contiki-sky.a(csma.o)
 .text.init     0x000000000000b36c       0x1a contiki-sky.a(csma.o)
 .text.free_packet
                0x000000000000b386       0x9c contiki-sky.a(csma.o)
 .text.packet_sent
                0x000000000000b422      0x130 contiki-sky.a(csma.o)
 .text.framer_canonical_create_and_secure
                0x000000000000b552       0x20 contiki-sky.a(framer.o)
                0x000000000000b552                framer_canonical_create_and_secure
 .text.queuebuf_init
                0x000000000000b572       0x12 contiki-sky.a(queuebuf.o)
                0x000000000000b572                queuebuf_init
 .text.queuebuf_numfree
                0x000000000000b584        0xa contiki-sky.a(queuebuf.o)
                0x000000000000b584                queuebuf_numfree
 .text.queuebuf_new_from_packetbuf
                0x000000000000b58e       0x52 contiki-sky.a(queuebuf.o)
                0x000000000000b58e                queuebuf_new_from_packetbuf
 .text.queuebuf_update_attr_from_packetbuf
                0x000000000000b5e0       0x12 contiki-sky.a(queuebuf.o)
                0x000000000000b5e0                queuebuf_update_attr_from_packetbuf
 .text.queuebuf_update_from_packetbuf
                0x000000000000b5f2       0x22 contiki-sky.a(queuebuf.o)
                0x000000000000b5f2                queuebuf_update_from_packetbuf
 .text.queuebuf_free
                0x000000000000b614       0x2a contiki-sky.a(queuebuf.o)
                0x000000000000b614                queuebuf_free
 .text.queuebuf_to_packetbuf
                0x000000000000b63e       0x32 contiki-sky.a(queuebuf.o)
                0x000000000000b63e                queuebuf_to_packetbuf
 .text.queuebuf_attr
                0x000000000000b670        0xe contiki-sky.a(queuebuf.o)
                0x000000000000b670                queuebuf_attr
 .text.index_from_key
                0x000000000000b67e       0x48 contiki-sky.a(nbr-table.o)
 .text.item_from_key
                0x000000000000b6c6       0x34 contiki-sky.a(nbr-table.o)
 .text.nbr_set_bit
                0x000000000000b6fa       0x8e contiki-sky.a(nbr-table.o)
 .text.index_from_lladdr
                0x000000000000b788       0x42 contiki-sky.a(nbr-table.o)
 .text.nbr_get_bit.constprop.0
                0x000000000000b7ca       0x62 contiki-sky.a(nbr-table.o)
 .text.nbr_table_register
                0x000000000000b82c       0x28 contiki-sky.a(nbr-table.o)
                0x000000000000b82c                nbr_table_register
 .text.nbr_table_next
                0x000000000000b854       0x90 contiki-sky.a(nbr-table.o)
                0x000000000000b854                nbr_table_next
 .text.nbr_table_head
                0x000000000000b8e4       0x36 contiki-sky.a(nbr-table.o)
                0x000000000000b8e4                nbr_table_head
 .text.nbr_table_add_lladdr
                0x000000000000b91a      0x144 contiki-sky.a(nbr-table.o)
                0x000000000000b91a                nbr_table_add_lladdr
 .text.nbr_table_get_from_lladdr
                0x000000000000ba5e       0x48 contiki-sky.a(nbr-table.o)
                0x000000000000ba5e                nbr_table_get_from_lladdr
 .text.nbr_table_remove
                0x000000000000baa6       0x32 contiki-sky.a(nbr-table.o)
                0x000000000000baa6                nbr_table_remove
 .text.nbr_table_lock
                0x000000000000bad8       0x10 contiki-sky.a(nbr-table.o)
                0x000000000000bad8                nbr_table_lock
 .text.nbr_table_unlock
                0x000000000000bae8       0x10 contiki-sky.a(nbr-table.o)
                0x000000000000bae8                nbr_table_unlock
 .text.nbr_table_get_lladdr
                0x000000000000baf8       0x5a contiki-sky.a(nbr-table.o)
                0x000000000000baf8                nbr_table_get_lladdr
 .text.packetbuf_compact
                0x000000000000bb52       0x2e contiki-sky.a(packetbuf.o)
                0x000000000000bb52                packetbuf_compact
 .text.packetbuf_copyto
                0x000000000000bb80       0x52 contiki-sky.a(packetbuf.o)
                0x000000000000bb80                packetbuf_copyto
 .text.packetbuf_hdrreduce
                0x000000000000bbd2       0x1a contiki-sky.a(packetbuf.o)
                0x000000000000bbd2                packetbuf_hdrreduce
 .text.packetbuf_set_datalen
                0x000000000000bbec        0x6 contiki-sky.a(packetbuf.o)
                0x000000000000bbec                packetbuf_set_datalen
 .text.packetbuf_dataptr
                0x000000000000bbf2        0xe contiki-sky.a(packetbuf.o)
                0x000000000000bbf2                packetbuf_dataptr
 .text.packetbuf_hdrptr
                0x000000000000bc00        0xa contiki-sky.a(packetbuf.o)
                0x000000000000bc00                packetbuf_hdrptr
 .text.packetbuf_datalen
                0x000000000000bc0a        0x6 contiki-sky.a(packetbuf.o)
                0x000000000000bc0a                packetbuf_datalen
 .text.packetbuf_hdrlen
                0x000000000000bc10       0x10 contiki-sky.a(packetbuf.o)
                0x000000000000bc10                packetbuf_hdrlen
 .text.packetbuf_totlen
                0x000000000000bc20        0xc contiki-sky.a(packetbuf.o)
                0x000000000000bc20                packetbuf_totlen
 .text.packetbuf_hdralloc
                0x000000000000bc2c       0x2e contiki-sky.a(packetbuf.o)
                0x000000000000bc2c                packetbuf_hdralloc
 .text.packetbuf_attr_clear
                0x000000000000bc5a       0x28 contiki-sky.a(packetbuf.o)
                0x000000000000bc5a                packetbuf_attr_clear
 .text.packetbuf_clear
                0x000000000000bc82       0x1a contiki-sky.a(packetbuf.o)
                0x000000000000bc82                packetbuf_clear
 .text.packetbuf_copyfrom
                0x000000000000bc9c       0x2e contiki-sky.a(packetbuf.o)
                0x000000000000bc9c                packetbuf_copyfrom
 .text.packetbuf_attr_copyto
                0x000000000000bcca       0x22 contiki-sky.a(packetbuf.o)
                0x000000000000bcca                packetbuf_attr_copyto
 .text.packetbuf_attr_copyfrom
                0x000000000000bcec       0x24 contiki-sky.a(packetbuf.o)
                0x000000000000bcec                packetbuf_attr_copyfrom
 .text.packetbuf_holds_broadcast
                0x000000000000bd10        0xe contiki-sky.a(packetbuf.o)
                0x000000000000bd10                packetbuf_holds_broadcast
 .text.linkaddr_copy
                0x000000000000bd1e        0x8 contiki-sky.a(linkaddr.o)
                0x000000000000bd1e                linkaddr_copy
 .text.linkaddr_cmp
                0x000000000000bd26       0x12 contiki-sky.a(linkaddr.o)
                0x000000000000bd26                linkaddr_cmp
 .text.linkaddr_set_node_addr
                0x000000000000bd38        0xc contiki-sky.a(linkaddr.o)
                0x000000000000bd38                linkaddr_set_node_addr
 .text.duty_cycle
                0x000000000000bd44        0x6 contiki-sky.a(contikimac.o)
 .text.init     0x000000000000bd4a       0x2a contiki-sky.a(contikimac.o)
 .text.on       0x000000000000bd74       0x1a contiki-sky.a(contikimac.o)
 .text.off      0x000000000000bd8e       0x22 contiki-sky.a(contikimac.o)
 .text.recv_burst_off
                0x000000000000bdb0        0xa contiki-sky.a(contikimac.o)
 .text.turn_off
                0x000000000000bdba       0x20 contiki-sky.a(contikimac.o)
 .text.turn_on  0x000000000000bdda       0x30 contiki-sky.a(contikimac.o)
 .text.schedule_powercycle_fixed.part.4
                0x000000000000be0a       0x36 contiki-sky.a(contikimac.o)
 .text.powercycle_turn_radio_off
                0x000000000000be40       0x30 contiki-sky.a(contikimac.o)
 .text.powercycle
                0x000000000000be70      0x1d2 contiki-sky.a(contikimac.o)
 .text.input_packet
                0x000000000000c042       0x9e contiki-sky.a(contikimac.o)
 .text.send_packet.isra.7
                0x000000000000c0e0      0x1ec contiki-sky.a(contikimac.o)
 .text.qsend_list
                0x000000000000c2cc       0xc4 contiki-sky.a(contikimac.o)
 .text.qsend_packet
                0x000000000000c390       0x28 contiki-sky.a(contikimac.o)
 .text.bootstrap
                0x000000000000c3b8        0x4 contiki-sky.a(nullsec.o)
 .text.send     0x000000000000c3bc        0xa contiki-sky.a(nullsec.o)
 .text.on_frame_created
                0x000000000000c3c6        0x4 contiki-sky.a(nullsec.o)
 .text.input    0x000000000000c3ca        0x6 contiki-sky.a(nullsec.o)
 .text.get_overhead
                0x000000000000c3d0        0x4 contiki-sky.a(nullsec.o)
 .text.value    0x000000000000c3d4        0xa contiki-sky.a(wur.o)
 .text.status   0x000000000000c3de       0x16 contiki-sky.a(wur.o)
 .text.configure
                0x000000000000c3f4       0x46 contiki-sky.a(wur.o)
 .text.irq_p2   0x000000000000c43a       0x7c contiki-sky.a(wur.o)
                0x000000000000c43a                irq_p2
                0x000000000000c43a                __isr_1
 .text.spi_init
                0x000000000000c4b6       0x32 contiki-sky.a(spi.o)
                0x000000000000c4b6                spi_init
 .text.stimer_set
                0x000000000000c4e8       0x1c contiki-sky.a(stimer.o)
                0x000000000000c4e8                stimer_set
 .text.stimer_expired
                0x000000000000c504       0x30 contiki-sky.a(stimer.o)
                0x000000000000c504                stimer_expired
 .text.compower_accumulate
                0x000000000000c534       0x72 contiki-sky.a(compower.o)
                0x000000000000c534                compower_accumulate
 .text.compower_clear
                0x000000000000c5a6       0x12 contiki-sky.a(compower.o)
                0x000000000000c5a6                compower_clear
 .text.compower_attrconv
                0x000000000000c5b8       0x10 contiki-sky.a(compower.o)
                0x000000000000c5b8                compower_attrconv
 .text.memb_init
                0x000000000000c5c8       0x36 contiki-sky.a(memb.o)
                0x000000000000c5c8                memb_init
 .text.memb_alloc
                0x000000000000c5fe       0x3e contiki-sky.a(memb.o)
                0x000000000000c5fe                memb_alloc
 .text.memb_free
                0x000000000000c63c       0x3a contiki-sky.a(memb.o)
                0x000000000000c63c                memb_free
 .text.memb_inmemb
                0x000000000000c676       0x2e contiki-sky.a(memb.o)
                0x000000000000c676                memb_inmemb
 .text.memb_numfree
                0x000000000000c6a4       0x26 contiki-sky.a(memb.o)
                0x000000000000c6a4                memb_numfree
 .text.echo_reply_input
                0x000000000000c6ca      0x112 contiki-sky.a(uip-icmp6.o)
 .text.echo_request_input
                0x000000000000c7dc      0x12c contiki-sky.a(uip-icmp6.o)
 .text.uip_icmp6_input
                0x000000000000c908       0x44 contiki-sky.a(uip-icmp6.o)
                0x000000000000c908                uip_icmp6_input
 .text.uip_icmp6_register_input_handler
                0x000000000000c94c        0xc contiki-sky.a(uip-icmp6.o)
                0x000000000000c94c                uip_icmp6_register_input_handler
 .text.uip_icmp6_error_output
                0x000000000000c958      0x17a contiki-sky.a(uip-icmp6.o)
                0x000000000000c958                uip_icmp6_error_output
 .text.uip_icmp6_send
                0x000000000000cad2       0x96 contiki-sky.a(uip-icmp6.o)
                0x000000000000cad2                uip_icmp6_send
 .text.uip_icmp6_init
                0x000000000000cb68       0x12 contiki-sky.a(uip-icmp6.o)
                0x000000000000cb68                uip_icmp6_init
 .text.get32    0x000000000000cb7a       0x46 contiki-sky.a(rpl-icmp6.o)
 .text.set32    0x000000000000cbc0       0x2a contiki-sky.a(rpl-icmp6.o)
 .text.get16    0x000000000000cbea        0xe contiki-sky.a(rpl-icmp6.o)
 .text.set16    0x000000000000cbf8       0x10 contiki-sky.a(rpl-icmp6.o)
 .text.dao_ack_input
                0x000000000000cc08        0x6 contiki-sky.a(rpl-icmp6.o)
 .text.dio_input
                0x000000000000cc0e      0x2d2 contiki-sky.a(rpl-icmp6.o)
 .text.dis_output
                0x000000000000cee0       0x50 contiki-sky.a(rpl-icmp6.o)
                0x000000000000cee0                dis_output
 .text.dio_output
                0x000000000000cf30      0x268 contiki-sky.a(rpl-icmp6.o)
                0x000000000000cf30                dio_output
 .text.dis_input
                0x000000000000d198       0x28 contiki-sky.a(rpl-icmp6.o)
 .text.dao_output_target
                0x000000000000d1c0       0xea contiki-sky.a(rpl-icmp6.o)
                0x000000000000d1c0                dao_output_target
 .text.dao_output
                0x000000000000d2aa       0x80 contiki-sky.a(rpl-icmp6.o)
                0x000000000000d2aa                dao_output
 .text.dao_ack_output
                0x000000000000d32a       0x32 contiki-sky.a(rpl-icmp6.o)
                0x000000000000d32a                dao_ack_output
 .text.dao_input
                0x000000000000d35c      0x2a8 contiki-sky.a(rpl-icmp6.o)
 .text.rpl_icmp6_register_handlers
                0x000000000000d604       0x22 contiki-sky.a(rpl-icmp6.o)
                0x000000000000d604                rpl_icmp6_register_handlers
 .text.new_dio_interval
                0x000000000000d626       0x92 contiki-sky.a(rpl-timers.o)
 .text.handle_periodic_timer
                0x000000000000d6b8       0x2e contiki-sky.a(rpl-timers.o)
 .text.set_dao_lifetime_timer
                0x000000000000d6e6       0x52 contiki-sky.a(rpl-timers.o)
 .text.schedule_dao
                0x000000000000d738       0x82 contiki-sky.a(rpl-timers.o)
 .text.handle_dio_timer
                0x000000000000d7ba       0x88 contiki-sky.a(rpl-timers.o)
 .text.handle_dao_timer
                0x000000000000d842       0x64 contiki-sky.a(rpl-timers.o)
 .text.rpl_reset_periodic_timer
                0x000000000000d8a6       0x60 contiki-sky.a(rpl-timers.o)
                0x000000000000d8a6                rpl_reset_periodic_timer
 .text.rpl_reset_dio_timer
                0x000000000000d906       0x18 contiki-sky.a(rpl-timers.o)
                0x000000000000d906                rpl_reset_dio_timer
 .text.rpl_schedule_dao
                0x000000000000d91e        0xc contiki-sky.a(rpl-timers.o)
                0x000000000000d91e                rpl_schedule_dao
 .text.rpl_schedule_probing
                0x000000000000d92a       0x3c contiki-sky.a(rpl-timers.o)
                0x000000000000d92a                rpl_schedule_probing
 .text.handle_probing_timer
                0x000000000000d966      0x124 contiki-sky.a(rpl-timers.o)
 .text.mac_sequence_is_duplicate
                0x000000000000da8a       0x44 contiki-sky.a(mac-sequence.o)
                0x000000000000da8a                mac_sequence_is_duplicate
 .text.mac_sequence_register_seqno
                0x000000000000dace       0x76 contiki-sky.a(mac-sequence.o)
                0x000000000000dace                mac_sequence_register_seqno
 .text.mac_call_sent_callback
                0x000000000000db44       0x14 contiki-sky.a(mac.o)
                0x000000000000db44                mac_call_sent_callback
 .text.libgcc   0x000000000000db58       0x2c /usr/lib/gcc/msp430/4.6.3/mmpy-16/libgcc.a(_mulsi3.o)
                0x000000000000db58                __mulsi3
 .text.libgcc   0x000000000000db84       0x22 /usr/lib/gcc/msp430/4.6.3/mmpy-16/libgcc.a(_udivmod16.o)
                0x000000000000db84                __udivhi3
                0x000000000000db84                __ext_udivmod16
                0x000000000000db9e                __umodhi3
 .text.libgcc   0x000000000000dba6       0x3a /usr/lib/gcc/msp430/4.6.3/mmpy-16/libgcc.a(_divmod16.o)
                0x000000000000dba6                __ext_divmod16
                0x000000000000dba6                __divhi3
                0x000000000000dbd8                __modhi3
 .text.libgcc   0x000000000000dbe0       0x40 /usr/lib/gcc/msp430/4.6.3/mmpy-16/libgcc.a(_udivmod32.o)
                0x000000000000dbe0                __udivsi3
                0x000000000000dbe0                __ext_udivmod32
                0x000000000000dc16                __umodsi3
 .text          0x000000000000dc20       0x20 /usr/lib/gcc/msp430/4.6.3/../../../../msp430/lib/mmpy-16/libc.a(memcmp.o)
                0x000000000000dc20                memcmp
 .text          0x000000000000dc40       0xfa /usr/lib/gcc/msp430/4.6.3/../../../../msp430/lib/mmpy-16/libc.a(memcpy.o)
                0x000000000000dc40                memcpy
 .text          0x000000000000dd3a       0xfa /usr/lib/gcc/msp430/4.6.3/../../../../msp430/lib/mmpy-16/libc.a(memmove.o)
                0x000000000000dd3a                memmove
 .text          0x000000000000de34       0x6a /usr/lib/gcc/msp430/4.6.3/../../../../msp430/lib/mmpy-16/libc.a(memset.o)
                0x000000000000de34                memset
 .text          0x000000000000de9e       0x1e /usr/lib/gcc/msp430/4.6.3/../../../../msp430/lib/mmpy-16/libc.a(printf.o)
                0x000000000000de9e                printf
                0x000000000000deae                vprintf
 .text          0x000000000000debc      0x836 /usr/lib/gcc/msp430/4.6.3/../../../../msp430/lib/mmpy-16/libc.a(vuprintf.o)
                0x000000000000e054                vuprintf
 .text          0x000000000000e6f2       0x2c /usr/lib/gcc/msp430/4.6.3/../../../../msp430/lib/mmpy-16/libc.a(puts.o)
                0x000000000000e6f2                puts
 .text          0x000000000000e71e       0x54 /usr/lib/gcc/msp430/4.6.3/../../../../msp430/lib/mmpy-16/libc.a(rand.o)
                0x000000000000e71e                rand_r
                0x000000000000e742                rand
                0x000000000000e768                srand
 .text.libgcc   0x000000000000e772       0xf0 /usr/lib/gcc/msp430/4.6.3/mmpy-16/libgcc.a(_udivmod64.o)
                0x000000000000e772                __xabi_udivmod64
                0x000000000000e7d0                __udivdi3
                0x000000000000e7f6                __umoddi3
                0x000000000000e824                __udivmoddi4
 .text.crt0     0x000000000000e862        0x2 /usr/lib/gcc/msp430/4.6.3/mmpy-16/libcrt0.a(_unexpected_.o)
                0x000000000000e862                _unexpected_
                0x000000000000e864                . = ALIGN (0x2)

.rodata         0x000000000000e864      0x3b6
                0x000000000000e864                . = ALIGN (0x2)
 *(.rodata .rodata.* .gnu.linkonce.r.*)
 .rodata        0x000000000000e864      0x126 udp-server.co
                0x000000000000e972                autostart_processes
 .rodata        0x000000000000e98a      0x124 obj_sky/contiki-sky-main.o
 .rodata        0x000000000000eaae        0x8 contiki-sky.a(sensors.o)
 .rodata        0x000000000000eab6       0x5a contiki-sky.a(cc2420.o)
                0x000000000000ead2                cc2420_aes_128_driver
                0x000000000000ead6                cc2420_driver
 .rodata        0x000000000000eb10        0xf contiki-sky.a(ctimer.o)
 .rodata        0x000000000000eb1f        0xc contiki-sky.a(etimer.o)
 *fill*         0x000000000000eb2b        0x1 00
 .rodata        0x000000000000eb2c       0x20 contiki-sky.a(uip6.o)
 .rodata        0x000000000000eb4c       0x24 contiki-sky.a(sicslowpan.o)
                0x000000000000eb58                sicslowpan_driver
                0x000000000000eb5e                llprefix
                0x000000000000eb60                unc_mxconf
                0x000000000000eb64                unc_ctxconf
                0x000000000000eb68                unc_llconf
 .rodata        0x000000000000eb70        0xd contiki-sky.a(tcpip.o)
 .rodata        0x000000000000eb7d       0x29 contiki-sky.a(uip-debug.o)
 .rodata        0x000000000000eba6        0x8 contiki-sky.a(framer-802154.o)
                0x000000000000eba6                framer_802154
 .rodata        0x000000000000ebae        0x2 contiki-sky.a(frame802154.o)
 .rodata        0x000000000000ebb0       0x14 contiki-sky.a(csma.o)
                0x000000000000ebb6                csma_driver
 .rodata        0x000000000000ebc4        0x8 contiki-sky.a(linkaddr.o)
                0x000000000000ebc4                linkaddr_null
 .rodata        0x000000000000ebcc       0x1c contiki-sky.a(contikimac.o)
                0x000000000000ebd8                contikimac_driver
 .rodata        0x000000000000ebe8       0x14 contiki-sky.a(nullsec.o)
                0x000000000000ebf0                nullsec_driver
 .rodata        0x000000000000ebfc       0x16 contiki-sky.a(wur.o)
                0x000000000000ec0a                wur_sensor
 .rodata        0x000000000000ec12        0x7 /usr/lib/gcc/msp430/4.6.3/../../../../msp430/lib/mmpy-16/libc.a(vuprintf.o)
                0x000000000000ec1a                . = ALIGN (0x2)
 *fill*         0x000000000000ec19        0x1 00
                0x000000000000ec1a                _etext = .

.data           0x0000000000001100       0xde load address 0x000000000000ec1a
                0x0000000000001100                . = ALIGN (0x2)
                0x0000000000001100                PROVIDE (__data_start, .)
 *(.data .data.* .gnu.linkonce.d.*)
 .data          0x0000000000001100        0xa udp-server.co
                0x0000000000001100                udp_server_process
 .data          0x000000000000110a        0xa contiki-sky.a(sensors.o)
                0x000000000000110a                sensors_process
 .data          0x0000000000001114        0xa contiki-sky.a(cc2420.o)
                0x0000000000001114                cc2420_process
 .data          0x000000000000111e        0x2 contiki-sky.a(msp430.o)
 .data          0x0000000000001120        0xa contiki-sky.a(ctimer.o)
                0x0000000000001120                ctimer_process
 .data          0x000000000000112a        0xa contiki-sky.a(etimer.o)
                0x000000000000112a                etimer_process
 .data          0x0000000000001134       0x20 contiki-sky.a(uip-ds6-route.o)
 .data          0x0000000000001154        0xa contiki-sky.a(uip-ds6-nbr.o)
                0x0000000000001154                ds6_neighbors
 .data          0x000000000000115e        0xa contiki-sky.a(tcpip.o)
                0x000000000000115e                tcpip_process
 .data          0x0000000000001168        0xe contiki-sky.a(rpl-mrhof.o)
                0x0000000000001168                rpl_mrhof
 .data          0x0000000000001176        0xa contiki-sky.a(rpl-dag.o)
                0x0000000000001176                rpl_parents
 .data          0x0000000000001180       0x18 contiki-sky.a(csma.o)
 .data          0x0000000000001198       0x10 contiki-sky.a(queuebuf.o)
 .data          0x00000000000011a8        0x8 contiki-sky.a(nbr-table.o)
 .data          0x00000000000011b0        0x4 contiki-sky.a(wur.o)
                0x00000000000011b0                sensors
 .data          0x00000000000011b4        0xc contiki-sky.a(uip-icmp6.o)
 .data          0x00000000000011c0       0x1a contiki-sky.a(rpl-icmp6.o)
 .data          0x00000000000011da        0x4 /usr/lib/gcc/msp430/4.6.3/../../../../msp430/lib/mmpy-16/libc.a(rand.o)
                0x00000000000011de                . = ALIGN (0x2)
                0x00000000000011de                _edata = .
                0x000000000000ec1a                PROVIDE (__data_load_start, LOADADDR (.data))
                0x00000000000000de                PROVIDE (__data_size, SIZEOF (.data))

.bss            0x00000000000011de     0x191c load address 0x000000000000ecf8
                0x00000000000011de                PROVIDE (__bss_start, .)
 *(.bss .bss.*)
 .bss           0x00000000000011de        0x2 udp-server.co
 .bss           0x00000000000011e0        0xc obj_sky/contiki-sky-main.o
 .bss           0x00000000000011ec        0x2 contiki-sky.a(node-id.o)
                0x00000000000011ec                node_id
 .bss           0x00000000000011ee        0x6 contiki-sky.a(sensors.o)
 .bss           0x00000000000011f4        0x8 contiki-sky.a(cc2420.o)
 .bss           0x00000000000011fc       0x9a contiki-sky.a(uart1.o)
 .bss           0x0000000000001296        0xa contiki-sky.a(clock.o)
 .bss           0x00000000000012a0        0x1 contiki-sky.a(leds.o)
 *fill*         0x00000000000012a1        0x1 00
 .bss           0x00000000000012a2        0x2 contiki-sky.a(watchdog.o)
 .bss           0x00000000000012a4        0x4 contiki-sky.a(ctimer.o)
 .bss           0x00000000000012a8        0x6 contiki-sky.a(etimer.o)
 .bss           0x00000000000012ae       0x42 contiki-sky.a(process.o)
                0x00000000000012ae                process_current
                0x00000000000012b0                process_list
 .bss           0x00000000000012f0        0x2 contiki-sky.a(rtimer.o)
 .bss           0x00000000000012f2       0x18 contiki-sky.a(uip-ds6.o)
 .bss           0x000000000000130a      0x362 contiki-sky.a(uip-ds6-route.o)
 .bss           0x000000000000166c       0x12 contiki-sky.a(uip6.o)
                0x000000000000166c                uip_ext_opt_offset
                0x000000000000166e                uip_ext_len
                0x0000000000001670                uip_ext_bitmap
 .bss           0x000000000000167e      0x2f8 contiki-sky.a(uip-ds6-nbr.o)
 .bss           0x0000000000001976      0x124 contiki-sky.a(sicslowpan.o)
 .bss           0x0000000000001a9a       0x36 contiki-sky.a(tcpip.o)
 .bss           0x0000000000001ad0        0x2 contiki-sky.a(rpl.o)
 .bss           0x0000000000001ad2       0xf0 contiki-sky.a(rpl-dag.o)
 .bss           0x0000000000001bc2        0x2 contiki-sky.a(framer-802154.o)
 .bss           0x0000000000001bc4       0xc4 contiki-sky.a(csma.o)
 .bss           0x0000000000001c88      0x5a0 contiki-sky.a(queuebuf.o)
 .bss           0x0000000000002228      0x118 contiki-sky.a(nbr-table.o)
 .bss           0x0000000000002340       0xb8 contiki-sky.a(packetbuf.o)
 .bss           0x00000000000023f8       0x32 contiki-sky.a(contikimac.o)
 .bss           0x000000000000242a        0x8 contiki-sky.a(compower.o)
 .bss           0x0000000000002432       0x14 contiki-sky.a(uip-icmp6.o)
 .bss           0x0000000000002446       0x18 contiki-sky.a(rpl-timers.o)
 .bss           0x000000000000245e       0xa0 contiki-sky.a(mac-sequence.o)
 *(COMMON)
 COMMON         0x00000000000024fe        0x8 contiki-sky.a(ds2411.o)
                0x00000000000024fe                ds2411_id
 COMMON         0x0000000000002506        0x1 contiki-sky.a(sensors.o)
                0x0000000000002506                sensors_event
 *fill*         0x0000000000002507        0x1 00
 COMMON         0x0000000000002508       0x10 contiki-sky.a(cc2420.o)
                0x0000000000002508                cc2420_last_rssi
                0x000000000000250a                cc2420_sfd_start_time
                0x000000000000250c                cc2420_time_of_departure
                0x000000000000250e                cc2420_time_of_arrival
                0x0000000000002510                cc2420_last_correlation
                0x0000000000002512                cc2420_authority_level_of_sender
                0x0000000000002514                cc2420_sfd_counter
                0x0000000000002516                cc2420_sfd_end_time
 COMMON         0x0000000000002518        0x2 contiki-sky.a(msp430.o)
                0x0000000000002518                msp430_dco_required
 COMMON         0x000000000000251a       0x56 contiki-sky.a(energest.o)
                0x000000000000251a                energest_total_time
                0x000000000000254a                energest_total_count
                0x000000000000254c                energest_current_mode
                0x0000000000002558                energest_current_time
 COMMON         0x0000000000002570        0x1 contiki-sky.a(process.o)
                0x0000000000002570                process_maxevents
 *fill*         0x0000000000002571        0x1 00
 COMMON         0x0000000000002572      0x15c contiki-sky.a(uip-ds6.o)
                0x0000000000002572                uip_ds6_timer_ra
                0x000000000000257a                uip_ds6_if
                0x0000000000002666                uip_ds6_netif_addr_list_offset
                0x0000000000002667                uip_ds6_addr_size
                0x0000000000002668                uip_ds6_prefix_list
                0x00000000000026c2                uip_ds6_timer_periodic
 COMMON         0x00000000000026ce      0x304 contiki-sky.a(uip6.o)
                0x00000000000026ce                uip_len
                0x00000000000026d0                uip_sappdata
                0x00000000000026d2                uip_acc32
                0x00000000000026d6                uip_lladdr
                0x00000000000026de                uip_aligned_buf
                0x00000000000027ce                uip_flags
                0x00000000000027d0                uip_next_hdr
                0x00000000000027d2                uip_udp_conn
                0x00000000000027d4                uip_appdata
                0x00000000000027d6                uip_conn
                0x00000000000027d8                uip_conns
                0x0000000000002888                uip_listenports
                0x0000000000002898                uip_slen
                0x000000000000289a                uip_udp_conns
 COMMON         0x00000000000029d2        0x8 contiki-sky.a(sicslowpan.o)
                0x00000000000029d2                frag_sender
 COMMON         0x00000000000029da        0x1 contiki-sky.a(tcpip.o)
                0x00000000000029da                tcpip_event
 *fill*         0x00000000000029db        0x1 00
 COMMON         0x00000000000029dc       0xde contiki-sky.a(rpl-dag.o)
                0x00000000000029dc                default_instance
                0x00000000000029de                instance_table
 COMMON         0x0000000000002aba       0x2e contiki-sky.a(packetbuf.o)
                0x0000000000002aba                packetbuf_addrs
                0x0000000000002aca                packetbuf_attrs
 COMMON         0x0000000000002ae8        0x8 contiki-sky.a(linkaddr.o)
                0x0000000000002ae8                linkaddr_node_addr
 COMMON         0x0000000000002af0        0x2 contiki-sky.a(wur.o)
                0x0000000000002af0                sensors_flags
 COMMON         0x0000000000002af2        0x8 contiki-sky.a(compower.o)
                0x0000000000002af2                compower_idle_activity
                0x0000000000002afa                . = ALIGN (0x2)
                0x0000000000002afa                PROVIDE (__bss_end, .)
                0x000000000000191c                PROVIDE (__bss_size, SIZEOF (.bss))

.noinit         0x0000000000002afa        0x2 load address 0x000000000000ecf8
                0x0000000000002afa                PROVIDE (__noinit_start, .)
 *(.noinit .noinit.*)
 .noinit.crt0   0x0000000000002afa        0x2 /usr/lib/gcc/msp430/4.6.3/mmpy-16/libcrt0.a(__watchdog_support.o)
                0x0000000000002afa                __wdt_clear_value
                0x0000000000002afc                . = ALIGN (0x2)
                0x0000000000002afc                PROVIDE (__noinit_end, .)
                0x0000000000002afc                . = ALIGN (0x2)
                0x0000000000002afc                _end = .

.infomem        0x0000000000001000        0x0
 *(.infomem)
                0x0000000000001000                . = ALIGN (0x2)
 *(.infomem.*)

.infomemnobits  0x0000000000001000        0x0
 *(.infomemnobits)
                0x0000000000001000                . = ALIGN (0x2)
 *(.infomemnobits.*)

.infoa
 *(.infoa .infoa.*)

.infob
 *(.infob .infob.*)

.infoc
 *(.infoc .infoc.*)

.infod
 *(.infod .infod.*)

.vectors        0x000000000000ffe0       0x20
                0x000000000000ffe0                PROVIDE (__vectors_start, .)
 *(.vectors*)
 .vectors       0x000000000000ffe0       0x20 /usr/lib/gcc/msp430/4.6.3/mmpy-16/crt0ivtbl16.o
                0x000000000000ffe0                __ivtbl_16
                0x0000000000010000                _vectors_end = .

.fartext        0x0000000000000000        0x0
                0x0000000000000000                . = ALIGN (0x2)
 *(.fartext)
                0x0000000000000000                . = ALIGN (0x2)
 *(.fartext.*)
                0x0000000000000000                _efartext = .

.profiler
 *(.profiler)

.stab           0x0000000000000000    0x27cc0
 *(.stab)
 .stab          0x0000000000000000     0x1a58 udp-server.co
 .stab          0x0000000000001a58     0x12b4 obj_sky/contiki-sky-main.o
                                       0x1b0c (size before relaxing)
 .stab          0x0000000000002d0c      0x240 contiki-sky.a(contiki-sky-pla)
                                        0x5a0 (size before relaxing)
 .stab          0x0000000000002f4c      0x624 contiki-sky.a(ds2411.o)
                                        0xb40 (size before relaxing)
 .stab          0x0000000000003570      0xbac contiki-sky.a(xmem.o)
                                        0xf60 (size before relaxing)
 .stab          0x000000000000411c      0x2b8 contiki-sky.a(node-id.o)
                                        0x4e0 (size before relaxing)
 .stab          0x00000000000043d4      0x654 contiki-sky.a(sensors.o)
                                        0xb70 (size before relaxing)
 .stab          0x0000000000004a28     0x25e0 contiki-sky.a(cc2420.o)
                                       0x2cac (size before relaxing)
 .stab          0x0000000000007008      0x63c contiki-sky.a(cc2420-arch.o)
                                       0x1728 (size before relaxing)
 .stab          0x0000000000007644      0x60c contiki-sky.a(uart1.o)
                                        0x960 (size before relaxing)
 .stab          0x0000000000007c50      0x27c contiki-sky.a(uart1-putchar.o)
                                        0x7bc (size before relaxing)
 .stab          0x0000000000007ecc      0x744 contiki-sky.a(msp430.o)
                                        0xa98 (size before relaxing)
 .stab          0x0000000000008610      0x948 contiki-sky.a(clock.o)
                                        0xc9c (size before relaxing)
 .stab          0x0000000000008f58      0x5dc contiki-sky.a(leds.o)
                                        0x828 (size before relaxing)
 .stab          0x0000000000009534      0x3a8 contiki-sky.a(leds-arch.o)
                                        0x6fc (size before relaxing)
 .stab          0x00000000000098dc      0x3fc contiki-sky.a(watchdog.o)
                                        0x750 (size before relaxing)
 .stab          0x0000000000009cd8      0x3cc contiki-sky.a(rtimer-arch.o)
                                        0x720 (size before relaxing)
 .stab          0x000000000000a0a4      0x294 contiki-sky.a(autostart.o)
                                        0x534 (size before relaxing)
 .stab          0x000000000000a338      0x474 contiki-sky.a(energest.o)
                                        0x6fc (size before relaxing)
 .stab          0x000000000000a7ac      0x7a4 contiki-sky.a(ctimer.o)
                                        0xb10 (size before relaxing)
 .stab          0x000000000000af50      0xa38 contiki-sky.a(etimer.o)
                                        0xd08 (size before relaxing)
 .stab          0x000000000000b988      0xb7c contiki-sky.a(process.o)
                                       0x1014 (size before relaxing)
 .stab          0x000000000000c504      0x3d8 contiki-sky.a(rtimer.o)
                                        0x6c0 (size before relaxing)
 .stab          0x000000000000c8dc      0x354 contiki-sky.a(timer.o)
                                        0x594 (size before relaxing)
 .stab          0x000000000000cc30      0x7f8 contiki-sky.a(list.o)
                                        0x804 (size before relaxing)
 .stab          0x000000000000d428      0x228 contiki-sky.a(random.o)
                                        0x624 (size before relaxing)
 .stab          0x000000000000d650     0x1404 contiki-sky.a(uip-ds6.o)
                                       0x1f74 (size before relaxing)
 .stab          0x000000000000ea54     0x1260 contiki-sky.a(uip-ds6-route.o)
                                       0x1de8 (size before relaxing)
 .stab          0x000000000000fcb4     0x2bc8 contiki-sky.a(uip6.o)
                                       0x378c (size before relaxing)
 .stab          0x000000000001287c      0xcd8 contiki-sky.a(uip-ds6-nbr.o)
                                       0x1710 (size before relaxing)
 .stab          0x0000000000013554      0x57c contiki-sky.a(uip-nd6.o)
                                       0x1158 (size before relaxing)
 .stab          0x0000000000013ad0     0x1f74 contiki-sky.a(sicslowpan.o)
                                       0x2ee0 (size before relaxing)
 .stab          0x0000000000015a44     0x1410 contiki-sky.a(tcpip.o)
                                       0x2658 (size before relaxing)
 .stab          0x0000000000016e54      0x444 contiki-sky.a(uip-debug.o)
                                        0xbd0 (size before relaxing)
 .stab          0x0000000000017298      0xa74 contiki-sky.a(rpl-ext-header.)
                                       0x180c (size before relaxing)
 .stab          0x0000000000017d0c      0xa68 contiki-sky.a(rpl.o)
                                       0x17b8 (size before relaxing)
 .stab          0x0000000000018774      0x8ac contiki-sky.a(rpl-mrhof.o)
                                       0x159c (size before relaxing)
 .stab          0x0000000000019020     0x2f10 contiki-sky.a(rpl-dag.o)
                                       0x3c18 (size before relaxing)
 .stab          0x000000000001bf30      0x930 contiki-sky.a(framer-802154.o)
                                        0xf54 (size before relaxing)
 .stab          0x000000000001c860      0x924 contiki-sky.a(frame802154.o)
                                       0x10f8 (size before relaxing)
 .stab          0x000000000001d184     0x1050 contiki-sky.a(csma.o)
                                       0x1590 (size before relaxing)
 .stab          0x000000000001e1d4      0x3fc contiki-sky.a(framer.o)
                                        0xc54 (size before relaxing)
 .stab          0x000000000001e5d0      0xaa4 contiki-sky.a(queuebuf.o)
                                       0x1bb4 (size before relaxing)
 .stab          0x000000000001f074      0xd80 contiki-sky.a(nbr-table.o)
                                       0x1428 (size before relaxing)
 .stab          0x000000000001fdf4      0xdb0 contiki-sky.a(packetbuf.o)
                                       0x1ed8 (size before relaxing)
 .stab          0x0000000000020ba4      0x2c4 contiki-sky.a(linkaddr.o)
                                        0x6c0 (size before relaxing)
 .stab          0x0000000000020e68     0x1830 contiki-sky.a(contikimac.o)
                                       0x22a4 (size before relaxing)
 .stab          0x0000000000022698      0x75c contiki-sky.a(nullsec.o)
                                        0xda4 (size before relaxing)
 .stab          0x0000000000022df4      0x570 contiki-sky.a(wur.o)
                                        0x8dc (size before relaxing)
 .stab          0x0000000000023364      0x204 contiki-sky.a(spi.o)
                                        0x42c (size before relaxing)
 .stab          0x0000000000023568      0x3c0 contiki-sky.a(stimer.o)
                                        0x600 (size before relaxing)
 .stab          0x0000000000023928      0x51c contiki-sky.a(compower.o)
                                        0xd20 (size before relaxing)
 .stab          0x0000000000023e44      0x5c4 contiki-sky.a(memb.o)